HI-TECH Software C Compiler 

Linker command line:

--edf=C:\Program Files (x86)\HI-TECH Software\PICC\9.83\dat\en_msgs.txt -cs \
  -h+PIR_Ceiling_Embed.sym -z -Q16F723A -ol.obj -MPIR_Ceiling_Embed.map -E1 \
  -ACONST=00h-0FFhx16 -ACODE=00h-07FFhx2 -ASTRCODE=00h-0FFFh \
  -AENTRY=00h-0FFhx16 -ASTRING=00h-0FFhx16 -ABANK0=020h-06Fh \
  -ABANK1=0A0h-0EFh -ABANK2=0120h-012Fh \
  -ARAM=020h-06Fh,0A0h-0EFh,0120h-012Fh \
  -AABS1=020h-07Fh,0A0h-0EFh,0120h-012Fh -ACOMMON=070h-07Fh -ASFR0=00h-01Fh \
  -ASFR1=080h-09Fh -ASFR2=0100h-011Fh -ASFR3=0180h-01EFh \
  -preset_vec=00h,intentry=04h,init,end_init -ppowerup=CODE -pfunctab=CODE \
  -ACONFIG=02007h-02008h -pconfig=CONFIG -DCONFIG=2 -AIDLOC=02000h-02003h \
  -pidloc=IDLOC -DIDLOC=2 -DCODE=2 -DSTRCODE=2 -DSTRING=2 -DCONST=2 \
  -DENTRY=2 -k startup.obj PIR_Ceiling_Embed.obj 

Object code version is 3.10

Machine type is 16F723A



                Name                               Link     Load   Length Selector   Space Scale
startup.obj     end_init                             11       11        2        8       0
                reset_vec                             0        0        2        0       0
PIR_Ceiling_Embed.obj
                intentry                              4        4        D        8       0
                config                             2007     2007        2     400E       0
                text229                             F68      F68       48     1ED0       0
                text228                             F61      F61        7     1EC2       0
                text227                             771      771       6F        8       0
                text226                             FB0      FB0       50     1F60       0
                text225                             6FB      6FB       76        8       0
                maintext                             13       13      6E8        8       0
                cstackBANK0                          47       47       10       20       1
                cstackCOMMON                         76       76        6       70       1
                clrtext                             7F6      7F6        8        8       0
                bssBANK1                             A0       A0       2F       A0       1
                bssBANK0                             20       20       27       20       1
                bssCOMMON                            70       70        6       70       1
                cinit                               7E0      7E0       16        8       0
                nvBANK0                              57       57        1       20       1

TOTAL           Name                               Link     Load   Length     Space
        CLASS   CONST          

        CLASS   CODE           
                end_init                             11       11        2         0
                intentry                              4        4        D         0
                reset_vec                             0        0        2         0
                text229                             F68      F68       48         0
                text228                             F61      F61        7         0
                text227                             771      771       6F         0
                text226                             FB0      FB0       50         0
                text225                             6FB      6FB       76         0
                maintext                             13       13      6E8         0
                clrtext                             7F6      7F6        8         0
                cinit                               7E0      7E0       16         0

        CLASS   STRCODE        

        CLASS   ENTRY          

        CLASS   STRING         

        CLASS   BANK0          
                cstackBANK0                          47       47       10         1
                bssBANK0                             20       20       27         1
                nvBANK0                              57       57        1         1

        CLASS   BANK1          
                bssBANK1                             A0       A0       2F         1

        CLASS   BANK2          

        CLASS   RAM            

        CLASS   ABS1           
                abs_s1                               7E       7E        2         1

        CLASS   COMMON         
                cstackCOMMON                         76       76        6         1
                bssCOMMON                            70       70        6         1

        CLASS   SFR0           

        CLASS   SFR1           

        CLASS   SFR2           

        CLASS   SFR3           

        CLASS   CONFIG         
                config                             2007     2007        2         0

        CLASS   IDLOC          

        CLASS   BANK3          

        CLASS   EEDATA         



SEGMENTS        Name                           Load    Length   Top    Selector   Space  Class     Delta

                reset_vec                      000000  000002  000002         0       0  CODE        2
                intentry                       000004  0007FA  0007FE         8       0  CODE        2
                bssBANK0                       000020  000038  000058        20       1  BANK0       1
                bssCOMMON                      000070  00000C  00007C        70       1  COMMON      1
                bssBANK1                       0000A0  00002F  0000CF        A0       1  BANK1       1
                text228                        000F61  000007  000F68      1EC2       0  CODE        2
                text229                        000F68  000048  000FB0      1ED0       0  CODE        2
                text226                        000FB0  000050  001000      1F60       0  CODE        2
                config                         002007  000002  002009      400E       0  CONFIG      2


UNUSED ADDRESS RANGES

        Name                Unused          Largest block    Delta
        BANK0            0058-006F             18           1
        BANK1            00CF-00EF             21           1
        BANK2            0120-012F             10           1
        CODE             0002-0003              2           2
                         07FE-0F60              2
        COMMON           007C-007D              2           1
        CONST            0002-0003              2           2
                         07FE-0F60            100
        ENTRY            0002-0003              2           2
                         07FE-0F60            100
        IDLOC            2000-2003              4           2
        RAM              0058-006F             18           1
                         00CF-00EF             21
                         0120-012F             10
        SFR0             0000-001F             20           1
        SFR1             0080-009F             20           1
        SFR2             0100-011F             20           1
        SFR3             0180-01EF             70           1
        STRCODE          0002-0003              2           2
                         07FE-0F60            763
        STRING           0002-0003              2           2
                         07FE-0F60            100

                                  Symbol Table

??_ISR                  cstackCOMMON 0076
??_MainT                cstackBANK0  0047
??_MainT_Initial        cstackBANK0  0047
??___awdiv              cstackBANK0  004B
??___lwdiv              cstackBANK0  004B
??_main                 cstackBANK0  0050
?_ISR                   cstackCOMMON 0076
?_MainT                 cstackCOMMON 0076
?_MainT_Initial         cstackCOMMON 0076
?___awdiv               cstackBANK0  0047
?___lwdiv               cstackBANK0  0047
?_main                  cstackCOMMON 0076
_ADCON0                 (abs)        001F
_ADCON1                 (abs)        009F
_ADRES                  (abs)        001E
_ANSELA                 (abs)        0185
_ANSELB                 (abs)        0186
_Buzzer                 bssBANK0     0020
_CDS                    bssBANK0     0021
_GIE                    (abs)        005F
_GO_nDONE               (abs)        00F9
_ISR                    text229      0F68
_LED                    bssBANK0     0022
_Lights2                bssBANK0     0023
_MainT                  text227      0771
_MainT_Initial          text228      0F61
_OSCCON                 (abs)        0090
_PEIE                   (abs)        005E
_PIR                    bssBANK0     0024
_PORTA                  (abs)        0005
_PORTB                  (abs)        0006
_PORTC                  (abs)        0007
_RA4                    (abs)        002C
_RB1                    (abs)        0031
_RB2                    (abs)        0032
_RB3                    (abs)        0033
_RB4                    (abs)        0034
_RB5                    (abs)        0035
_T1CON                  (abs)        0010
_TMR1H                  (abs)        000F
_TMR1IE                 (abs)        0460
_TMR1IF                 (abs)        0060
_TMR1L                  (abs)        000E
_TMain                  nvBANK0      0057
_TRISA                  (abs)        0085
_TRISB                  (abs)        0086
_TRISC                  (abs)        0087
_Temp                   bssCOMMON    0075
_Timer1                 bssBANK0     0025
_VarBuzzer              bssBANK0     003B
_VarCDS                 bssBANK0     002F
_VarLED                 bssBANK0     0040
_VarPIR                 bssBANK1     00A0
_VarTMain               bssBANK0     0026
_VarTemp                bssCOMMON    0070
_VarTimer1              bssBANK0     0044
__Habs1                 abs1         0000
__Hbank0                bank0        0000
__Hbank1                bank1        0000
__Hbank2                bank2        0000
__Hbank3                bank3        0000
__HbssBANK0             bssBANK0     0000
__HbssBANK1             bssBANK1     0000
__HbssCOMMON            bssCOMMON    0000
__Hcinit                cinit        0000
__Hclrtext              clrtext      0000
__Hcode                 code         0000
__Hcommon               common       0000
__Hconfig               config       2009
__HcstackBANK0          cstackBANK0  0000
__HcstackCOMMON         cstackCOMMON 0000
__Heeprom_data          eeprom_data  0000
__Hend_init             end_init     0013
__Hfunctab              functab      0000
__Hidloc                idloc        0000
__Hinit                 init         0011
__Hintentry             intentry     0011
__Hmaintext             maintext     0000
__HnvBANK0              nvBANK0      0000
__Hpowerup              powerup      0000
__Hram                  ram          0000
__Hreset_vec            reset_vec    0002
__Hsfr0                 sfr0         0000
__Hsfr1                 sfr1         0000
__Hsfr2                 sfr2         0000
__Hsfr3                 sfr3         0000
__Hstrings              strings      0000
__Htext                 text         0000
__Labs1                 abs1         0000
__Lbank0                bank0        0000
__Lbank1                bank1        0000
__Lbank2                bank2        0000
__Lbank3                bank3        0000
__LbssBANK0             bssBANK0     0000
__LbssBANK1             bssBANK1     0000
__LbssCOMMON            bssCOMMON    0000
__Lcinit                cinit        0000
__Lclrtext              clrtext      0000
__Lcode                 code         0000
__Lcommon               common       0000
__Lconfig               config       2007
__LcstackBANK0          cstackBANK0  0000
__LcstackCOMMON         cstackCOMMON 0000
__Leeprom_data          eeprom_data  0000
__Lend_init             end_init     0011
__Lfunctab              functab      0000
__Lidloc                idloc        0000
__Lights2               bssBANK0     0035
__Linit                 init         0011
__Lintentry             intentry     0004
__Lmaintext             maintext     0000
__LnvBANK0              nvBANK0      0000
__Lpowerup              powerup      0000
__Lram                  ram          0000
__Lreset_vec            reset_vec    0000
__Lsfr0                 sfr0         0000
__Lsfr1                 sfr1         0000
__Lsfr2                 sfr2         0000
__Lsfr3                 sfr3         0000
__Lstrings              strings      0000
__Ltext                 text         0000
__S0                    (abs)        2009
__S1                    (abs)        00CF
___awdiv                text225      06FB
___awdiv@counter        cstackBANK0  004C
___awdiv@dividend       cstackBANK0  0049
___awdiv@divisor        cstackBANK0  0047
___awdiv@quotient       cstackBANK0  004E
___awdiv@sign           cstackBANK0  004D
___lwdiv                text226      0FB0
___lwdiv@counter        cstackBANK0  004C
___lwdiv@dividend       cstackBANK0  0049
___lwdiv@divisor        cstackBANK0  0047
___lwdiv@quotient       cstackBANK0  004D
__end_of_ISR            text229      0FB0
__end_of_MainT          text227      07E0
__end_of_MainT_Initial  text228      0F68
__end_of___awdiv        text225      0771
__end_of___lwdiv        text226      1000
__end_of_main           maintext     06FB
__pbssBANK0             bssBANK0     0020
__pbssBANK1             bssBANK1     00A0
__pbssCOMMON            bssCOMMON    0070
__pcstackBANK0          cstackBANK0  0047
__pcstackCOMMON         cstackCOMMON 0076
__pintentry             intentry     0004
__pmaintext             maintext     0013
__pnvBANK0              nvBANK0      0057
__ptext225              text225      06FB
__ptext226              text226      0FB0
__ptext227              text227      0771
__ptext228              text228      0F61
__ptext229              text229      0F68
__ptext230              text230      0000
__size_of_ISR           (abs)        0000
__size_of_MainT         (abs)        0000
__size_of_MainT_Initial (abs)        0000
__size_of___awdiv       (abs)        0000
__size_of___lwdiv       (abs)        0000
__size_of_main          (abs)        0000
_exit                   init         0011
_main                   maintext     0013
btemp                   (abs)        007E
clear_ram               clrtext      07F6
end_of_initialization   cinit        07F3
interrupt_function      intentry     0004
intlevel0               functab      0000
intlevel1               functab      0000
intlevel2               functab      0000
intlevel3               functab      0000
intlevel4               functab      0000
intlevel5               functab      0000
main@i                  cstackBANK0  0056
reset_vec               reset_vec    0000
saved_w                 (abs)        007E
start                   init         0011
start_initialization    cinit        07E0
wtemp0                  (abs)        007E
