HI-TECH Software C Compiler 

Linker command line:

--edf=C:\Program Files (x86)\HI-TECH Software\PICC\9.83\dat\en_msgs.txt -cs \
  -h+PIR_Ceiling_Thin_V01-3P(20140215)_V1.1.sym -z -Q16F723A -ol.obj \
  -MPIR_Ceiling_Thin_V01-3P(20140215)_V1.1.map -E1 -ACONST=00h-0FFhx16 \
  -ACODE=00h-07FFhx2 -ASTRCODE=00h-0FFFh -AENTRY=00h-0FFhx16 \
  -ASTRING=00h-0FFhx16 -ABANK0=020h-06Fh -ABANK1=0A0h-0EFh \
  -ABANK2=0120h-012Fh -ARAM=020h-06Fh,0A0h-0EFh,0120h-012Fh \
  -AABS1=020h-07Fh,0A0h-0EFh,0120h-012Fh -ACOMMON=070h-07Fh -ASFR0=00h-01Fh \
  -ASFR1=080h-09Fh -ASFR2=0100h-011Fh -ASFR3=0180h-01EFh \
  -preset_vec=00h,intentry=04h,init,end_init -ppowerup=CODE -pfunctab=CODE \
  -ACONFIG=02007h-02008h -pconfig=CONFIG -DCONFIG=2 -AIDLOC=02000h-02003h \
  -pidloc=IDLOC -DIDLOC=2 -DCODE=2 -DSTRCODE=2 -DSTRING=2 -DCONST=2 \
  -DENTRY=2 -k C:\Users\taianluo\AppData\Local\Temp\s5ss.obj \
  PIR_Ceiling_Thin_V01-3P(20140215)_V1.1.obj 

Object code version is 3.10

Machine type is 16F723A



                Name                               Link     Load   Length Selector   Space Scale
C:\Users\taianluo\AppData\Local\Temp\s5ss.obj
                end_init                             11       11        2        8       0
                reset_vec                             0        0        2        0       0
PIR_Ceiling_Thin_V01-3P(20140215)_V1.1.obj
                intentry                              4        4        D        8       0
                config                             2007     2007        2     400E       0
                text68                               4D       4D       30        8       0
                text67                               7D       7D       2E        8       0
                maintext                             13       13       3A        8       0
                cstackCOMMON                         70       70        8       70       1
                bssCOMMON                            78       78        4       70       1
                cinit                                AB       AB        7        8       0
                nvCOMMON                             7C       7C        1       70       1

TOTAL           Name                               Link     Load   Length     Space
        CLASS   CONST          

        CLASS   CODE           
                end_init                             11       11        2         0
                intentry                              4        4        D         0
                reset_vec                             0        0        2         0
                text68                               4D       4D       30         0
                text67                               7D       7D       2E         0
                maintext                             13       13       3A         0
                cinit                                AB       AB        7         0

        CLASS   STRCODE        

        CLASS   ENTRY          

        CLASS   STRING         

        CLASS   BANK0          

        CLASS   BANK1          

        CLASS   BANK2          

        CLASS   RAM            

        CLASS   ABS1           
                abs_s1                               7E       7E        2         1

        CLASS   COMMON         
                cstackCOMMON                         70       70        8         1
                bssCOMMON                            78       78        4         1
                nvCOMMON                             7C       7C        1         1

        CLASS   SFR0           

        CLASS   SFR1           

        CLASS   SFR2           

        CLASS   SFR3           

        CLASS   CONFIG         
                config                             2007     2007        2         0

        CLASS   IDLOC          

        CLASS   BANK3          

        CLASS   EEDATA         



SEGMENTS        Name                           Load    Length   Top    Selector   Space  Class     Delta

                reset_vec                      000000  000002  000002         0       0  CODE        2
                intentry                       000004  0000AE  0000B2         8       0  CODE        2
                cstackCOMMON                   000070  00000D  00007D        70       1  COMMON      1
                config                         002007  000002  002009      400E       0  CONFIG      2


UNUSED ADDRESS RANGES

        Name                Unused          Largest block    Delta
        BANK0            0020-006F             50           1
        BANK1            00A0-00EF             50           1
        BANK2            0120-012F             10           1
        CODE             0002-0003              2           2
                         00B2-0FFF            74E
        COMMON           007D-007D              1           1
        CONST            0002-0003              2           2
                         00B2-0FFF            100
        ENTRY            0002-0003              2           2
                         00B2-0FFF            100
        IDLOC            2000-2003              4           2
        RAM              0020-006F             50           1
                         00A0-00EF             50
                         0120-012F             10
        SFR0             0000-001F             20           1
        SFR1             0080-009F             20           1
        SFR2             0100-011F             20           1
        SFR3             0180-01EF             70           1
        STRCODE          0002-0003              2           2
                         00B2-0FFF            F4E
        STRING           0002-0003              2           2
                         00B2-0FFF            100

                                  Symbol Table

??_ISR                cstackCOMMON 0070
??_Mcu_Initial        cstackCOMMON 0075
??_main               cstackCOMMON 0076
?_ISR                 cstackCOMMON 0070
?_Mcu_Initial         cstackCOMMON 0070
?_main                cstackCOMMON 0070
_ANSELA               (abs)        0185
_ANSELB               (abs)        0186
_GIE                  (abs)        005F
_ISR                  text68       004D
_Mcu_Initial          text67       007D
_OPTION_REG           (abs)        0081
_OSCCON               (abs)        0090
_PORTA                (abs)        0005
_PORTB                (abs)        0006
_PORTC                (abs)        0007
_RA4                  (abs)        002C
_RA6                  (abs)        002E
_RA7                  (abs)        002F
_TMR0                 (abs)        0001
_TMR0IE               (abs)        005D
_TMR0IF               (abs)        005A
_TRISA                (abs)        0085
_TRISB                (abs)        0086
_TRISC                (abs)        0087
_Tmr0                 nvCOMMON     007C
_VarTmr0              bssCOMMON    0078
__Habs1               abs1         0000
__Hbank0              bank0        0000
__Hbank1              bank1        0000
__Hbank2              bank2        0000
__Hbank3              bank3        0000
__HbssCOMMON          bssCOMMON    0000
__Hcinit              cinit        0000
__Hclrtext            clrtext      0000
__Hcode               code         0000
__Hcommon             common       0000
__Hconfig             config       2009
__HcstackCOMMON       cstackCOMMON 0000
__Heeprom_data        eeprom_data  0000
__Hend_init           end_init     0013
__Hfunctab            functab      0000
__Hidloc              idloc        0000
__Hinit               init         0011
__Hintentry           intentry     0011
__Hmaintext           maintext     0000
__HnvCOMMON           nvCOMMON     0000
__Hpowerup            powerup      0000
__Hram                ram          0000
__Hreset_vec          reset_vec    0002
__Hsfr0               sfr0         0000
__Hsfr1               sfr1         0000
__Hsfr2               sfr2         0000
__Hsfr3               sfr3         0000
__Hstrings            strings      0000
__Htext               text         0000
__Labs1               abs1         0000
__Lbank0              bank0        0000
__Lbank1              bank1        0000
__Lbank2              bank2        0000
__Lbank3              bank3        0000
__LbssCOMMON          bssCOMMON    0000
__Lcinit              cinit        0000
__Lclrtext            clrtext      0000
__Lcode               code         0000
__Lcommon             common       0000
__Lconfig             config       2007
__LcstackCOMMON       cstackCOMMON 0000
__Leeprom_data        eeprom_data  0000
__Lend_init           end_init     0011
__Lfunctab            functab      0000
__Lidloc              idloc        0000
__Linit               init         0011
__Lintentry           intentry     0004
__Lmaintext           maintext     0000
__LnvCOMMON           nvCOMMON     0000
__Lpowerup            powerup      0000
__Lram                ram          0000
__Lreset_vec          reset_vec    0000
__Lsfr0               sfr0         0000
__Lsfr1               sfr1         0000
__Lsfr2               sfr2         0000
__Lsfr3               sfr3         0000
__Lstrings            strings      0000
__Ltext               text         0000
__S0                  (abs)        2009
__S1                  (abs)        007D
__end_of_ISR          text68       007D
__end_of_Mcu_Initial  text67       00AB
__end_of_main         maintext     004D
__pbssCOMMON          bssCOMMON    0078
__pcstackCOMMON       cstackCOMMON 0070
__pintentry           intentry     0004
__pmaintext           maintext     0013
__pnvCOMMON           nvCOMMON     007C
__ptext67             text67       007D
__ptext68             text68       004D
__ptext69             text69       0000
__size_of_ISR         (abs)        0000
__size_of_Mcu_Initial (abs)        0000
__size_of_main        (abs)        0000
_exit                 init         0011
_main                 maintext     0013
btemp                 (abs)        007E
end_of_initialization cinit        00AF
interrupt_function    intentry     0004
intlevel0             functab      0000
intlevel1             functab      0000
intlevel2             functab      0000
intlevel3             functab      0000
intlevel4             functab      0000
intlevel5             functab      0000
reset_vec             reset_vec    0000
saved_w               (abs)        007E
start                 init         0011
start_initialization  cinit        00AB
wtemp0                (abs)        007E
