Microchip MPLAB XC8 Compiler V1.32 ()

Linker command line:

--edf=C:\Program Files (x86)\Microchip\xc8\v1.32\dat\en_msgs.txt -cs \
  -h+Switch_2Key_Dimmer_V1.3.1.2.1.sym \
  --cmf=Switch_2Key_Dimmer_V1.3.1.2.1.cmf -z -Q16F1518 \
  -oC:\Users\taianluo\AppData\Local\Temp\s3mo.6 \
  -MSwitch_2Key_Dimmer_V1.3.1.2.1.map -E1 -ver=XC8 -ASTACK=02165h-0231fh \
  -pstack=STACK -ACONST=00h-0FFhx64 -ACODE=00h-07FFhx8 -ASTRCODE=00h-03FFFh \
  -AENTRY=00h-0FFhx64 -ASTRING=00h-0FFhx64 -ACOMMON=070h-07Fh \
  -ABANK0=020h-06Fh -ABANK1=0A0h-0EFh -ABANK2=0120h-016Fh \
  -ABANK3=01A0h-01EFh -ABANK4=0220h-026Fh -ABANK5=02A0h-02EFh \
  -ABANK6=0320h-036Fh -ABANK7=03A0h-03EFh -ABANK8=0420h-046Fh \
  -ABANK9=04A0h-04EFh -ABANK10=0520h-056Fh -ABANK11=05A0h-05EFh \
  -ABANK12=0620h-064Fh -ABIGRAM=02000h-023EFh \
  -ARAM=020h-06Fh,0A0h-0EFh,0120h-016Fh,01A0h-01EFh,0220h-026Fh,02A0h-02EFh,0320h-036Fh,03A0h-03EFh,0420h-046Fh,04A0h-04EFh,0520h-056Fh,05A0h-05EFh,0620h-064Fh \
  -AABS1=020h-07Fh,0A0h-0EFh,0120h-016Fh,01A0h-01EFh,0220h-026Fh,02A0h-02EFh,0320h-036Fh,03A0h-03EFh,0420h-046Fh,04A0h-04EFh,0520h-056Fh,05A0h-05EFh,0620h-064Fh \
  -ASFR0=00h-01Fh -ASFR1=080h-09Fh -ASFR2=0100h-011Fh -ASFR3=0180h-019Fh \
  -ASFR4=0200h-021Fh -ASFR5=0280h-029Fh -ASFR6=0300h-031Fh \
  -ASFR7=0380h-039Fh -ASFR8=0400h-041Fh -ASFR9=0480h-049Fh \
  -ASFR10=0500h-051Fh -ASFR11=0580h-059Fh -ASFR12=0600h-061Fh \
  -ASFR13=0680h-06EFh -ASFR14=0700h-076Fh -ASFR15=0780h-07EFh \
  -ASFR16=0800h-086Fh -ASFR17=0880h-08EFh -ASFR18=0900h-096Fh \
  -ASFR19=0980h-09EFh -ASFR20=0A00h-0A6Fh -ASFR21=0A80h-0AEFh \
  -ASFR22=0B00h-0B6Fh -ASFR23=0B80h-0BEFh -ASFR24=0C00h-0C6Fh \
  -ASFR25=0C80h-0CEFh -ASFR26=0D00h-0D6Fh -ASFR27=0D80h-0DEFh \
  -ASFR28=0E00h-0E6Fh -ASFR29=0E80h-0EEFh -ASFR30=0F00h-0F6Fh \
  -ASFR31=0F80h-0FEFh -preset_vec=00h,intentry=04h,init,end_init \
  -ppowerup=CODE -pcinit=CODE -pfunctab=CODE -ACONFIG=08007h-08008h \
  -pconfig=CONFIG -DCONFIG=2 -AIDLOC=08000h-08003h -pidloc=IDLOC -DIDLOC=2 \
  -DCODE=2 -DSTRCODE=2 -DSTRING=2 -DCONST=2 -DENTRY=2 -k startup.obj \
  Switch_2Key_Dimmer_V1.3.1.2.1.obj 

Object code version is 3.11

Machine type is 16F1518



                Name                               Link     Load   Length Selector   Space Scale
startup.obj     end_init                             16       16        2        8       0
                reset_vec                             0        0        2        0       0
                config                             8007     8007        2    1000E       0
Switch_2Key_Dimmer_V1.3.1.2.1.obj
                cinit                                18       18       39        8       0
                intentry                              4        4       12        8       0
                text129                            1966     1966        A     32CC       0
                text128                            19B2     19B2        C     3364       0
                text127                            19BE     19BE        C     337C       0
                text126                            1C05     1C05       1A     380A       0
                text125                            1D37     1D37       25     3A6E       0
                text124                              51       51      342        8       0
                text122                            1970     1970        B     32E0       0
                text121                             C1C      C1C       A8     1838       0
                text120                            1BA1     1BA1       19     3742       0
                text119                            1A5B     1A5B       10     34B6       0
                text118                            18E5     18E5        4     31CA       0
                text117                            18E9     18E9        4     31D2       0
                text116                            1D5C     1D5C       26     3AB8       0
                text115                            19CA     19CA        C     3394       0
                text114                            1BBA     1BBA       19     3774       0
                text113                            1C91     1C91       1F     3922       0
                text112                            1DA9     1DA9       2A     3B52       0
                text111                            1EB2     1EB2       30     3D64       0
                text110                            18ED     18ED        4     31DA       0
                text109                            1B06     1B06       15     360C       0
                text108                            1AF2     1AF2       14     35E4       0
                text107                            197B     197B        B     32F6       0
                text106                            192C     192C        8     3258       0
                text105                            1C73     1C73       1E     38E6       0
                text104                            1789     1789       77     2F12       0
                text103                            1ACC     1ACC       13     3598       0
                text102                            1A6B     1A6B       10     34D6       0
                text101                            1A7B     1A7B       10     34F6       0
                text100                            1B30     1B30       16     3660       0
                text99                             1A3D     1A3D        F     347A       0
                text98                             13D1     13D1       61     27A2       0
                text97                             1CD0     1CD0       22     39A0       0
                text96                              CC4      CC4       A9     1988       0
                text95                              95E      95E       87     12BC       0
                text94                             1190     1190       46     2320       0
                text93                             1560     1560       6B     2AC0       0
                text92                              7EC      7EC       14        8       0
                text91                             1A4C     1A4C        F     3498       0
                text90                             1986     1986        B     330C       0
                text89                              723      723       C9        8       0
                text88                             1717     1717       72     2E2E       0
                text87                             1934     1934        8     3268       0
                text86                             1910     1910        7     3220       0
                text85                             1E28     1E28       2D     3C50       0
                text84                             1B1B     1B1B       15     3636       0
                text83                             1B46     1B46       16     368C       0
                text82                             1B89     1B89       18     3712       0
                text81                             1CF2     1CF2       22     39E4       0
                text80                             1373     1373       5E     26E6       0
                text79                              9E5      9E5       89     13CA       0
                text78                             1F83     1F83       3D     3F06       0
                text77                              8E3      8E3       7B     11C6       0
                text76                             1991     1991        B     3322       0
                text75                             1BD3     1BD3       19     37A6       0
                text74                             1954     1954        9     32A8       0
                text73                             1E83     1E83       2F     3D06       0
                text72                              E21      E21       E9     1C42       0
                text71                             19D6     19D6        C     33AC       0
                text70                             1496     1496       65     292C       0
                text69                             114B     114B       45     2296       0
                text68                             1ABB     1ABB       11     3576       0
                text67                             19E2     19E2        C     33C4       0
                text66                             1FC0     1FC0       40     3F80       0
                text65                             19EE     19EE        C     33DC       0
                text64                             195D     195D        9     32BA       0
                text63                             1DD3     1DD3       2A     3BA6       0
                text62                             1C3A     1C3A       1C     3874       0
                text61                             199C     199C        B     3338       0
                text60                              86A      86A       79     10D4       0
                text59                             1ADF     1ADF       13     35BE       0
                text58                             1EE2     1EE2       32     3DC4       0
                text57                             1917     1917        7     322E       0
                text56                             18FE     18FE        6     31FC       0
                text55                             19FA     19FA        D     33F4       0
                text54                             1BEC     1BEC       19     37D8       0
                text53                             1A07     1A07        D     340E       0
                text52                             1B72     1B72       17     36E4       0
                text51                             1A8B     1A8B       10     3516       0
                text50                             18D9     18D9        3     31B2       0
                text49                             191E     191E        7     323C       0
                text48                             121E     121E       50     243C       0
                text47                             1DFD     1DFD       2B     3BFA       0
                text46                             14FB     14FB       65     29F6       0
                text45                             1F49     1F49       3A     3E92       0
                text44                              61B      61B      108        8       0
                text43                             18DC     18DC        3     31B8       0
                text42                             1925     1925        7     324A       0
                text41                             18F1     18F1        4     31E2       0
                text40                             1C56     1C56       1D     38AC       0
                text39                             1C1F     1C1F       1B     383E       0
                text38                             1A21     1A21        E     3442       0
                text37                             1432     1432       64     2864       0
                text36                             1107     1107       44     220E       0
                text35                             1D82     1D82       27     3B04       0
                text34                              F0A      F0A       F6     1E14       0
                text33                              D6D      D6D       B4     1ADA       0
                text32                             1318     1318       5B     2630       0
                text31                             1D14     1D14       23     3A28       0
                text30                             1F14     1F14       35     3E28       0
                text29                             1002     1002       40     2004       0
                text28                             1E55     1E55       2E     3CAA       0
                text27                             12C0     12C0       58     2580       0
                text26                              AF9      AF9       90     15F2       0
                text25                              B89      B89       93     1712       0
                text24                             11D6     11D6       48     23AC       0
                text23                             126E     126E       52     24DC       0
                text22                              A6E      A6E       8B     14DC       0
                text21                             18F5     18F5        4     31EA       0
                text20                             18F9     18F9        5     31F2       0
                text19                             193C     193C        8     3278       0
                text18                             1A14     1A14        D     3428       0
                text17                             1A9B     1A9B       10     3536       0
                text16                             1AAB     1AAB       10     3556       0
                text15                             1083     1083       42     2106       0
                text14                             16A6     16A6       71     2D4C       0
                text13                             1637     1637       6F     2C6E       0
                text12                             1A2F     1A2F        E     345E       0
                text11                              393      393      16B        8       0
                text10                             1944     1944        8     3288       0
                text9                              19A7     19A7        B     334E       0
                text8                              18DF     18DF        3     31BE       0
                text7                              194C     194C        8     3298       0
                text6                              10C5     10C5       42     218A       0
                text5                               4FE      4FE      11D        8       0
                text4                              18E2     18E2        3     31C4       0
                text3                              1B5C     1B5C       16     36B8       0
                text2                              1042     1042       41     2084       0
                text1                              15CB     15CB       6C     2B96       0
                maintext                            802      802       68     1004       0
                cstackBANK0                          20       20       48       20       1
                cstackCOMMON                         71       71        5       70       1
                cstackBANK1                          EA       EA        4       A0       1
                inittext                           1904     1904        6     3208       0
                clrtext                            190A     190A        6     3214       0
                bssBANK4                            220      220       25      220       1
                dataBANK3                           1A0      1A0       20      1A0       1
                bssBANK3                            1C0      1C0       11      1A0       1
                bssBANK2                            120      120       50      120       1
                bssBANK1                             A0       A0       4A       A0       1
                bssBANK0                             68       68        5       20       1
                bssCOMMON                            76       76        4       70       1
                bitbssCOMMON                        380       70        7       70       1     8
                nvBANK1                              EE       EE        1       A0       1
                nvBANK0                              6D       6D        3       20       1
                stringtext                         1800     1800       66       30       0
                idataBANK3                         1CB0     1CB0       20     3960       0

TOTAL           Name                               Link     Load   Length     Space
        CLASS   STACK          

        CLASS   CONST          

        CLASS   CODE           
                end_init                             16       16        2         0
                cinit                                18       18       39         0
                intentry                              4        4       12         0
                reset_vec                             0        0        2         0
                text129                            1966     1966        A         0
                text128                            19B2     19B2        C         0
                text127                            19BE     19BE        C         0
                text126                            1C05     1C05       1A         0
                text125                            1D37     1D37       25         0
                text124                              51       51      342         0
                text122                            1970     1970        B         0
                text121                             C1C      C1C       A8         0
                text120                            1BA1     1BA1       19         0
                text119                            1A5B     1A5B       10         0
                text118                            18E5     18E5        4         0
                text117                            18E9     18E9        4         0
                text116                            1D5C     1D5C       26         0
                text115                            19CA     19CA        C         0
                text114                            1BBA     1BBA       19         0
                text113                            1C91     1C91       1F         0
                text112                            1DA9     1DA9       2A         0
                text111                            1EB2     1EB2       30         0
                text110                            18ED     18ED        4         0
                text109                            1B06     1B06       15         0
                text108                            1AF2     1AF2       14         0
                text107                            197B     197B        B         0
                text106                            192C     192C        8         0
                text105                            1C73     1C73       1E         0
                text104                            1789     1789       77         0
                text103                            1ACC     1ACC       13         0
                text102                            1A6B     1A6B       10         0
                text101                            1A7B     1A7B       10         0
                text100                            1B30     1B30       16         0
                text99                             1A3D     1A3D        F         0
                text98                             13D1     13D1       61         0
                text97                             1CD0     1CD0       22         0
                text96                              CC4      CC4       A9         0
                text95                              95E      95E       87         0
                text94                             1190     1190       46         0
                text93                             1560     1560       6B         0
                text92                              7EC      7EC       14         0
                text91                             1A4C     1A4C        F         0
                text90                             1986     1986        B         0
                text89                              723      723       C9         0
                text88                             1717     1717       72         0
                text87                             1934     1934        8         0
                text86                             1910     1910        7         0
                text85                             1E28     1E28       2D         0
                text84                             1B1B     1B1B       15         0
                text83                             1B46     1B46       16         0
                text82                             1B89     1B89       18         0
                text81                             1CF2     1CF2       22         0
                text80                             1373     1373       5E         0
                text79                              9E5      9E5       89         0
                text78                             1F83     1F83       3D         0
                text77                              8E3      8E3       7B         0
                text76                             1991     1991        B         0
                text75                             1BD3     1BD3       19         0
                text74                             1954     1954        9         0
                text73                             1E83     1E83       2F         0
                text72                              E21      E21       E9         0
                text71                             19D6     19D6        C         0
                text70                             1496     1496       65         0
                text69                             114B     114B       45         0
                text68                             1ABB     1ABB       11         0
                text67                             19E2     19E2        C         0
                text66                             1FC0     1FC0       40         0
                text65                             19EE     19EE        C         0
                text64                             195D     195D        9         0
                text63                             1DD3     1DD3       2A         0
                text62                             1C3A     1C3A       1C         0
                text61                             199C     199C        B         0
                text60                              86A      86A       79         0
                text59                             1ADF     1ADF       13         0
                text58                             1EE2     1EE2       32         0
                text57                             1917     1917        7         0
                text56                             18FE     18FE        6         0
                text55                             19FA     19FA        D         0
                text54                             1BEC     1BEC       19         0
                text53                             1A07     1A07        D         0
                text52                             1B72     1B72       17         0
                text51                             1A8B     1A8B       10         0
                text50                             18D9     18D9        3         0
                text49                             191E     191E        7         0
                text48                             121E     121E       50         0
                text47                             1DFD     1DFD       2B         0
                text46                             14FB     14FB       65         0
                text45                             1F49     1F49       3A         0
                text44                              61B      61B      108         0
                text43                             18DC     18DC        3         0
                text42                             1925     1925        7         0
                text41                             18F1     18F1        4         0
                text40                             1C56     1C56       1D         0
                text39                             1C1F     1C1F       1B         0
                text38                             1A21     1A21        E         0
                text37                             1432     1432       64         0
                text36                             1107     1107       44         0
                text35                             1D82     1D82       27         0
                text34                              F0A      F0A       F6         0
                text33                              D6D      D6D       B4         0
                text32                             1318     1318       5B         0
                text31                             1D14     1D14       23         0
                text30                             1F14     1F14       35         0
                text29                             1002     1002       40         0
                text28                             1E55     1E55       2E         0
                text27                             12C0     12C0       58         0
                text26                              AF9      AF9       90         0
                text25                              B89      B89       93         0
                text24                             11D6     11D6       48         0
                text23                             126E     126E       52         0
                text22                              A6E      A6E       8B         0
                text21                             18F5     18F5        4         0
                text20                             18F9     18F9        5         0
                text19                             193C     193C        8         0
                text18                             1A14     1A14        D         0
                text17                             1A9B     1A9B       10         0
                text16                             1AAB     1AAB       10         0
                text15                             1083     1083       42         0
                text14                             16A6     16A6       71         0
                text13                             1637     1637       6F         0
                text12                             1A2F     1A2F        E         0
                text11                              393      393      16B         0
                text10                             1944     1944        8         0
                text9                              19A7     19A7        B         0
                text8                              18DF     18DF        3         0
                text7                              194C     194C        8         0
                text6                              10C5     10C5       42         0
                text5                               4FE      4FE      11D         0
                text4                              18E2     18E2        3         0
                text3                              1B5C     1B5C       16         0
                text2                              1042     1042       41         0
                text1                              15CB     15CB       6C         0
                maintext                            802      802       68         0
                inittext                           1904     1904        6         0
                clrtext                            190A     190A        6         0
                idataBANK3                         1CB0     1CB0       20         0

        CLASS   STRCODE        
                stringtext                         1800     1800       66         0

        CLASS   ENTRY          

        CLASS   STRING         

        CLASS   COMMON         
                cstackCOMMON                         71       71        5         1
                bssCOMMON                            76       76        4         1
                bitbssCOMMON                        380       70        7         1

        CLASS   BANK0          
                cstackBANK0                          20       20       48         1
                bssBANK0                             68       68        5         1
                nvBANK0                              6D       6D        3         1

        CLASS   BANK1          
                cstackBANK1                          EA       EA        4         1
                bssBANK1                             A0       A0       4A         1
                nvBANK1                              EE       EE        1         1

        CLASS   BANK2          
                bssBANK2                            120      120       50         1

        CLASS   BANK3          
                dataBANK3                           1A0      1A0       20         1
                bssBANK3                            1C0      1C0       11         1

        CLASS   BANK4          
                bssBANK4                            220      220       25         1

        CLASS   BANK5          

        CLASS   BANK6          

        CLASS   BANK7          

        CLASS   BANK8          

        CLASS   BANK9          

        CLASS   BANK10         

        CLASS   BANK11         

        CLASS   BANK12         

        CLASS   BIGRAM         

        CLASS   RAM            

        CLASS   ABS1           
                abs_s1                               7E       7E        2         1

        CLASS   SFR0           

        CLASS   SFR1           

        CLASS   SFR2           

        CLASS   SFR3           

        CLASS   SFR4           

        CLASS   SFR5           

        CLASS   SFR6           

        CLASS   SFR7           

        CLASS   SFR8           

        CLASS   SFR9           

        CLASS   SFR10          

        CLASS   SFR11          

        CLASS   SFR12          

        CLASS   SFR13          

        CLASS   SFR14          

        CLASS   SFR15          

        CLASS   SFR16          

        CLASS   SFR17          

        CLASS   SFR18          

        CLASS   SFR19          

        CLASS   SFR20          

        CLASS   SFR21          

        CLASS   SFR22          

        CLASS   SFR23          

        CLASS   SFR24          

        CLASS   SFR25          

        CLASS   SFR26          

        CLASS   SFR27          

        CLASS   SFR28          

        CLASS   SFR29          

        CLASS   SFR30          

        CLASS   SFR31          

        CLASS   CONFIG         
                config                             8007     8007        2         0

        CLASS   IDLOC          

        CLASS   BANK31         

        CLASS   BANK30         

        CLASS   BANK29         

        CLASS   BANK28         

        CLASS   BANK27         

        CLASS   BANK26         

        CLASS   BANK25         

        CLASS   BANK24         

        CLASS   BANK23         

        CLASS   BANK22         

        CLASS   BANK21         

        CLASS   BANK20         

        CLASS   BANK19         

        CLASS   BANK18         

        CLASS   BANK17         

        CLASS   BANK16         

        CLASS   BANK15         

        CLASS   BANK14         

        CLASS   BANK13         

        CLASS   EEDATA         



SEGMENTS        Name                           Load    Length   Top    Selector   Space  Class     Delta

                reset_vec                      000000  000002  000002         0       0  CODE        2
                intentry                       000004  0007FC  000800         8       0  CODE        2
                cstackBANK0                    000020  000050  000070        20       1  BANK0       1
                bitbssCOMMON                   000070  00000A  00007A        70       1  COMMON      1
                bssBANK1                       0000A0  00004F  0000EF        A0       1  BANK1       1
                bssBANK2                       000120  000050  000170       120       1  BANK2       1
                dataBANK3                      0001A0  000031  0001D1       1A0       1  BANK3       1
                bssBANK4                       000220  000025  000245       220       1  BANK4       1
                maintext                       000802  000068  00086A      1004       0  CODE        2
                text60                         00086A  000079  0008E3      10D4       0  CODE        2
                text77                         0008E3  00007B  00095E      11C6       0  CODE        2
                text95                         00095E  000087  0009E5      12BC       0  CODE        2
                text79                         0009E5  000089  000A6E      13CA       0  CODE        2
                text22                         000A6E  00008B  000AF9      14DC       0  CODE        2
                text26                         000AF9  000090  000B89      15F2       0  CODE        2
                text25                         000B89  000093  000C1C      1712       0  CODE        2
                text121                        000C1C  0000A8  000CC4      1838       0  CODE        2
                text96                         000CC4  0000A9  000D6D      1988       0  CODE        2
                text33                         000D6D  0000B4  000E21      1ADA       0  CODE        2
                text72                         000E21  0000E9  000F0A      1C42       0  CODE        2
                text34                         000F0A  0000F6  001000      1E14       0  CODE        2
                text29                         001002  000040  001042      2004       0  CODE        2
                text2                          001042  000041  001083      2084       0  CODE        2
                text15                         001083  000042  0010C5      2106       0  CODE        2
                text6                          0010C5  000042  001107      218A       0  CODE        2
                text36                         001107  000044  00114B      220E       0  CODE        2
                text69                         00114B  000045  001190      2296       0  CODE        2
                text94                         001190  000046  0011D6      2320       0  CODE        2
                text24                         0011D6  000048  00121E      23AC       0  CODE        2
                text48                         00121E  000050  00126E      243C       0  CODE        2
                text23                         00126E  000052  0012C0      24DC       0  CODE        2
                text27                         0012C0  000058  001318      2580       0  CODE        2
                text32                         001318  00005B  001373      2630       0  CODE        2
                text80                         001373  00005E  0013D1      26E6       0  CODE        2
                text98                         0013D1  000061  001432      27A2       0  CODE        2
                text37                         001432  000064  001496      2864       0  CODE        2
                text70                         001496  000065  0014FB      292C       0  CODE        2
                text46                         0014FB  000065  001560      29F6       0  CODE        2
                text93                         001560  00006B  0015CB      2AC0       0  CODE        2
                text1                          0015CB  00006C  001637      2B96       0  CODE        2
                text13                         001637  00006F  0016A6      2C6E       0  CODE        2
                text14                         0016A6  000071  001717      2D4C       0  CODE        2
                text88                         001717  000072  001789      2E2E       0  CODE        2
                text104                        001789  000077  001800      2F12       0  CODE        2
                stringtext                     001800  000066  001866        30       0  STRCODE     2
                text50                         0018D9  000003  0018DC      31B2       0  CODE        2
                text43                         0018DC  000003  0018DF      31B8       0  CODE        2
                text8                          0018DF  000003  0018E2      31BE       0  CODE        2
                text4                          0018E2  000003  0018E5      31C4       0  CODE        2
                text118                        0018E5  000004  0018E9      31CA       0  CODE        2
                text117                        0018E9  000004  0018ED      31D2       0  CODE        2
                text110                        0018ED  000004  0018F1      31DA       0  CODE        2
                text41                         0018F1  000004  0018F5      31E2       0  CODE        2
                text21                         0018F5  000004  0018F9      31EA       0  CODE        2
                text20                         0018F9  000005  0018FE      31F2       0  CODE        2
                text56                         0018FE  000006  001904      31FC       0  CODE        2
                inittext                       001904  000006  00190A      3208       0  CODE        2
                clrtext                        00190A  000006  001910      3214       0  CODE        2
                text86                         001910  000007  001917      3220       0  CODE        2
                text57                         001917  000007  00191E      322E       0  CODE        2
                text49                         00191E  000007  001925      323C       0  CODE        2
                text42                         001925  000007  00192C      324A       0  CODE        2
                text106                        00192C  000008  001934      3258       0  CODE        2
                text87                         001934  000008  00193C      3268       0  CODE        2
                text19                         00193C  000008  001944      3278       0  CODE        2
                text10                         001944  000008  00194C      3288       0  CODE        2
                text7                          00194C  000008  001954      3298       0  CODE        2
                text74                         001954  000009  00195D      32A8       0  CODE        2
                text64                         00195D  000009  001966      32BA       0  CODE        2
                text129                        001966  00000A  001970      32CC       0  CODE        2
                text122                        001970  00000B  00197B      32E0       0  CODE        2
                text107                        00197B  00000B  001986      32F6       0  CODE        2
                text90                         001986  00000B  001991      330C       0  CODE        2
                text76                         001991  00000B  00199C      3322       0  CODE        2
                text61                         00199C  00000B  0019A7      3338       0  CODE        2
                text9                          0019A7  00000B  0019B2      334E       0  CODE        2
                text128                        0019B2  00000C  0019BE      3364       0  CODE        2
                text127                        0019BE  00000C  0019CA      337C       0  CODE        2
                text115                        0019CA  00000C  0019D6      3394       0  CODE        2
                text71                         0019D6  00000C  0019E2      33AC       0  CODE        2
                text67                         0019E2  00000C  0019EE      33C4       0  CODE        2
                text65                         0019EE  00000C  0019FA      33DC       0  CODE        2
                text55                         0019FA  00000D  001A07      33F4       0  CODE        2
                text53                         001A07  00000D  001A14      340E       0  CODE        2
                text18                         001A14  00000D  001A21      3428       0  CODE        2
                text38                         001A21  00000E  001A2F      3442       0  CODE        2
                text12                         001A2F  00000E  001A3D      345E       0  CODE        2
                text99                         001A3D  00000F  001A4C      347A       0  CODE        2
                text91                         001A4C  00000F  001A5B      3498       0  CODE        2
                text119                        001A5B  000010  001A6B      34B6       0  CODE        2
                text102                        001A6B  000010  001A7B      34D6       0  CODE        2
                text101                        001A7B  000010  001A8B      34F6       0  CODE        2
                text51                         001A8B  000010  001A9B      3516       0  CODE        2
                text17                         001A9B  000010  001AAB      3536       0  CODE        2
                text16                         001AAB  000010  001ABB      3556       0  CODE        2
                text68                         001ABB  000011  001ACC      3576       0  CODE        2
                text103                        001ACC  000013  001ADF      3598       0  CODE        2
                text59                         001ADF  000013  001AF2      35BE       0  CODE        2
                text108                        001AF2  000014  001B06      35E4       0  CODE        2
                text109                        001B06  000015  001B1B      360C       0  CODE        2
                text84                         001B1B  000015  001B30      3636       0  CODE        2
                text100                        001B30  000016  001B46      3660       0  CODE        2
                text83                         001B46  000016  001B5C      368C       0  CODE        2
                text3                          001B5C  000016  001B72      36B8       0  CODE        2
                text52                         001B72  000017  001B89      36E4       0  CODE        2
                text82                         001B89  000018  001BA1      3712       0  CODE        2
                text120                        001BA1  000019  001BBA      3742       0  CODE        2
                text114                        001BBA  000019  001BD3      3774       0  CODE        2
                text75                         001BD3  000019  001BEC      37A6       0  CODE        2
                text54                         001BEC  000019  001C05      37D8       0  CODE        2
                text126                        001C05  00001A  001C1F      380A       0  CODE        2
                text39                         001C1F  00001B  001C3A      383E       0  CODE        2
                text62                         001C3A  00001C  001C56      3874       0  CODE        2
                text40                         001C56  00001D  001C73      38AC       0  CODE        2
                text105                        001C73  00001E  001C91      38E6       0  CODE        2
                text113                        001C91  00001F  001CB0      3922       0  CODE        2
                idataBANK3                     001CB0  000020  001CD0      3960       0  CODE        2
                text97                         001CD0  000022  001CF2      39A0       0  CODE        2
                text81                         001CF2  000022  001D14      39E4       0  CODE        2
                text31                         001D14  000023  001D37      3A28       0  CODE        2
                text125                        001D37  000025  001D5C      3A6E       0  CODE        2
                text116                        001D5C  000026  001D82      3AB8       0  CODE        2
                text35                         001D82  000027  001DA9      3B04       0  CODE        2
                text112                        001DA9  00002A  001DD3      3B52       0  CODE        2
                text63                         001DD3  00002A  001DFD      3BA6       0  CODE        2
                text47                         001DFD  00002B  001E28      3BFA       0  CODE        2
                text85                         001E28  00002D  001E55      3C50       0  CODE        2
                text28                         001E55  00002E  001E83      3CAA       0  CODE        2
                text73                         001E83  00002F  001EB2      3D06       0  CODE        2
                text111                        001EB2  000030  001EE2      3D64       0  CODE        2
                text58                         001EE2  000032  001F14      3DC4       0  CODE        2
                text30                         001F14  000035  001F49      3E28       0  CODE        2
                text45                         001F49  00003A  001F83      3E92       0  CODE        2
                text78                         001F83  00003D  001FC0      3F06       0  CODE        2
                text66                         001FC0  000040  002000      3F80       0  CODE        2
                config                         008007  000002  008009     1000E       0  CONFIG      2


UNUSED ADDRESS RANGES

        Name                Unused          Largest block    Delta
        BANK1            000EF-000EF               1           1
        BANK10           00520-0056F              50           1
        BANK11           005A0-005EF              50           1
        BANK12           00620-0064F              30           1
        BANK3            001D1-001EF              1F           1
        BANK4            00245-0026F              2B           1
        BANK5            002A0-002EF              50           1
        BANK6            00320-0036F              50           1
        BANK7            003A0-003EF              50           1
        BANK8            00420-0046F              50           1
        BANK9            004A0-004EF              50           1
        BIGRAM           02000-023EF             3F0           1
        CODE             00002-00003               2           2
                         00800-00801               2
                         01000-01001               2
                         01866-018D8              73
                         02000-03FFF             800
        COMMON           0007A-0007D               4           1
        CONST            00002-00003               2           2
                         00800-00801               2
                         01000-01001               2
                         01866-018D8              73
                         02000-03FFF             100
        ENTRY            00002-00003               2           2
                         00800-00801               2
                         01000-01001               2
                         01866-018D8              73
                         02000-03FFF             100
        IDLOC            08000-08003               4           2
        RAM              000EF-000EF               1           1
                         001D1-001EF              1F
                         00245-0026F              2B
                         002A0-002EF              50
                         00320-0036F              50
                         003A0-003EF              50
                         00420-0046F              50
                         004A0-004EF              50
                         00520-0056F              50
                         005A0-005EF              50
                         00620-0064F              30
        SFR0             00000-0001F              20           1
        SFR1             00080-0009F              20           1
        SFR10            00500-0051F              20           1
        SFR11            00580-0059F              20           1
        SFR12            00600-0061F              20           1
        SFR13            00680-006EF              70           1
        SFR14            00700-0076F              70           1
        SFR15            00780-007EF              70           1
        SFR16            00800-0086F              70           1
        SFR17            00880-008EF              70           1
        SFR18            00900-0096F              70           1
        SFR19            00980-009EF              70           1
        SFR2             00100-0011F              20           1
        SFR20            00A00-00A6F              70           1
        SFR21            00A80-00AEF              70           1
        SFR22            00B00-00B6F              70           1
        SFR23            00B80-00BEF              70           1
        SFR24            00C00-00C6F              70           1
        SFR25            00C80-00CEF              70           1
        SFR26            00D00-00D6F              70           1
        SFR27            00D80-00DEF              70           1
        SFR28            00E00-00E6F              70           1
        SFR29            00E80-00EEF              70           1
        SFR3             00180-0019F              20           1
        SFR30            00F00-00F6F              70           1
        SFR31            00F80-00FEF              70           1
        SFR4             00200-0021F              20           1
        SFR5             00280-0029F              20           1
        SFR6             00300-0031F              20           1
        SFR7             00380-0039F              20           1
        SFR8             00400-0041F              20           1
        SFR9             00480-0049F              20           1
        STACK            02165-0231F             1BB           1
        STRCODE          00002-00003               2           2
                         00800-00801               2
                         01000-01001               2
                         01866-018D8              73
                         02000-03FFF            2000
        STRING           00002-00003               2           2
                         00800-00801               2
                         01000-01001               2
                         01866-018D8              73
                         02000-03FFF             100

                                  Symbol Table

?___awtoft                               cstackBANK0  00028
?___ftadd                                cstackBANK0  0003E
?___ftdiv                                cstackBANK0  0002E
?___ftmul                                cstackBANK0  0002E
?___ftpack                               cstackBANK0  00020
?___fttol                                cstackBANK0  0004B
?___wmul                                 cstackBANK0  00020
?_getAD                                  cstackBANK0  00020
CC2500_InitPATable@loop_d                cstackBANK0  00027
CC2500_InitPATable@temp                  cstackBANK0  00026
CC2500_InitSetREG@loop_c                 cstackBANK0  00028
CC2500_InitSetREG@temp1                  cstackBANK0  00026
CC2500_InitSetREG@temp2                  cstackBANK0  00027
CC2500_ReadByte@loop_b                   cstackBANK0  00021
CC2500_ReadStatus@status_addr            cstackBANK0  00023
CC2500_RxData@loop_f                     cstackBANK0  00025
CC2500_TxData@loop_e                     cstackBANK0  00025
CC2500_WriteByte@loop_a                  cstackBANK0  00021
CC2500_WriteCommand@command              cstackBANK0  00023
CC2500_WriteREG@value                    cstackBANK0  00022
CC2500_WriteREG@w_addr                   cstackBANK0  00024
DelayOffPointSelect@sw                   cstackBANK0  00021
DelayTime_1us@count                      cstackBANK0  00020
DelayTime_1us@i                          cstackBANK0  00022
DelayTime_1us@j                          cstackBANK0  00024
DelayTimejudge@i                         cstackBANK0  00021
DelayTimejudge@value                     cstackBANK0  00022
DimmerLightsPointSelect@lights           cstackBANK0  00021
DimmerLights_Exceptions@status           cstackBANK0  0002A
DlyOff_Initialization@sw                 cstackBANK0  00022
DlyOff_Main@sw                           cstackBANK0  00064
Flash_Memory_Initialization@i            cstackBANK0  0005E
Flash_Memory_Modify@i                    cstackBANK0  00026
Flash_Memory_Read@address                cstackBANK0  00022
Flash_Memory_Read@i                      cstackBANK0  00021
Flash_Memory_Read@ret                    cstackBANK0  00023
Flash_Memory_Write@i                     cstackBANK0  00021
LedPointSelect@led                       cstackBANK0  00021
MainT_ResetClock@i                       cstackBANK0  00021
RF_RxDisable@rf                          cstackBANK0  00024
RfPointSelect@rf                         cstackBANK0  00021
RfSWPointSelect@sw                       cstackBANK0  00021
SwPointSelect@sw                         cstackBANK0  00021
Sw_DimmerAdjFunc@Idle                    cstackBANK0  00024
Sw_DimmerAdjFunc@sw                      cstackBANK0  00025
Sw_DimmerOffFunc@sw                      cstackBANK0  00064
Sw_DimmerOnFunc@Idle                     cstackBANK0  00062
Sw_DimmerOnFunc@sw                       cstackBANK0  00063
_ADCON0                                  (abs)        0009D
_ADCON1                                  (abs)        0009E
_ADC_Set                                 text57       01917
_ADRESH                                  (abs)        0009C
_ADRESL                                  (abs)        0009B
_ANSELA                                  (abs)        0018C
_ANSELB                                  (abs)        0018D
_ANSELC                                  (abs)        0018E
_Buz                                     bssBANK0     00068
_Buz1                                    bssBANK2     0014A
_Buzzer_Initialization                   text122      01970
_Buzzer_Main                             text121      00C1C
_CC2500_ClearRXFIFO                      text118      018E5
_CC2500_ClearTXFIFO                      text117      018E9
_CC2500_Enable                           bitbssCOMMON 00380
_CC2500_FrequencyCabr                    text115      019CA
_CC2500_InitPATable                      text113      01C91
_CC2500_InitSetREG                       text112      01DA9
_CC2500_PowerOnInitial                   text109      01B06
_CC2500_PowerRST                         text111      01EB2
_CC2500_ReadByte                         text40       01C56
_CC2500_ReadStatus                       text39       01C1F
_CC2500_RxData                           text37       01432
_CC2500_SIDLEMode                        text110      018ED
_CC2500_TxData                           text36       01107
_CC2500_WriteByte                        text120      01BA1
_CC2500_WriteCommand                     text119      01A5B
_CC2500_WriteREG                         text114      01BBA
_CC2500_patable_vaule                    stringtext   0185E
_CC2500_registers_address                stringtext   01800
_CC2500_rfSettings                       stringtext   0182F
_CFGS                                    (abs)        00CAE
_CRC                                     bssBANK1     000B7
_DelayOff                                bssBANK0     00069
_DelayOffPointSelect                     text108      01AF2
_DelayOff_Initialization                 text106      0192C
_DelayOff_Main                           text87       01934
_DelayTime_1us                           text116      01D5C
_DelayTimejudge                          text28       01E55
_Dimmer                                  bssBANK1     000B8
_Dimmer1                                 bssBANK1     000E2
_DimmerLights                            bssBANK0     0006A
_DimmerLights1                           bssBANK2     00120
_DimmerLights11                          bssBANK0     0006B
_DimmerLights2                           bssBANK2     0012E
_DimmerLights22                          bssBANK0     0006C
_DimmerLightsIntr                        bssBANK1     000B9
_DimmerLightsPointSelect                 text103      01ACC
_DimmerLights_Close                      text82       01B89
_DimmerLights_Exceptions                 text46       014FB
_DimmerLights_Initialization             text84       01B1B
_DimmerLights_Main                       text76       01991
_Dimmer_Initialization                   text86       01910
_DlyOff_Initialization                   text107      0197B
_DlyOff_Main                             text88       01717
_DlySw1                                  bssBANK1     000CC
_DlySw2                                  bssBANK1     000D1
_FREE                                    (abs)        00CAC
_FVRCON                                  (abs)        00117
_Flash_Memory_Erasing                    text71       019D6
_Flash_Memory_Initialization             text72       00E21
_Flash_Memory_Main                       text69       0114B
_Flash_Memory_Modify                     text70       01496
_Flash_Memory_Read                       text75       01BD3
_Flash_Memory_Unlock                     text74       01954
_Flash_Memory_Write                      text73       01E83
_GIE                                     (abs)        0005F
_GO_nDONE                                (abs)        004E9
_INTE                                    (abs)        0005C
_INTF                                    (abs)        00059
_INT_ISR                                 text127      019BE
_INT_Set                                 text56       018FE
_IOCBF                                   (abs)        00396
_IOCBF2                                  (abs)        01CB2
_IOCBN                                   (abs)        00395
_IOCBP                                   (abs)        00394
_IOCIE                                   (abs)        0005B
_IOCIF                                   (abs)        00058
_IOC_ISR                                 text125      01D37
_IOC_Set                                 text55       019FA
_IO_Set                                  text54       01BEC
_ISR                                     intentry     00004
_LATA                                    (abs)        0010C
_LATB                                    (abs)        0010D
_LATC                                    (abs)        0010E
_LED                                     bssBANK1     000BA
_LED_Initialization                      text67       019E2
_LED_Main                                text65       019EE
_LWLO                                    (abs)        00CAD
_LedPointSelect                          text81       01CF2
_MainT                                   text60       0086A
_MainT_Initialization                    text59       01ADF
_MainT_ResetClock                        text58       01EE2
_Mcu_Initialization                      text52       01B72
_Memory                                  nvBANK0      0006D
_OPTION_REG                              (abs)        00095
_OSCCON                                  (abs)        00099
_PEIE                                    (abs)        0005E
_PF                                      bssCOMMON    00076
_PF1                                     bssBANK2     00168
_PMADRH                                  (abs)        00192
_PMADRL                                  (abs)        00191
_PMCON2                                  (abs)        00196
_PMDATH                                  (abs)        00194
_PMDATL                                  (abs)        00193
_PORTA                                   (abs)        0000C
_PORTB                                   (abs)        0000D
_PORTC                                   (abs)        0000E
_PowerFault_Initialization               text50       018D9
_PowerFault_Main                         text43       018DC
_Product                                 nvBANK0      0006E
_RA0                                     (abs)        00060
_RA3                                     (abs)        00063
_RA4                                     (abs)        00064
_RA6                                     (abs)        00066
_RA7                                     (abs)        00067
_RB0                                     (abs)        00068
_RB1                                     (abs)        00069
_RB2                                     (abs)        0006A
_RB3                                     (abs)        0006B
_RB4                                     (abs)        0006C
_RB5                                     (abs)        0006D
_RC0                                     (abs)        00070
_RC1                                     (abs)        00071
_RC2                                     (abs)        00072
_RC4                                     (abs)        00074
_RC5                                     (abs)        00075
_RC7                                     (abs)        00077
_RD                                      (abs)        00CA8
_RF                                      bssCOMMON    00077
_RF1                                     bssBANK1     000E5
_RFSW                                    bssBANK1     000BB
_RFSW1                                   bssBANK1     000E8
_RFSW2                                   bssBANK1     000E9
_RF_Count                                bssBANK1     000B5
_RF_Data                                 bssBANK1     000A0
_RF_Initialization                       text41       018F1
_RF_Main                                 text21       018F5
_RF_RxDisable                            text35       01D82
_RSSI                                    bssBANK1     000BC
_Receive_GO                              bitbssCOMMON 00381
_Receive_OK                              bitbssCOMMON 00382
_RfPointSelect                           text90       01986
_RfSWPointSelect                         text100      01B30
_RxStatus                                bitbssCOMMON 00383
_Rx_Length                               bssBANK1     000BD
_SPI0Buffer                              bssBANK1     000BE
_Sw                                      bssCOMMON    00078
_Sw1                                     bssBANK2     00156
_Sw2                                     bssBANK2     0015F
_SwPointSelect                           text92       007EC
_Sw_DimmerAdjFunc                        text15       01083
_Sw_DimmerOffFunc                        text14       016A6
_Sw_DimmerOnFunc                         text13       01637
_Switch_Initialization                   text18       01A14
_Switch_Main                             text10       01944
_TMR0                                    (abs)        00015
_TMR0IE                                  (abs)        0005D
_TMR0IF                                  (abs)        0005A
_TMR0_ISR                                text124      00051
_TMR0_Set                                text53       01A07
_TMain                                   nvBANK0      0006F
_TRISA                                   (abs)        0008C
_TRISB                                   (abs)        0008D
_TRISC                                   (abs)        0008E
_Temp                                    bssCOMMON    00079
_Temp1                                   bssBANK2     0013C
_Temp_Initialization                     text8        018DF
_Temp_Main                               text4        018E2
_Timer0                                  nvBANK1      000EE
_TouchPower                              text20       018F9
_Transceive_GO                           bitbssCOMMON 00384
_Transceive_OK                           bitbssCOMMON 00385
_TxStatus                                bitbssCOMMON 00386
_Tx_Length                               bssBANK1     000BF
_VarErrLED                               bssBANK1     000D6
_VarLED1                                 bssBANK1     000DA
_VarLED2                                 bssBANK1     000DE
_VarMemory                               bssBANK4     00220
_VarProduct                              dataBANK3    001A0
_VarTMain                                bssBANK3     001C0
_VarTimer0                               bssBANK1     000C3
_WPUB0                                   (abs)        01068
_WPUB1                                   (abs)        01069
_WPUB2                                   (abs)        0106A
_WR                                      (abs)        00CA9
_WREN                                    (abs)        00CAA
__CFG_BOREN$OFF                          (abs)        00000
__CFG_FOSC$INTOSC                        (abs)        00000
__CFG_WDTE$OFF                           (abs)        00000
__CFG_WRT$HALF                           (abs)        00000
__Habs1                                  abs1         00000
__Hbank0                                 bank0        00000
__Hbank1                                 bank1        00000
__Hbank10                                bank10       00000
__Hbank11                                bank11       00000
__Hbank12                                bank12       00000
__Hbank13                                bank13       00000
__Hbank14                                bank14       00000
__Hbank15                                bank15       00000
__Hbank16                                bank16       00000
__Hbank17                                bank17       00000
__Hbank18                                bank18       00000
__Hbank19                                bank19       00000
__Hbank2                                 bank2        00000
__Hbank20                                bank20       00000
__Hbank21                                bank21       00000
__Hbank22                                bank22       00000
__Hbank23                                bank23       00000
__Hbank24                                bank24       00000
__Hbank25                                bank25       00000
__Hbank26                                bank26       00000
__Hbank27                                bank27       00000
__Hbank28                                bank28       00000
__Hbank29                                bank29       00000
__Hbank3                                 bank3        00000
__Hbank30                                bank30       00000
__Hbank31                                bank31       00000
__Hbank4                                 bank4        00000
__Hbank5                                 bank5        00000
__Hbank6                                 bank6        00000
__Hbank7                                 bank7        00000
__Hbank8                                 bank8        00000
__Hbank9                                 bank9        00000
__Hbigram                                bigram       00000
__HbitbssCOMMON                          bitbssCOMMON 00000
__HbssBANK0                              bssBANK0     00000
__HbssBANK1                              bssBANK1     00000
__HbssBANK2                              bssBANK2     00000
__HbssBANK3                              bssBANK3     00000
__HbssBANK4                              bssBANK4     00000
__HbssCOMMON                             bssCOMMON    00000
__Hcinit                                 cinit        00051
__Hclrtext                               clrtext      00000
__Hcode                                  code         00000
__Hcommon                                common       00000
__Hconfig                                config       08009
__HcstackBANK0                           cstackBANK0  00000
__HcstackBANK1                           cstackBANK1  00000
__HcstackCOMMON                          cstackCOMMON 00000
__HdataBANK3                             dataBANK3    00000
__Heeprom_data                           eeprom_data  00000
__Hend_init                              end_init     00018
__Hfunctab                               functab      00000
__HidataBANK3                            idataBANK3   00000
__Hidloc                                 idloc        00000
__Hinit                                  init         00016
__Hinittext                              inittext     00000
__Hintentry                              intentry     00016
__Hmaintext                              maintext     00000
__HnvBANK0                               nvBANK0      00000
__HnvBANK1                               nvBANK1      00000
__Hpowerup                               powerup      00000
__Hram                                   ram          00000
__Hreset_vec                             reset_vec    00002
__Hsfr0                                  sfr0         00000
__Hsfr1                                  sfr1         00000
__Hsfr10                                 sfr10        00000
__Hsfr11                                 sfr11        00000
__Hsfr12                                 sfr12        00000
__Hsfr13                                 sfr13        00000
__Hsfr14                                 sfr14        00000
__Hsfr15                                 sfr15        00000
__Hsfr16                                 sfr16        00000
__Hsfr17                                 sfr17        00000
__Hsfr18                                 sfr18        00000
__Hsfr19                                 sfr19        00000
__Hsfr2                                  sfr2         00000
__Hsfr20                                 sfr20        00000
__Hsfr21                                 sfr21        00000
__Hsfr22                                 sfr22        00000
__Hsfr23                                 sfr23        00000
__Hsfr24                                 sfr24        00000
__Hsfr25                                 sfr25        00000
__Hsfr26                                 sfr26        00000
__Hsfr27                                 sfr27        00000
__Hsfr28                                 sfr28        00000
__Hsfr29                                 sfr29        00000
__Hsfr3                                  sfr3         00000
__Hsfr30                                 sfr30        00000
__Hsfr31                                 sfr31        00000
__Hsfr4                                  sfr4         00000
__Hsfr5                                  sfr5         00000
__Hsfr6                                  sfr6         00000
__Hsfr7                                  sfr7         00000
__Hsfr8                                  sfr8         00000
__Hsfr9                                  sfr9         00000
__Hspace_0                               (abs)        08009
__Hspace_1                               (abs)        00387
__Hspace_2                               (abs)        00000
__Hspace_3                               (abs)        00000
__Hstack                                 stack        00000
__Hstrings                               strings      00000
__Hstringtext                            stringtext   00000
__Htext                                  text         00000
__Labs1                                  abs1         00000
__Lbank0                                 bank0        00000
__Lbank1                                 bank1        00000
__Lbank10                                bank10       00000
__Lbank11                                bank11       00000
__Lbank12                                bank12       00000
__Lbank13                                bank13       00000
__Lbank14                                bank14       00000
__Lbank15                                bank15       00000
__Lbank16                                bank16       00000
__Lbank17                                bank17       00000
__Lbank18                                bank18       00000
__Lbank19                                bank19       00000
__Lbank2                                 bank2        00000
__Lbank20                                bank20       00000
__Lbank21                                bank21       00000
__Lbank22                                bank22       00000
__Lbank23                                bank23       00000
__Lbank24                                bank24       00000
__Lbank25                                bank25       00000
__Lbank26                                bank26       00000
__Lbank27                                bank27       00000
__Lbank28                                bank28       00000
__Lbank29                                bank29       00000
__Lbank3                                 bank3        00000
__Lbank30                                bank30       00000
__Lbank31                                bank31       00000
__Lbank4                                 bank4        00000
__Lbank5                                 bank5        00000
__Lbank6                                 bank6        00000
__Lbank7                                 bank7        00000
__Lbank8                                 bank8        00000
__Lbank9                                 bank9        00000
__Lbigram                                bigram       00000
__LbitbssCOMMON                          bitbssCOMMON 00000
__LbssBANK0                              bssBANK0     00000
__LbssBANK1                              bssBANK1     00000
__LbssBANK2                              bssBANK2     00000
__LbssBANK3                              bssBANK3     00000
__LbssBANK4                              bssBANK4     00000
__LbssCOMMON                             bssCOMMON    00000
__Lcinit                                 cinit        00018
__Lclrtext                               clrtext      00000
__Lcode                                  code         00000
__Lcommon                                common       00000
__Lconfig                                config       08007
__LcstackBANK0                           cstackBANK0  00000
__LcstackBANK1                           cstackBANK1  00000
__LcstackCOMMON                          cstackCOMMON 00000
__LdataBANK3                             dataBANK3    00000
__Leeprom_data                           eeprom_data  00000
__Lend_init                              end_init     00016
__Lfunctab                               functab      00000
__LidataBANK3                            idataBANK3   00000
__Lidloc                                 idloc        00000
__Linit                                  init         00016
__Linittext                              inittext     00000
__Lintentry                              intentry     00004
__Lmaintext                              maintext     00000
__LnvBANK0                               nvBANK0      00000
__LnvBANK1                               nvBANK1      00000
__Lpowerup                               powerup      00000
__Lram                                   ram          00000
__Lreset_vec                             reset_vec    00000
__Lsfr0                                  sfr0         00000
__Lsfr1                                  sfr1         00000
__Lsfr10                                 sfr10        00000
__Lsfr11                                 sfr11        00000
__Lsfr12                                 sfr12        00000
__Lsfr13                                 sfr13        00000
__Lsfr14                                 sfr14        00000
__Lsfr15                                 sfr15        00000
__Lsfr16                                 sfr16        00000
__Lsfr17                                 sfr17        00000
__Lsfr18                                 sfr18        00000
__Lsfr19                                 sfr19        00000
__Lsfr2                                  sfr2         00000
__Lsfr20                                 sfr20        00000
__Lsfr21                                 sfr21        00000
__Lsfr22                                 sfr22        00000
__Lsfr23                                 sfr23        00000
__Lsfr24                                 sfr24        00000
__Lsfr25                                 sfr25        00000
__Lsfr26                                 sfr26        00000
__Lsfr27                                 sfr27        00000
__Lsfr28                                 sfr28        00000
__Lsfr29                                 sfr29        00000
__Lsfr3                                  sfr3         00000
__Lsfr30                                 sfr30        00000
__Lsfr31                                 sfr31        00000
__Lsfr4                                  sfr4         00000
__Lsfr5                                  sfr5         00000
__Lsfr6                                  sfr6         00000
__Lsfr7                                  sfr7         00000
__Lsfr8                                  sfr8         00000
__Lsfr9                                  sfr9         00000
__Lspace_0                               (abs)        00000
__Lspace_1                               (abs)        00000
__Lspace_2                               (abs)        00000
__Lspace_3                               (abs)        00000
__Lstack                                 stack        00000
__Lstrings                               strings      00000
__Lstringtext                            stringtext   00000
__Ltext                                  text         00000
__S0                                     (abs)        08009
__S1                                     (abs)        00245
__S2                                     (abs)        00000
___awtoft                                text97       01CD0
___awtoft@c                              cstackBANK0  00028
___awtoft@sign                           cstackBANK0  0002D
___ftadd                                 text34       00F0A
___ftadd@exp1                            cstackBANK0  0004A
___ftadd@exp2                            cstackBANK0  00049
___ftadd@f1                              cstackBANK0  0003E
___ftadd@f2                              cstackBANK0  00041
___ftadd@sign                            cstackBANK0  00048
___ftdiv                                 text96       00CC4
___ftdiv@cntr                            cstackBANK0  00038
___ftdiv@exp                             cstackBANK0  0003C
___ftdiv@f1                              cstackBANK0  00031
___ftdiv@f2                              cstackBANK0  0002E
___ftdiv@f3                              cstackBANK0  00039
___ftdiv@sign                            cstackBANK0  0003D
___ftmul                                 text33       00D6D
___ftmul@cntr                            cstackBANK0  0003C
___ftmul@exp                             cstackBANK0  00038
___ftmul@f1                              cstackBANK0  0002E
___ftmul@f2                              cstackBANK0  00031
___ftmul@f3_as_product                   cstackBANK0  00039
___ftmul@sign                            cstackBANK0  0003D
___ftpack                                text98       013D1
___ftpack@arg                            cstackBANK0  00020
___ftpack@exp                            cstackBANK0  00023
___ftpack@sign                           cstackBANK0  00024
___fttol                                 text95       0095E
___fttol@exp1                            cstackBANK0  00058
___fttol@f1                              cstackBANK0  0004B
___fttol@lval                            cstackBANK0  00054
___fttol@sign1                           cstackBANK0  00053
___int_sp                                stack        00000
___latbits                               (abs)        00003
___sp                                    stack        00000
___wmul                                  text105      01C73
___wmul@multiplicand                     cstackBANK0  00022
___wmul@multiplier                       cstackBANK0  00020
[...]


 *************** function _Buzzer_Initialization *****************
 Defined at:
		line 10 in file "C:\Users\taianluo\Documents\GitHub\myPicCode\Source_File\Buzzer_B1.c"
 Parameters:    Size  Location     Type
		None
 Auto vars:     Size  Location     Type
		None
 Return value:  Size  Location     Type
		None               void
 Registers used:
		wreg, fsr1l, fsr1h
 Tracked objects:
		On entry : 
		On exit  : 
		Unchanged: 
 Data sizes:     COMMON   BANK0   BANK1   BANK2   BANK3   BANK4   BANK5   BANK6   BANK7   BANK8   BANK9  BANK10  BANK11  BANK12
      Params:         0       0       0       0       0       0       0       0       0       0       0       0       0       0
      Locals:         0       0       0       0       0       0       0       0       0       0       0       0       0       0
      Temps:          0       1       0       0       0       0       0       0       0       0       0       0       0       0
      Totals:         0       1       0       0       0       0       0       0       0       0       0       0       0       0
Total ram usage:        1 bytes
 Hardware stack levels used:    1
 Hardware stack levels required when called:    4
 This function calls:
		Nothing
 This function is called by:
		_main
 This function uses a non-reentrant model


 *************** function _ISR *****************
 Defined at:
		line 97 in file "C:\Users\taianluo\Documents\GitHub\myPicCode\Source_File\MCU_B1.c"
 Parameters:    Size  Location     Type
		None
 Auto vars:     Size  Location     Type
		None
 Return value:  Size  Location     Type
		None               void
 Registers used:
		wreg, fsr0l, fsr0h, fsr1l, fsr1h, status,2, status,0, pclath, cstack
 Tracked objects:
		On entry : 
		On exit  : 
		Unchanged: 
 Data sizes:     COMMON   BANK0   BANK1   BANK2   BANK3   BANK4   BANK5   BANK6   BANK7   BANK8   BANK9  BANK10  BANK11  BANK12
      Params:         0       0       0       0       0       0       0       0       0       0       0       0       0       0
      Locals:         0       0       0       0       0       0       0       0       0       0       0       0       0       0
      Temps:          1       0       0       0       0       0       0       0       0       0       0       0       0       0
      Totals:         1       0       0       0       0       0       0       0       0       0       0       0       0       0
Total ram usage:        1 bytes
 Hardware stack levels used:    1
 Hardware stack levels required when called:    3
 This function calls:
		_INT_ISR
		_IOC_ISR
		_TMR0_ISR
 This function is called by:
		Interrupt level 1
 This function uses a non-reentrant model


 *************** function _TMR0_ISR *****************
 Defined at:
		line 125 in file "C:\Users\taianluo\Documents\GitHub\myPicCode\Source_File\MCU_B1.c"
 Parameters:    Size  Location     Type
		None
 Auto vars:     Size  Location     Type
		None
 Return value:  Size  Location     Type
		None               void
 Registers used:
		wreg, fsr0l, fsr0h, fsr1l, fsr1h, status,2, status,0
 Tracked objects:
		On entry : 
		On exit  : 
		Unchanged: 
 Data sizes:     COMMON   BANK0   BANK1   BANK2   BANK3   BANK4   BANK5   BANK6   BANK7   BANK8   BANK9  BANK10  BANK11  BANK12
      Params:         0       0       0       0       0       0       0       0       0       0       0       0       0       0
      Locals:         0       0       0       0       0       0       0       0       0       0       0       0       0       0
      Temps:          4       0       0       0       0       0       0       0       0       0       0       0       0       0
      Totals:         4       0       0       0       0       0       0       0       0       0       0       0       0       0
Total ram usage:        4 bytes
 Hardware stack levels used:    1
 This function calls:
		Nothing
 This function is called by:
		_ISR
 This function uses a non-reentrant model


 *************** function _IOC_ISR *****************
 Defined at:
		line 340 in file "C:\Users\taianluo\Documents\GitHub\myPicCode\Source_File\MCU_B1.c"
 Parameters:    Size  Location     Type
		None
 Auto vars:     Size  Location     Type
		None
 Return value:  Size  Location     Type
		None               void
 Registers used:
		wreg, fsr1l, fsr1h, status,2, status,0, pclath, cstack
 Tracked objects:
		On entry : 
		On exit  : 
		Unchanged: 
 Data sizes:     COMMON   BANK0   BANK1   BANK2   BANK3   BANK4   BANK5   BANK6   BANK7   BANK8   BANK9  BANK10  BANK11  BANK12
      Params:         0       0       0       0       0       0       0       0       0       0       0       0       0       0
      Locals:         0       0       0       0       0       0       0       0       0       0       0       0       0       0
      Temps:          1       0       0       0       0       0       0       0       0       0       0       0       0       0
      Totals:         1       0       0       0       0       0       0       0       0       0       0       0       0       0
Total ram usage:        1 bytes
 Hardware stack levels used:    1
 Hardware stack levels required when called:    1
 This function calls:
		_setDimmerReClock
 This function is called by:
		_ISR
 This function uses a non-reentrant model


 *************** function _setDimmerReClock *****************
 Defined at:
		line 166 in file "C:\Users\taianluo\Documents\GitHub\myPicCode\Source_File\MCU_B1.c"
 Parameters:    Size  Location     Type
		None
 Auto vars:     Size  Location     Type
		None
 Return value:  Size  Location     Type
		None               void
 Registers used:
		wreg, fsr1l, fsr1h
 Tracked objects:
		On entry : 
		On exit  : 
		Unchanged: 
 Data sizes:     COMMON   BANK0   BANK1   BANK2   BANK3   BANK4   BANK5   BANK6   BANK7   BANK8   BANK9  BANK10  BANK11  BANK12
      Params:         0       0       0       0       0       0       0       0       0       0       0       0       0       0
      Locals:         0       0       0       0       0       0       0       0       0       0       0       0       0       0
      Temps:          0       0       0       0       0       0       0       0       0       0       0       0       0       0
      Totals:         0       0       0       0       0       0       0       0       0       0       0       0       0       0
Total ram usage:        0 bytes
 Hardware stack levels used:    1
 This function calls:
		Nothing
 This function is called by:
		_IOC_ISR
 This function uses a non-reentrant model


 *************** function _INT_ISR *****************
 Defined at:
		line 291 in file "C:\Users\taianluo\Documents\GitHub\myPicCode\Source_File\MCU_B1.c"
 Parameters:    Size  Location     Type
		None
 Auto vars:     Size  Location     Type
		None
 Return value:  Size  Location     Type
		None               void
 Registers used:
		wreg, fsr1l, fsr1h, status,2, status,0, pclath, cstack
 Tracked objects:
		On entry : 
		On exit  : 
		Unchanged: 
 Data sizes:     COMMON   BANK0   BANK1   BANK2   BANK3   BANK4   BANK5   BANK6   BANK7   BANK8   BANK9  BANK10  BANK11  BANK12
      Params:         0       0       0       0       0       0       0       0       0       0       0       0       0       0
      Locals:         0       0       0       0       0       0       0       0       0       0       0       0       0       0
      Temps:          0       0       0       0       0       0       0       0       0       0       0       0       0       0
      Totals:         0       0       0       0       0       0       0       0       0       0       0       0       0       0
Total ram usage:        0 bytes
 Hardware stack levels used:    1
 Hardware stack levels required when called:    2
 This function calls:
		_setRF_ReceiveGO
 This function is called by:
		_ISR
 This function uses a non-reentrant model


 *************** function _setRF_ReceiveGO *****************
 Defined at:
		line 37 in file "C:\Users\taianluo\Documents\GitHub\myPicCode\Source_File\RF_Control_B1.c"
 Parameters:    Size  Location     Type
  rf              1    wreg     unsigned char 
  command         1    2[COMMON] unsigned char 
 Auto vars:     Size  Location     Type
  rf              1    3[COMMON] unsigned char 
 Return value:  Size  Location     Type
		None               void
 Registers used:
		wreg, fsr1l, fsr1h, status,2, status,0, pclath, cstack
 Tracked objects:
		On entry : 
		On exit  : 
		Unchanged: 
 Data sizes:     COMMON   BANK0   BANK1   BANK2   BANK3   BANK4   BANK5   BANK6   BANK7   BANK8   BANK9  BANK10  BANK11  BANK12
      Params:         1       0       0       0       0       0       0       0       0       0       0       0       0       0
      Locals:         1       0       0       0       0       0       0       0       0       0       0       0       0       0
      Temps:          0       0       0       0       0       0       0       0       0       0       0       0       0       0
      Totals:         2       0       0       0       0       0       0       0       0       0       0       0       0       0
Total ram usage:        2 bytes
 Hardware stack levels used:    1
 Hardware stack levels required when called:    1
 This function calls:
		i1_RfPointSelect
 This function is called by:
		_INT_ISR
 This function uses a non-reentrant model


 *************** function i1_RfPointSelect *****************
 Defined at:
		line 7 in file "C:\Users\taianluo\Documents\GitHub\myPicCode\Source_File\RF_Control_B1.c"
 Parameters:    Size  Location     Type
  rf              1    wreg     unsigned char 
 Auto vars:     Size  Location     Type
  rf              1    1[COMMON] unsigned char 
 Return value:  Size  Location     Type
		None               void
 Registers used:
		wreg
 Tracked objects:
		On entry : 
		On exit  : 
		Unchanged: 
 Data sizes:     COMMON   BANK0   BANK1   BANK2   BANK3   BANK4   BANK5   BANK6   BANK7   BANK8   BANK9  BANK10  BANK11  BANK12
      Params:         0       0       0       0       0       0       0       0       0       0       0       0       0       0
      Locals:         1       0       0       0       0       0       0       0       0       0       0       0       0       0
      Temps:          1       0       0       0       0       0       0       0       0       0       0       0       0       0
      Totals:         2       0       0       0       0       0       0       0       0       0       0       0       0       0
Total ram usage:        2 bytes
 Hardware stack levels used:    1
 This function calls:
		Nothing
 This function is called by:
		_setRF_ReceiveGO
 This function uses a non-reentrant model



MODULE INFORMATION

Module		Function		Class		Link	Load	Size
C:\Program Files (x86)\Microchip\xc8\v1.32\sources\common\float.c
		___ftpack      		CODE           	13D1	0000	97

C:\Program Files (x86)\Microchip\xc8\v1.32\sources\common\float.c estimated size: 97

C:\Program Files (x86)\Microchip\xc8\v1.32\sources\common\awtoft.c
		___awtoft      		CODE           	1CD0	0000	34

C:\Program Files (x86)\Microchip\xc8\v1.32\sources\common\awtoft.c estimated size: 34

C:\Users\taianluo\Documents\GitHub\myPicCode\Source_File\MCU_B1.c
		_IO_Set        		CODE           	1BEC	0000	25
		_ADC_Set       		CODE           	1917	0000	7
		_IOC_ISR       		CODE           	1D37	0000	37
		_INT_Set       		CODE           	18FE	0000	6
		_ISR           		CODE           	0004	0000	18
		_Flash_Memory_W		CODE           	1E83	0000	47
		_Flash_Memory_M		CODE           	1496	0000	101
		_setINT_GO     		CODE           	195D	0000	9
		_IOC_Set       		CODE           	19FA	0000	13
		_Mcu_Initializa		CODE           	1B72	0000	23
		_Flash_Memory_I		CODE           	0E21	0000	233
		_getAD         		CODE           	1B5C	0000	22
		_TMR0_Set      		CODE           	1A07	0000	13
		_Flash_Memory_U		CODE           	1954	0000	9
		_INT_ISR       		CODE           	19BE	0000	12
		_TMR0_ISR      		CODE           	0051	0000	834
		_Flash_Memory_R		CODE           	1BD3	0000	25
		_Flash_Memory_E		CODE           	19D6	0000	12
		_setDimmerReClo		CODE           	1C05	0000	26
		_Flash_Memory_M		CODE           	114B	0000	69

C:\Users\taianluo\Documents\GitHub\myPicCode\Source_File\MCU_B1.c estimated size: 1541

C:\Users\taianluo\Documents\GitHub\myPicCode\Source_File\PowerFault_B1.c
		_getPF_Safe    		CODE           	194C	0000	8
		_setPowerFault_		CODE           	1A8B	0000	16
		_PowerFault_Mai		CODE           	18DC	0000	3
		_setPowerFault_		CODE           	061B	0000	264
		_getPowerFault_		CODE           	1042	0000	65
		_PowerFault_Ini		CODE           	18D9	0000	3
		_setPowerFault_		CODE           	1F49	0000	58

C:\Users\taianluo\Documents\GitHub\myPicCode\Source_File\PowerFault_B1.c estimated size: 417

C:\Program Files (x86)\Microchip\xc8\v1.32\sources\common\ftmul.c
		___ftmul       		CODE           	0D6D	0000	180

C:\Program Files (x86)\Microchip\xc8\v1.32\sources\common\ftmul.c estimated size: 180

C:\Users\taianluo\Documents\GitHub\myPicCode\Source_File\OverTemperature_B1.c
		_Temp_Initializ		CODE           	18DF	0000	3
		_Temp_Main     		CODE           	18E2	0000	3
		_setOverTemp_Ex		CODE           	10C5	0000	66
		_setTemp_Initia		CODE           	19A7	0000	11
		_getTemp_AD    		CODE           	15CB	0000	108
		_getTemp_Safe  		CODE           	191E	0000	7
		_setTemp_Main  		CODE           	04FE	0000	285
		_setTemp_Enable		CODE           	199C	0000	11

C:\Users\taianluo\Documents\GitHub\myPicCode\Source_File\OverTemperature_B1.c estimated size: 494

C:\Users\taianluo\Documents\GitHub\myPicCode\Source_File\RF_Control_B1.c
		_RF_Initializat		CODE           	18F1	0000	4
		_setRF_ReceiveG		CODE           	19B2	0000	12
		_getRxData     		CODE           	126E	0000	82
		_setRF_Main    		CODE           	0A6E	0000	139
		_setRFSW_Status		CODE           	1A3D	0000	15
		_setRF_DimmerVa		CODE           	1F14	0000	53
		_setRF_Initiali		CODE           	1925	0000	7
		_setTxData     		CODE           	0723	0000	201
		_setRFSW_Contro		CODE           	0AF9	0000	144
		_setRF_Learn   		CODE           	1A2F	0000	14
		_RF_Main       		CODE           	18F5	0000	4
		_setRFSW_AdjCon		CODE           	1002	0000	64
		_setRF_Enable  		CODE           	1DD3	0000	42
		_setRF_DimmerLi		CODE           	1560	0000	107
		_setControl_Lig		CODE           	0B89	0000	147
		_setLog_Code   		CODE           	11D6	0000	72
		_RF_RxDisable  		CODE           	1D82	0000	39
		_setRF_RxStatus		CODE           	1A21	0000	14
		_RfSWPointSelec		CODE           	1B30	0000	22
		_RfPointSelect 		CODE           	1986	0000	11

C:\Users\taianluo\Documents\GitHub\myPicCode\Source_File\RF_Control_B1.c estimated size: 1193

C:\Users\taianluo\Documents\GitHub\myPicCode\Source_File\Buzzer_B1.c
		_Buzzer_Main   		CODE           	0C1C	0000	168
		_setBuz        		CODE           	1789	0000	119
		_Buzzer_Initial		CODE           	1970	0000	11

C:\Users\taianluo\Documents\GitHub\myPicCode\Source_File\Buzzer_B1.c estimated size: 298

C:\Program Files (x86)\Microchip\xc8\v1.32\sources\common\fttol.c
		___fttol       		CODE           	095E	0000	135

C:\Program Files (x86)\Microchip\xc8\v1.32\sources\common\fttol.c estimated size: 135

C:\Users\taianluo\Documents\GitHub\myPicCode\Source_File\LED_B1.c
		_setLED        		CODE           	1373	0000	94
		_LED_Main      		CODE           	19EE	0000	12
		_setLED_Initial		CODE           	1ABB	0000	17
		_LedPointSelect		CODE           	1CF2	0000	34
		_setLED_Main   		CODE           	1FC0	0000	64
		_LED_Initializa		CODE           	19E2	0000	12

C:\Users\taianluo\Documents\GitHub\myPicCode\Source_File\LED_B1.c estimated size: 233

C:\Users\taianluo\Documents\GitHub\myPicCode\Source_File\CC2500_B1.c
		_DelayTime_1us 		CODE           	1D5C	0000	38
		_CC2500_Frequen		CODE           	19CA	0000	12
		_CC2500_SIDLEMo		CODE           	18ED	0000	4
		_CC2500_PowerOn		CODE           	1B06	0000	21
		_CC2500_WriteBy		CODE           	1BA1	0000	25
		_CC2500_RxData 		CODE           	1432	0000	100
		_CC2500_TxData 		CODE           	1107	0000	68
		_CC2500_ClearRX		CODE           	18E5	0000	4
		_CC2500_ClearTX		CODE           	18E9	0000	4
		_CC2500_InitPAT		CODE           	1C91	0000	31
		_CC2500_WriteRE		CODE           	1BBA	0000	25
		_CC2500_ReadSta		CODE           	1C1F	0000	27
		_CC2500_PowerRS		CODE           	1EB2	0000	48
		_CC2500_ReadByt		CODE           	1C56	0000	29
		_CC2500_InitSet		CODE           	1DA9	0000	42
		_CC2500_WriteCo		CODE           	1A5B	0000	16

C:\Users\taianluo\Documents\GitHub\myPicCode\Source_File\CC2500_B1.c estimated size: 494

C:\Program Files (x86)\Microchip\xc8\v1.32\sources\common\ftadd.c
		___ftadd       		CODE           	0F0A	0000	246

C:\Program Files (x86)\Microchip\xc8\v1.32\sources\common\ftadd.c estimated size: 246

C:\Program Files (x86)\Microchip\xc8\v1.32\sources\common\Umul16.c
		___wmul        		CODE           	1C73	0000	30

C:\Program Files (x86)\Microchip\xc8\v1.32\sources\common\Umul16.c estimated size: 30

shared
		_CC2500_patable		STRCODE        	185E	0000	8
		_CC2500_rfSetti		STRCODE        	182F	0000	47
		__initializatio		CODE           	0018	0000	53
		i1_RfPointSelec		CODE           	1966	0000	10
		_CC2500_registe		STRCODE        	1800	0000	47

shared estimated size: 165

C:\Users\taianluo\Documents\GitHub\myPicCode\Source_File\DelayOff_B1.c
		_DelayOff_Initi		CODE           	192C	0000	8
		_DlyOff_Main   		CODE           	1717	0000	114
		_DelayTimejudge		CODE           	1E55	0000	46
		_DelayOff_Main 		CODE           	1934	0000	8
		_DelayOffPointS		CODE           	1AF2	0000	20
		_setDelayOff_GO		CODE           	12C0	0000	88
		_DlyOff_Initial		CODE           	197B	0000	11

C:\Users\taianluo\Documents\GitHub\myPicCode\Source_File\DelayOff_B1.c estimated size: 295

C:\Users\taianluo\Documents\GitHub\myPicCode\Source_File\main.c
		_MainT_Initiali		CODE           	1ADF	0000	19
		_main          		CODE           	0802	0000	104
		_MainT         		CODE           	086A	0000	121
		_MainT_ResetClo		CODE           	1EE2	0000	50

C:\Users\taianluo\Documents\GitHub\myPicCode\Source_File\main.c estimated size: 294

C:\Users\taianluo\Documents\GitHub\myPicCode\Source_File\Switch_B1.c
		_Sw_DimmerAdjFu		CODE           	1083	0000	66
		_Sw_DimmerOffFu		CODE           	16A6	0000	113
		_Switch_Main   		CODE           	1944	0000	8
		_setSw_Enable  		CODE           	1C3A	0000	28
		_SwPointSelect 		CODE           	07EC	0000	20
		_Sw_DimmerOnFun		CODE           	1637	0000	111
		_TouchPower    		CODE           	18F9	0000	5
		_setSw_Main    		CODE           	0393	0000	363
		_setSw_Initiali		CODE           	193C	0000	8
		_Switch_Initial		CODE           	1A14	0000	13
		_setSw_Status  		CODE           	1A4C	0000	15

C:\Users\taianluo\Documents\GitHub\myPicCode\Source_File\Switch_B1.c estimated size: 750

C:\Program Files (x86)\Microchip\xc8\v1.32\sources\pic\ftdiv.c
		___ftdiv       		CODE           	0CC4	0000	169

C:\Program Files (x86)\Microchip\xc8\v1.32\sources\pic\ftdiv.c estimated size: 169

C:\Users\taianluo\Documents\GitHub\myPicCode\Source_File\Dimmer_B1.c
		_DimmerLightsPo		CODE           	1ACC	0000	19
		_getDimmerLight		CODE           	1B46	0000	22
		_DimmerLights_M		CODE           	1991	0000	11
		_setDimmerLight		CODE           	1F83	0000	61
		_setDimmerLight		CODE           	09E5	0000	137
		_setDimmerLight		CODE           	1D14	0000	35
		_getPercentValu		CODE           	1318	0000	91
		_DimmerLights_C		CODE           	1B89	0000	24
		_setDimmerLight		CODE           	1A9B	0000	16
		_setDimmerLight		CODE           	1A7B	0000	16
		_setDimmerLight		CODE           	1AAB	0000	16
		_setPercentValu		CODE           	1190	0000	70
		_setDimmerLight		CODE           	1E28	0000	45
		_DimmerLights_E		CODE           	14FB	0000	101
		_setDimmerLight		CODE           	1DFD	0000	43
		_setDimmerLight		CODE           	1A6B	0000	16
		_Dimmer_Initial		CODE           	1910	0000	7
		_DimmerLights_I		CODE           	1B1B	0000	21
		_setDimmerLight		CODE           	08E3	0000	123
		_setDimmerLight		CODE           	121E	0000	80

C:\Users\taianluo\Documents\GitHub\myPicCode\Source_File\Dimmer_B1.c estimated size: 954

