HI-TECH Software C Compiler 

Linker command line:

--edf=C:\Program Files (x86)\HI-TECH Software\PICC\9.83\dat\en_msgs.txt -cs \
  -h+myDevelopment-AC.sym -z -Q16F1516 -ol.obj -MmyDevelopment-AC.map -E1 \
  -ACONST=00h-0FFhx32 -ACODE=00h-07FFhx4 -ASTRCODE=00h-01FFFh \
  -AENTRY=00h-0FFhx32 -ASTRING=00h-0FFhx32 -ABANK0=020h-06Fh \
  -ABANK1=0A0h-0EFh -ABANK2=0120h-016Fh -ABANK3=01A0h-01EFh \
  -ABANK4=0220h-026Fh -ABANK5=02A0h-02EFh -ABANK6=0320h-032Fh \
  -ABIGRAM=02000h-021EFh \
  -ARAM=020h-06Fh,0A0h-0EFh,0120h-016Fh,01A0h-01EFh,0220h-026Fh,02A0h-02EFh,0320h-032Fh \
  -AABS1=020h-07Fh,0A0h-0EFh,0120h-016Fh,01A0h-01EFh,0220h-026Fh,02A0h-02EFh,0320h-032Fh \
  -ACOMMON=070h-07Fh -ASFR0=00h-01Fh -ASFR1=080h-09Fh -ASFR2=0100h-011Fh \
  -ASFR3=0180h-019Fh -ASFR4=0200h-021Fh -ASFR5=0280h-029Fh \
  -ASFR6=0300h-031Fh -ASFR7=0380h-03EFh -ASFR8=0400h-046Fh \
  -ASFR9=0480h-04EFh -ASFR10=0500h-056Fh -ASFR11=0580h-05EFh \
  -ASFR12=0600h-066Fh -ASFR13=0680h-06EFh -ASFR14=0700h-076Fh \
  -ASFR15=0780h-07EFh -ASFR16=0800h-086Fh -ASFR17=0880h-08EFh \
  -ASFR18=0900h-096Fh -ASFR19=0980h-09EFh -ASFR20=0A00h-0A6Fh \
  -ASFR21=0A80h-0AEFh -ASFR22=0B00h-0B6Fh -ASFR23=0B80h-0BEFh \
  -ASFR24=0C00h-0C6Fh -ASFR25=0C80h-0CEFh -ASFR26=0D00h-0D6Fh \
  -ASFR27=0D80h-0DEFh -ASFR28=0E00h-0E6Fh -ASFR29=0E80h-0EEFh \
  -ASFR30=0F00h-0F6Fh -ASFR31=0F80h-0FEFh \
  -preset_vec=00h,intentry=04h,init,end_init -ppowerup=CODE -pfunctab=CODE \
  -ACONFIG=08007h-08008h -pconfig=CONFIG -DCONFIG=2 -AIDLOC=08000h-08003h \
  -pidloc=IDLOC -DIDLOC=2 -DCODE=2 -DSTRCODE=2 -DSTRING=2 -DCONST=2 \
  -DENTRY=2 -k startup.obj myDevelopment-AC.obj 

Object code version is 3.10

Machine type is 16F1516



                Name                               Link     Load   Length Selector   Space Scale
startup.obj     end_init                             15       15        3        8       0
                reset_vec                             0        0        2        0       0
myDevelopment-AC.obj
                intentry                              4        4       11        8       0
                config                             8007     8007        2    1000E       0
                text607                             4A8      4A8       35        8       0
                text606                             587      587       15        8       0
                text604                             571      571       16        8       0
                text603                             5AD      5AD       10        8       0
                text602                             5DB      5DB        E        8       0
                text601                             2A3      2A3       7A        8       0
                text600                             3E9      3E9       60        8       0
                text599                             5CC      5CC        F        8       0
                text598                             5BD      5BD        F        8       0
                text597                             21A      21A       89        8       0
                text596                             31D      31D       6C        8       0
                text595                             389      389       60        8       0
                text594                             59C      59C       11        8       0
                text593                             449      449       5F        8       0
                text592                              18       18      152        8       0
                text591                             16A      16A       B0        8       0
                maintext                            4DD      4DD       2E        8       0
                cstackBANK0                          4E       4E        7       20       1
                cstackCOMMON                         70       70        C       70       1
                inittext                            5EF      5EF        6        8       0
                clrtext                             5E9      5E9        6        8       0
                bssBANK2                            120      120       43      120       1
                dataBANK1                            A0       A0       20       A0       1
                dataBANK0                            20       20       1A       20       1
                bssBANK0                             3A       3A       14       20       1
                bssCOMMON                            7C       7C        1       70       1
                cinit                               50B      50B       2C        8       0
                nvBANK0                              55       55        2       20       1
                idataBANK1                          537      537       20        8       0
                idataBANK0                          557      557       1A        8       0

TOTAL           Name                               Link     Load   Length     Space
        CLASS   CONST          

        CLASS   CODE           
                end_init                             15       15        3         0
                intentry                              4        4       11         0
                reset_vec                             0        0        2         0
                text607                             4A8      4A8       35         0
                text606                             587      587       15         0
                text604                             571      571       16         0
                text603                             5AD      5AD       10         0
                text602                             5DB      5DB        E         0
                text601                             2A3      2A3       7A         0
                text600                             3E9      3E9       60         0
                text599                             5CC      5CC        F         0
                text598                             5BD      5BD        F         0
                text597                             21A      21A       89         0
                text596                             31D      31D       6C         0
                text595                             389      389       60         0
                text594                             59C      59C       11         0
                text593                             449      449       5F         0
                text592                              18       18      152         0
                text591                             16A      16A       B0         0
                maintext                            4DD      4DD       2E         0
                inittext                            5EF      5EF        6         0
                clrtext                             5E9      5E9        6         0
                cinit                               50B      50B       2C         0
                idataBANK1                          537      537       20         0
                idataBANK0                          557      557       1A         0

        CLASS   STRCODE        

        CLASS   ENTRY          

        CLASS   STRING         

        CLASS   BANK0          
                cstackBANK0                          4E       4E        7         1
                dataBANK0                            20       20       1A         1
                bssBANK0                             3A       3A       14         1
                nvBANK0                              55       55        2         1

        CLASS   BANK1          
                dataBANK1                            A0       A0       20         1

        CLASS   BANK2          
                bssBANK2                            120      120       43         1

        CLASS   BANK3          

        CLASS   BANK4          

        CLASS   BANK5          

        CLASS   BANK6          

        CLASS   BIGRAM         

        CLASS   RAM            

        CLASS   ABS1           
                abs_s1                               7E       7E        2         1

        CLASS   COMMON         
                cstackCOMMON                         70       70        C         1
                bssCOMMON                            7C       7C        1         1

        CLASS   SFR0           

        CLASS   SFR1           

        CLASS   SFR2           

        CLASS   SFR3           

        CLASS   SFR4           

        CLASS   SFR5           

        CLASS   SFR6           

        CLASS   SFR7           

        CLASS   SFR8           

        CLASS   SFR9           

        CLASS   SFR10          

        CLASS   SFR11          

        CLASS   SFR12          

        CLASS   SFR13          

        CLASS   SFR14          

        CLASS   SFR15          

        CLASS   SFR16          

        CLASS   SFR17          

        CLASS   SFR18          

        CLASS   SFR19          

        CLASS   SFR20          

        CLASS   SFR21          

        CLASS   SFR22          

        CLASS   SFR23          

        CLASS   SFR24          

        CLASS   SFR25          

        CLASS   SFR26          

        CLASS   SFR27          

        CLASS   SFR28          

        CLASS   SFR29          

        CLASS   SFR30          

        CLASS   SFR31          

        CLASS   CONFIG         
                config                             8007     8007        2         0

        CLASS   IDLOC          

        CLASS   BANK31         

        CLASS   BANK30         

        CLASS   BANK29         

        CLASS   BANK28         

        CLASS   BANK27         

        CLASS   BANK26         

        CLASS   BANK25         

        CLASS   BANK24         

        CLASS   BANK23         

        CLASS   BANK22         

        CLASS   BANK21         

        CLASS   BANK20         

        CLASS   BANK19         

        CLASS   BANK18         

        CLASS   BANK17         

        CLASS   BANK16         

        CLASS   BANK15         

        CLASS   BANK14         

        CLASS   BANK13         

        CLASS   BANK12         

        CLASS   BANK11         

        CLASS   BANK10         

        CLASS   BANK9          

        CLASS   BANK8          

        CLASS   BANK7          

        CLASS   EEDATA         



SEGMENTS        Name                           Load    Length   Top    Selector   Space  Class     Delta

                reset_vec                      000000  000002  000002         0       0  CODE        2
                intentry                       000004  0005F1  0005F5         8       0  CODE        2
                dataBANK0                      000020  000037  000057        20       1  BANK0       1
                cstackCOMMON                   000070  00000D  00007D        70       1  COMMON      1
                dataBANK1                      0000A0  000020  0000C0        A0       1  BANK1       1
                bssBANK2                       000120  000043  000163       120       1  BANK2       1
                config                         008007  000002  008009     1000E       0  CONFIG      2


UNUSED ADDRESS RANGES

        Name                Unused          Largest block    Delta
        BANK0            00057-0006F              19           1
        BANK1            000C0-000EF              30           1
        BANK2            00163-0016F               D           1
        BANK3            001A0-001EF              50           1
        BANK4            00220-0026F              50           1
        BANK5            002A0-002EF              50           1
        BANK6            00320-0032F              10           1
        BIGRAM           02000-021EF             1F0           1
        CODE             00002-00003               2           2
                         005F5-01FFF             800
        COMMON           0007D-0007D               1           1
        CONST            00002-00003               2           2
                         005F5-01FFF             100
        ENTRY            00002-00003               2           2
                         005F5-01FFF             100
        IDLOC            08000-08003               4           2
        RAM              00057-0006F              19           1
                         000C0-000EF              30
                         00163-0016F               D
                         001A0-001EF              50
                         00220-0026F              50
                         002A0-002EF              50
                         00320-0032F              10
        SFR0             00000-0001F              20           1
        SFR1             00080-0009F              20           1
        SFR10            00500-0056F              70           1
        SFR11            00580-005EF              70           1
        SFR12            00600-0066F              70           1
        SFR13            00680-006EF              70           1
        SFR14            00700-0076F              70           1
        SFR15            00780-007EF              70           1
        SFR16            00800-0086F              70           1
        SFR17            00880-008EF              70           1
        SFR18            00900-0096F              70           1
        SFR19            00980-009EF              70           1
        SFR2             00100-0011F              20           1
        SFR20            00A00-00A6F              70           1
        SFR21            00A80-00AEF              70           1
        SFR22            00B00-00B6F              70           1
        SFR23            00B80-00BEF              70           1
        SFR24            00C00-00C6F              70           1
        SFR25            00C80-00CEF              70           1
        SFR26            00D00-00D6F              70           1
        SFR27            00D80-00DEF              70           1
        SFR28            00E00-00E6F              70           1
        SFR29            00E80-00EEF              70           1
        SFR3             00180-0019F              20           1
        SFR30            00F00-00F6F              70           1
        SFR31            00F80-00FEF              70           1
        SFR4             00200-0021F              20           1
        SFR5             00280-0029F              20           1
        SFR6             00300-0031F              20           1
        SFR7             00380-003EF              70           1
        SFR8             00400-0046F              70           1
        SFR9             00480-004EF              70           1
        STRCODE          00002-00003               2           2
                         005F5-01FFF            1A0B
        STRING           00002-00003               2           2
                         005F5-01FFF             100

                                  Symbol Table

??_I2C_ISR                        cstackCOMMON 00070
??_I2C_Main                       cstackCOMMON 00074
??_I2C_Master_Reception           cstackCOMMON 00071
??_I2C_Master_Transmission        cstackCOMMON 00071
??_I2C_Set                        cstackCOMMON 00071
??_IO_Set                         cstackCOMMON 00071
??_ISR                            cstackCOMMON 00070
??_MainT                          cstackBANK0  00052
??_MainT_Initial                  cstackCOMMON 00071
??_Mcu_Initial                    cstackCOMMON 00072
??_SegmentDisplay_Initial         cstackCOMMON 00071
??_SegmentDisplay_Main            cstackCOMMON 00071
??_TMR1_ISR                       cstackCOMMON 00070
??_TMR1_Set                       cstackCOMMON 00071
??___awdiv                        cstackCOMMON 00075
??___awmod                        cstackCOMMON 00075
??_main                           cstackCOMMON 0007C
??_setSegmentDisplayNumber        cstackBANK0  0004E
?_I2C_ISR                         cstackCOMMON 00070
?_I2C_Main                        cstackCOMMON 00070
?_I2C_Master_Reception            cstackCOMMON 00070
?_I2C_Master_Transmission         cstackCOMMON 00070
?_I2C_Set                         cstackCOMMON 00070
?_IO_Set                          cstackCOMMON 00070
?_ISR                             cstackCOMMON 00070
?_MainT                           cstackCOMMON 00070
?_MainT_Initial                   cstackCOMMON 00070
?_Mcu_Initial                     cstackCOMMON 00070
?_SegmentDisplay_Initial          cstackCOMMON 00070
?_SegmentDisplay_Main             cstackCOMMON 00070
?_TMR1_ISR                        cstackCOMMON 00070
?_TMR1_Set                        cstackCOMMON 00070
?___awdiv                         cstackCOMMON 00071
?___awmod                         cstackCOMMON 00071
?_main                            cstackCOMMON 00070
?_setSegmentDisplayNumber         cstackCOMMON 0007A
I2C_Master_Reception@i            cstackCOMMON 00073
I2C_Master_Transmission@i         cstackCOMMON 00072
_ACKEN                            (abs)        010B4
_ACKSTAT                          (abs)        010B6
_ANSELA                           (abs)        0018C
_ANSELB                           (abs)        0018D
_ANSELC                           (abs)        0018E
_BF                               (abs)        010A0
_CKP                              (abs)        010AC
_GIE                              (abs)        0005F
_I2C                              bssBANK0     0003A
_I2C_ISR                          text606      00587
_I2C_Main                         text593      00449
_I2C_Master_Reception             text601      002A3
_I2C_Master_Transmission          text600      003E9
_I2C_Set                          text602      005DB
_IO_Set                           text604      00571
_ISR                              intentry     00004
_LATA                             (abs)        0010C
_LATB                             (abs)        0010D
_LATC                             (abs)        0010E
_MainT                            text591      0016A
_MainT_Initial                    text599      005CC
_Mcu_Initial                      text594      0059C
_OSCCON                           (abs)        00099
_PEIE                             (abs)        0005E
_PEN                              (abs)        010B2
_PORTA                            (abs)        0000C
_PORTB                            (abs)        0000D
_PORTC                            (abs)        0000E
_Product                          nvBANK0      00055
_RA1                              (abs)        00061
_RA2                              (abs)        00062
_RA4                              (abs)        00064
_RA5                              (abs)        00065
_RA6                              (abs)        00066
_RA7                              (abs)        00067
_RC0                              (abs)        00070
_RCEN                             (abs)        010B3
_R_nW                             (abs)        010A2
_SEN                              (abs)        010B0
_SSPADD                           (abs)        00212
_SSPBUF                           (abs)        00211
_SSPCON1                          (abs)        00215
_SSPCON2                          (abs)        00216
_SSPIE                            (abs)        0048B
_SSPIF                            (abs)        0008B
_SSPOV                            (abs)        010AE
_SSPSTAT                          (abs)        00214
_Segment                          bssCOMMON    0007C
_SegmentDisplay_Initial           text598      005BD
_SegmentDisplay_Main              text597      0021A
_T1CON                            (abs)        00018
_TMR1H                            (abs)        00017
_TMR1IE                           (abs)        00488
_TMR1IF                           (abs)        00088
_TMR1L                            (abs)        00016
_TMR1_ISR                         text607      004A8
_TMR1_Set                         text603      005AD
_TMain                            nvBANK0      00056
_TRISA                            (abs)        0008C
_TRISB                            (abs)        0008D
_TRISC                            (abs)        0008E
_Timer1                           bssBANK0     0003B
_VarI2C                           bssBANK2     00120
_VarProduct                       dataBANK1    000A0
_VarSegment                       dataBANK0    00020
_VarTMain                         bssBANK0     0003C
_VarTimer1                        bssBANK0     0004B
__Habs1                           abs1         00000
__Hbank0                          bank0        00000
__Hbank1                          bank1        00000
__Hbank10                         bank10       00000
__Hbank11                         bank11       00000
__Hbank12                         bank12       00000
__Hbank13                         bank13       00000
__Hbank14                         bank14       00000
__Hbank15                         bank15       00000
__Hbank16                         bank16       00000
__Hbank17                         bank17       00000
__Hbank18                         bank18       00000
__Hbank19                         bank19       00000
__Hbank2                          bank2        00000
__Hbank20                         bank20       00000
__Hbank21                         bank21       00000
__Hbank22                         bank22       00000
__Hbank23                         bank23       00000
__Hbank24                         bank24       00000
__Hbank25                         bank25       00000
__Hbank26                         bank26       00000
__Hbank27                         bank27       00000
__Hbank28                         bank28       00000
__Hbank29                         bank29       00000
__Hbank3                          bank3        00000
__Hbank30                         bank30       00000
__Hbank31                         bank31       00000
__Hbank4                          bank4        00000
__Hbank5                          bank5        00000
__Hbank6                          bank6        00000
__Hbank7                          bank7        00000
__Hbank8                          bank8        00000
__Hbank9                          bank9        00000
__Hbigram                         bigram       00000
__HbssBANK0                       bssBANK0     00000
__HbssBANK2                       bssBANK2     00000
__HbssCOMMON                      bssCOMMON    00000
__Hcinit                          cinit        00000
__Hclrtext                        clrtext      00000
__Hcode                           code         00000
__Hcommon                         common       00000
__Hconfig                         config       08009
__HcstackBANK0                    cstackBANK0  00000
__HcstackCOMMON                   cstackCOMMON 00000
__HdataBANK0                      dataBANK0    00000
__HdataBANK1                      dataBANK1    00000
__Heeprom_data                    eeprom_data  00000
__Hend_init                       end_init     00018
__Hfunctab                        functab      00000
__HidataBANK0                     idataBANK0   00000
__HidataBANK1                     idataBANK1   00000
__Hidloc                          idloc        00000
__Hinit                           init         00015
__Hinittext                       inittext     00000
__Hintentry                       intentry     00015
__Hmaintext                       maintext     00000
__HnvBANK0                        nvBANK0      00000
__Hpowerup                        powerup      00000
__Hram                            ram          00000
__Hreset_vec                      reset_vec    00002
__Hsfr0                           sfr0         00000
__Hsfr1                           sfr1         00000
__Hsfr10                          sfr10        00000
__Hsfr11                          sfr11        00000
__Hsfr12                          sfr12        00000
__Hsfr13                          sfr13        00000
__Hsfr14                          sfr14        00000
__Hsfr15                          sfr15        00000
__Hsfr16                          sfr16        00000
__Hsfr17                          sfr17        00000
__Hsfr18                          sfr18        00000
__Hsfr19                          sfr19        00000
__Hsfr2                           sfr2         00000
__Hsfr20                          sfr20        00000
__Hsfr21                          sfr21        00000
__Hsfr22                          sfr22        00000
__Hsfr23                          sfr23        00000
__Hsfr24                          sfr24        00000
__Hsfr25                          sfr25        00000
__Hsfr26                          sfr26        00000
__Hsfr27                          sfr27        00000
__Hsfr28                          sfr28        00000
__Hsfr29                          sfr29        00000
__Hsfr3                           sfr3         00000
__Hsfr30                          sfr30        00000
__Hsfr31                          sfr31        00000
__Hsfr4                           sfr4         00000
__Hsfr5                           sfr5         00000
__Hsfr6                           sfr6         00000
__Hsfr7                           sfr7         00000
__Hsfr8                           sfr8         00000
__Hsfr9                           sfr9         00000
__Hstrings                        strings      00000
__Htext                           text         00000
__Labs1                           abs1         00000
__Lbank0                          bank0        00000
__Lbank1                          bank1        00000
__Lbank10                         bank10       00000
__Lbank11                         bank11       00000
__Lbank12                         bank12       00000
__Lbank13                         bank13       00000
__Lbank14                         bank14       00000
__Lbank15                         bank15       00000
__Lbank16                         bank16       00000
__Lbank17                         bank17       00000
__Lbank18                         bank18       00000
__Lbank19                         bank19       00000
__Lbank2                          bank2        00000
__Lbank20                         bank20       00000
__Lbank21                         bank21       00000
__Lbank22                         bank22       00000
__Lbank23                         bank23       00000
__Lbank24                         bank24       00000
__Lbank25                         bank25       00000
__Lbank26                         bank26       00000
__Lbank27                         bank27       00000
__Lbank28                         bank28       00000
__Lbank29                         bank29       00000
__Lbank3                          bank3        00000
__Lbank30                         bank30       00000
__Lbank31                         bank31       00000
__Lbank4                          bank4        00000
__Lbank5                          bank5        00000
__Lbank6                          bank6        00000
__Lbank7                          bank7        00000
__Lbank8                          bank8        00000
__Lbank9                          bank9        00000
__Lbigram                         bigram       00000
__LbssBANK0                       bssBANK0     00000
__LbssBANK2                       bssBANK2     00000
__LbssCOMMON                      bssCOMMON    00000
__Lcinit                          cinit        00000
__Lclrtext                        clrtext      00000
__Lcode                           code         00000
__Lcommon                         common       00000
__Lconfig                         config       08007
__LcstackBANK0                    cstackBANK0  00000
__LcstackCOMMON                   cstackCOMMON 00000
__LdataBANK0                      dataBANK0    00000
__LdataBANK1                      dataBANK1    00000
__Leeprom_data                    eeprom_data  00000
__Lend_init                       end_init     00015
__Lfunctab                        functab      00000
__LidataBANK0                     idataBANK0   00000
__LidataBANK1                     idataBANK1   00000
__Lidloc                          idloc        00000
__Linit                           init         00015
__Linittext                       inittext     00000
__Lintentry                       intentry     00004
__Lmaintext                       maintext     00000
__LnvBANK0                        nvBANK0      00000
__Lpowerup                        powerup      00000
__Lram                            ram          00000
__Lreset_vec                      reset_vec    00000
__Lsfr0                           sfr0         00000
__Lsfr1                           sfr1         00000
__Lsfr10                          sfr10        00000
__Lsfr11                          sfr11        00000
__Lsfr12                          sfr12        00000
__Lsfr13                          sfr13        00000
__Lsfr14                          sfr14        00000
__Lsfr15                          sfr15        00000
__Lsfr16                          sfr16        00000
__Lsfr17                          sfr17        00000
__Lsfr18                          sfr18        00000
__Lsfr19                          sfr19        00000
__Lsfr2                           sfr2         00000
__Lsfr20                          sfr20        00000
__Lsfr21                          sfr21        00000
__Lsfr22                          sfr22        00000
__Lsfr23                          sfr23        00000
__Lsfr24                          sfr24        00000
__Lsfr25                          sfr25        00000
__Lsfr26                          sfr26        00000
__Lsfr27                          sfr27        00000
__Lsfr28                          sfr28        00000
__Lsfr29                          sfr29        00000
__Lsfr3                           sfr3         00000
__Lsfr30                          sfr30        00000
__Lsfr31                          sfr31        00000
__Lsfr4                           sfr4         00000
__Lsfr5                           sfr5         00000
__Lsfr6                           sfr6         00000
__Lsfr7                           sfr7         00000
__Lsfr8                           sfr8         00000
__Lsfr9                           sfr9         00000
__Lstrings                        strings      00000
__Ltext                           text         00000
__S0                              (abs)        08009
__S1                              (abs)        00163
___awdiv                          text596      0031D
___awdiv@counter                  cstackCOMMON 00076
___awdiv@dividend                 cstackCOMMON 00073
___awdiv@divisor                  cstackCOMMON 00071
___awdiv@quotient                 cstackCOMMON 00078
___awdiv@sign                     cstackCOMMON 00077
___awmod                          text595      00389
___awmod@counter                  cstackCOMMON 00076
___awmod@dividend                 cstackCOMMON 00073
___awmod@divisor                  cstackCOMMON 00071
___awmod@sign                     cstackCOMMON 00077
__end_of_I2C_ISR                  text606      0059C
__end_of_I2C_Main                 text593      004A8
__end_of_I2C_Master_Reception     text601      0031D
__end_of_I2C_Master_Transmission  text600      00449
__end_of_I2C_Set                  text602      005E9
__end_of_IO_Set                   text604      00587
__end_of_ISR                      intentry     00015
__end_of_MainT                    text591      0021A
__end_of_MainT_Initial            text599      005DB
__end_of_Mcu_Initial              text594      005AD
__end_of_SegmentDisplay_Initial   text598      005CC
__end_of_SegmentDisplay_Main      text597      002A3
__end_of_TMR1_ISR                 text607      004DD
__end_of_TMR1_Set                 text603      005BD
__end_of___awdiv                  text596      00389
__end_of___awmod                  text595      003E9
__end_of_main                     maintext     0050B
__end_of_setSegmentDisplayNumber  text592      0016A
__pbssBANK0                       bssBANK0     0003A
__pbssBANK2                       bssBANK2     00120
__pbssCOMMON                      bssCOMMON    0007C
__pcstackBANK0                    cstackBANK0  0004E
__pcstackCOMMON                   cstackCOMMON 00070
__pdataBANK0                      dataBANK0    00020
__pdataBANK1                      dataBANK1    000A0
__pidataBANK0                     idataBANK0   00557
__pidataBANK1                     idataBANK1   00537
__pintentry                       intentry     00004
__pmaintext                       maintext     004DD
__pnvBANK0                        nvBANK0      00055
__ptext591                        text591      0016A
__ptext592                        text592      00018
__ptext593                        text593      00449
__ptext594                        text594      0059C
__ptext595                        text595      00389
__ptext596                        text596      0031D
__ptext597                        text597      0021A
__ptext598                        text598      005BD
__ptext599                        text599      005CC
__ptext600                        text600      003E9
__ptext601                        text601      002A3
__ptext602                        text602      005DB
__ptext603                        text603      005AD
__ptext604                        text604      00571
__ptext606                        text606      00587
__ptext607                        text607      004A8
__ptext608                        text608      00000
__size_of_I2C_ISR                 (abs)        00000
__size_of_I2C_Main                (abs)        00000
__size_of_I2C_Master_Reception    (abs)        00000
__size_of_I2C_Master_Transmission (abs)        00000
__size_of_I2C_Set                 (abs)        00000
__size_of_IO_Set                  (abs)        00000
__size_of_ISR                     (abs)        00000
__size_of_MainT                   (abs)        00000
__size_of_MainT_Initial           (abs)        00000
__size_of_Mcu_Initial             (abs)        00000
__size_of_SegmentDisplay_Initial  (abs)        00000
__size_of_SegmentDisplay_Main     (abs)        00000
__size_of_TMR1_ISR                (abs)        00000
__size_of_TMR1_Set                (abs)        00000
__size_of___awdiv                 (abs)        00000
__size_of___awmod                 (abs)        00000
__size_of_main                    (abs)        00000
__size_of_setSegmentDisplayNumber (abs)        00000
_exit                             init         00015
_main                             maintext     004DD
_setSegmentDisplayNumber          text592      00018
btemp                             (abs)        0007E
clear_ram                         clrtext      005E9
end_of_initialization             cinit        00534
init_ram                          inittext     005EF
intlevel0                         functab      00000
intlevel1                         functab      00000
intlevel2                         functab      00000
intlevel3                         functab      00000
intlevel4                         functab      00000
intlevel5                         functab      00000
reset_vec                         reset_vec    00000
setSegmentDisplayNumber@i         cstackBANK0  00051
setSegmentDisplayNumber@number    cstackCOMMON 0007A
start                             init         00015
start_initialization              cinit        0050B
wtemp0                            (abs)        0007E
