HI-TECH Software C Compiler 

Linker command line:

--edf=C:\Program Files (x86)\HI-TECH Software\PICC\9.83\dat\en_msgs.txt -cs \
  -h+Switch_2Key_Dimmer_V2.1.1.sym -z -Q16F1518 -ol.obj \
  -MSwitch_2Key_Dimmer_V2.1.1.map -E1 -ACONST=00h-0FFhx64 \
  -ACODE=00h-07FFhx8 -ASTRCODE=00h-03FFFh -AENTRY=00h-0FFhx64 \
  -ASTRING=00h-0FFhx64 -ABANK0=020h-06Fh -ABANK1=0A0h-0EFh \
  -ABANK2=0120h-016Fh -ABANK3=01A0h-01EFh -ABANK4=0220h-026Fh \
  -ABANK5=02A0h-02EFh -ABANK6=0320h-036Fh -ABANK7=03A0h-03EFh \
  -ABANK8=0420h-046Fh -ABANK9=04A0h-04EFh -ABANK10=0520h-056Fh \
  -ABANK11=05A0h-05EFh -ABANK12=0620h-064Fh -ABIGRAM=02000h-023EFh \
  -ARAM=020h-06Fh,0A0h-0EFh,0120h-016Fh,01A0h-01EFh,0220h-026Fh,02A0h-02EFh,0320h-036Fh,03A0h-03EFh,0420h-046Fh,04A0h-04EFh,0520h-056Fh,05A0h-05EFh,0620h-064Fh \
  -AABS1=020h-07Fh,0A0h-0EFh,0120h-016Fh,01A0h-01EFh,0220h-026Fh,02A0h-02EFh,0320h-036Fh,03A0h-03EFh,0420h-046Fh,04A0h-04EFh,0520h-056Fh,05A0h-05EFh,0620h-064Fh \
  -ACOMMON=070h-07Fh -ASFR0=00h-01Fh -ASFR1=080h-09Fh -ASFR2=0100h-011Fh \
  -ASFR3=0180h-019Fh -ASFR4=0200h-021Fh -ASFR5=0280h-029Fh \
  -ASFR6=0300h-031Fh -ASFR7=0380h-039Fh -ASFR8=0400h-041Fh \
  -ASFR9=0480h-049Fh -ASFR10=0500h-051Fh -ASFR11=0580h-059Fh \
  -ASFR12=0600h-061Fh -ASFR13=0680h-06EFh -ASFR14=0700h-076Fh \
  -ASFR15=0780h-07EFh -ASFR16=0800h-086Fh -ASFR17=0880h-08EFh \
  -ASFR18=0900h-096Fh -ASFR19=0980h-09EFh -ASFR20=0A00h-0A6Fh \
  -ASFR21=0A80h-0AEFh -ASFR22=0B00h-0B6Fh -ASFR23=0B80h-0BEFh \
  -ASFR24=0C00h-0C6Fh -ASFR25=0C80h-0CEFh -ASFR26=0D00h-0D6Fh \
  -ASFR27=0D80h-0DEFh -ASFR28=0E00h-0E6Fh -ASFR29=0E80h-0EEFh \
  -ASFR30=0F00h-0F6Fh -ASFR31=0F80h-0FEFh \
  -preset_vec=00h,intentry=04h,init,end_init -ppowerup=CODE -pfunctab=CODE \
  -ACONFIG=08007h-08008h -pconfig=CONFIG -DCONFIG=2 -AIDLOC=08000h-08003h \
  -pidloc=IDLOC -DIDLOC=2 -DCODE=2 -DSTRCODE=2 -DSTRING=2 -DCONST=2 \
  -DENTRY=2 -k startup.obj Switch_2Key_Dimmer_V2.1.1.obj 

Object code version is 3.10

Machine type is 16F1518



                Name                               Link     Load   Length Selector   Space Scale
startup.obj     end_init                             15       15        3        8       0
                reset_vec                             0        0        2        0       0
Switch_2Key_Dimmer_V2.1.1.obj
                intentry                              4        4       11        8       0
                config                             8007     8007        2    1000E       0
                text5058                           2B9C     2B9C        E     5738       0
                text5057                           2B41     2B41        D     5682       0
                text5056                           2BAA     2BAA        E     5754       0
                text5055                           2EF5     2EF5       1D     5DEA       0
                text5054                           2B4E     2B4E        D     569C       0
                text5053                           22DF     22DF       37     45BE       0
                text5052                             18       18      36C        8       0
                text5051                           2DCF     2DCF       13     5B9E       0
                text5049                           2BB8     2BB8        E     5770       0
                text5048                           2FDA     2FDA       26     5FB4       0
                text5047                           2104     2104       2B     4208       0
                text5046                           2213     2213       31     4426       0
                text5045                           2F12     2F12       1D     5E24       0
                text5044                           18D5     18D5       5E     31AA       0
                text5043                           2702     2702       4F     4E04       0
                text5042                           2E5D     2E5D       18     5CBA       0
                text5041                           2DF5     2DF5       14     5BEA       0
                text5040                           2C36     2C36        F     586C       0
                text5039                           212F     212F       2B     425E       0
                text5038                           2E8D     2E8D       19     5D1A       0
                text5037                           2E09     2E09       15     5C12       0
                text5036                           2AB9     2AB9        7     5572       0
                text5035                           2A5B     2A5B        5     54B6       0
                text5034                           2B11     2B11        C     5622       0
                text5033                           2AFD     2AFD        A     55FA       0
                text5032                           2F6D     2F6D       24     5EDA       0
                text5031                           2EA6     2EA6       1A     5D4C       0
                text5030                           2AA1     2AA1        6     5542       0
                text5029                           2AA7     2AA7        6     554E       0
                text5028                           2BC6     2BC6        E     578C       0
                text5027                           2AC0     2AC0        7     5580       0
                text5026                           2EDA     2EDA       1B     5DB4       0
                text5025                           2AC7     2AC7        9     558E       0
                text5024                           2EC0     2EC0       1A     5D80       0
                text5023                           2E1E     2E1E       15     5C3C       0
                text5022                           2BD4     2BD4        E     57A8       0
                text5021                           21E3     21E3       30     43C6       0
                text5020                           2FB5     2FB5       25     5F6A       0
                text5019                           253B     253B       47     4A76       0
                text5018                           1A74     1A74       74     34E8       0
                text5017                            802      802       9F     1004       0
                text5016                           1A07     1A07       6D     340E       0
                text5015                           171D     171D       E3     2E3A       0
                text5014                           2C72     2C72       10     58E4       0
                text5013                           117A     117A       A6     22F4       0
                text5012                           2E33     2E33       15     5C66       0
                text5011                           2F4D     2F4D       20     5E9A       0
                text5010                           2C45     2C45        F     588A       0
                text5009                           2316     2316       37     462C       0
                text5008                           2F2F     2F2F       1E     5E5E       0
                text5007                           2B1D     2B1D        C     563A       0
                text5006                           2C82     2C82       10     5904       0
                text5005                           2C92     2C92       10     5924       0
                text5004                           2D22     2D22       11     5A44       0
                text5003                           2D33     2D33       11     5A66       0
                text5002                            98E      98E      101     131C       0
                text5001                           1002     1002       49     2004       0
                text5000                           2D99     2D99       12     5B32       0
                text4999                           2CA2     2CA2       10     5944       0
                text4998                           208B     208B       28     4116       0
                text4997                           2CB2     2CB2       10     5964       0
                text4996                           2D44     2D44       11     5A88       0
                text4995                           2D55     2D55       11     5AAA       0
                text4994                           20DB     20DB       29     41B6       0
                text4993                           2BE2     2BE2        E     57C4       0
                text4992                           2BF0     2BF0        E     57E0       0
                text4991                           2C54     2C54        F     58A8       0
                text4990                           23F6     23F6       3E     47EC       0
                text4989                           234D     234D       38     469A       0
                text4988                           1E68     1E68       87     3CD0       0
                text4987                           2D66     2D66       11     5ACC       0
                text4986                           2385     2385       38     470A       0
                text4985                           2D77     2D77       11     5AEE       0
                text4984                           2D88     2D88       11     5B10       0
                text4983                           2CC2     2CC2       10     5984       0
                text4982                           2CD2     2CD2       10     59A4       0
                text4981                           2CE2     2CE2       10     59C4       0
                text4980                           2BFE     2BFE        E     57FC       0
                text4979                           2B5B     2B5B        D     56B6       0
                text4978                           2CF2     2CF2       10     59E4       0
                text4977                           2C0C     2C0C        E     5818       0
                text4976                           2C1A     2C1A        E     5834       0
                text4975                           2DAB     2DAB       12     5B56       0
                text4974                           2D02     2D02       10     5A04       0
                text4973                           2666     2666       4E     4CCC       0
                text4972                           2E75     2E75       18     5CEA       0
                text4971                           2AD0     2AD0        9     55A0       0
                text4970                           2B29     2B29        C     5652       0
                text4969                           2D12     2D12       10     5A24       0
                text4968                           1CDD     1CDD       82     39BA       0
                text4967                           2C63     2C63        F     58C6       0
                text4966                           2582     2582       4C     4B04       0
                text4965                           2A60     2A60        5     54C0       0
                text4964                            7F1      7F1        F        8       0
                text4963                           158F     158F       C4     2B1E       0
                text4962                           2E48     2E48       15     5C90       0
                text4961                           1867     1867       11     30CE       0
                text4960                            A8F      A8F      130     151E       0
                text4959                           14D7     14D7       B8     29AE       0
                text4958                           1653     1653       CA     2CA6       0
                text4957                           20B3     20B3       28     4166       0
                text4956                           2AD9     2AD9        9     55B2       0
                text4955                           2A65     2A65        5     54CA       0
                text4954                           2751     2751       54     4EA2       0
                text4953                           1AE8     1AE8       7C     35D0       0
                text4952                           21B4     21B4       2F     4368       0
                text4951                           203D     203D       27     407A       0
                text4950                           2A6A     2A6A        5     54D4       0
                text4949                           2A6F     2A6F        5     54DE       0
                text4948                           2B68     2B68        D     56D0       0
                text4947                           2A74     2A74        5     54E8       0
                text4946                           2AE2     2AE2        9     55C4       0
                text4945                           1F77     1F77       89     3EEE       0
                text4944                           2474     2474       41     48E8       0
                text4943                           2017     2017       26     402E       0
                text4942                           1DE2     1DE2       86     3BC4       0
                text4941                           27A5     27A5       5B     4F4A       0
                text4940                           215A     215A       2C     42B4       0
                text4939                           2DBD     2DBD       12     5B7A       0
                text4938                           2B75     2B75        D     56EA       0
                text4937                           22A9     22A9       36     4552       0
                text4936                           2B82     2B82        D     5704       0
                text4935                           2A79     2A79        5     54F2       0
                text4934                           2A7E     2A7E        5     54FC       0
                text4933                           2275     2275       34     44EA       0
                text4932                           25CE     25CE       4C     4B9C       0
                text4931                           12CB     12CB       AC     2596       0
                text4930                           2B07     2B07        A     560E       0
                text4929                           1878     1878       5D     30F0       0
                text4928                           2186     2186       2E     430C       0
                text4927                           1C5D     1C5D       80     38BA       0
                text4926                           2A83     2A83        5     5506       0
                text4925                           2A88     2A88        5     5510       0
                text4924                           2001     2001       16     4002       0
                text4923                           2AEB     2AEB        9     55D6       0
                text4922                           2434     2434       40     4868       0
                text4921                           1933     1933       69     3266       0
                text4920                           104B     104B       8C     2096       0
                text4919                           2F91     2F91       24     5F22       0
                text4918                           2064     2064       27     40C8       0
                text4917                           2B8F     2B8F        D     571E       0
                text4916                           1425     1425       B2     284A       0
                text4915                           10D7     10D7       A3     21AE       0
                text4914                           2C28     2C28        E     5850       0
                text4913                            E59      E59      1A7     1CB2       0
                text4912                           2DE2     2DE2       13     5BC4       0
                text4911                            8A1      8A1       ED     1142       0
                text4910                            6A6      6A6      14B        8       0
                text4909                           26B4     26B4       4E     4D68       0
                text4908                           1B64     1B64       7C     36C8       0
                text4907                           199C     199C       6B     3338       0
                text4906                           23BD     23BD       39     477A       0
                text4905                           2AF4     2AF4        9     55E8       0
                text4904                           1D5F     1D5F       83     3ABE       0
                text4903                           2B35     2B35        C     566A       0
                text4902                            CF2      CF2      167     19E4       0
                text4901                            BBF      BBF      133     177E       0
                text4900                           24B5     24B5       43     496A       0
                text4899                           261A     261A       4C     4C34       0
                text4898                            384      384      322        8       0
                text4897                           2A8D     2A8D        5     551A       0
                text4896                           2A92     2A92        5     5524       0
                text4895                           1377     1377       AE     26EE       0
                text4894                           2A97     2A97        5     552E       0
                text4893                           1BE0     1BE0       7D     37C0       0
                text4892                           1220     1220       AB     2440       0
                text4891                           2A9C     2A9C        5     5538       0
                maintext                           1EEF     1EEF       88     3DDE       0
                cstackBANK0                          20       20       4A       20       1
                cstackCOMMON                         71       71        7       70       1
                inittext                           2AAD     2AAD        6     555A       0
                clrtext                            2AB3     2AB3        6     5566       0
                bssBANK4                            220      220       47      220       1
                dataBANK3                           1A0      1A0       43      1A0       1
                bssBANK2                            120      120       50      120       1
                bssBANK1                             A0       A0       4F       A0       1
                bssBANK0                             6A       6A        5       20       1
                bssCOMMON                            78       78        4       70       1
                bitbssCOMMON                        380       70        7       70       1     8
                cinit                              2244     2244       31     4488       0
                nvBANK1                              EF       EF        1       A0       1
                nvCOMMON                             7C       7C        2       70       1
                nvBANK0                              6F       6F        1       20       1
                strings                            1800     1800       67     3000       0
                idataBANK3                         24F8     24F8       43     49F0       0

TOTAL           Name                               Link     Load   Length     Space
        CLASS   CONST          

        CLASS   CODE           
                end_init                             15       15        3         0
                intentry                              4        4       11         0
                reset_vec                             0        0        2         0
                text5058                           2B9C     2B9C        E         0
                text5057                           2B41     2B41        D         0
                text5056                           2BAA     2BAA        E         0
                text5055                           2EF5     2EF5       1D         0
                text5054                           2B4E     2B4E        D         0
                text5053                           22DF     22DF       37         0
                text5052                             18       18      36C         0
                text5051                           2DCF     2DCF       13         0
                text5049                           2BB8     2BB8        E         0
                text5048                           2FDA     2FDA       26         0
                text5047                           2104     2104       2B         0
                text5046                           2213     2213       31         0
                text5045                           2F12     2F12       1D         0
                text5044                           18D5     18D5       5E         0
                text5043                           2702     2702       4F         0
                text5042                           2E5D     2E5D       18         0
                text5041                           2DF5     2DF5       14         0
                text5040                           2C36     2C36        F         0
                text5039                           212F     212F       2B         0
                text5038                           2E8D     2E8D       19         0
                text5037                           2E09     2E09       15         0
                text5036                           2AB9     2AB9        7         0
                text5035                           2A5B     2A5B        5         0
                text5034                           2B11     2B11        C         0
                text5033                           2AFD     2AFD        A         0
                text5032                           2F6D     2F6D       24         0
                text5031                           2EA6     2EA6       1A         0
                text5030                           2AA1     2AA1        6         0
                text5029                           2AA7     2AA7        6         0
                text5028                           2BC6     2BC6        E         0
                text5027                           2AC0     2AC0        7         0
                text5026                           2EDA     2EDA       1B         0
                text5025                           2AC7     2AC7        9         0
                text5024                           2EC0     2EC0       1A         0
                text5023                           2E1E     2E1E       15         0
                text5022                           2BD4     2BD4        E         0
                text5021                           21E3     21E3       30         0
                text5020                           2FB5     2FB5       25         0
                text5019                           253B     253B       47         0
                text5018                           1A74     1A74       74         0
                text5017                            802      802       9F         0
                text5016                           1A07     1A07       6D         0
                text5015                           171D     171D       E3         0
                text5014                           2C72     2C72       10         0
                text5013                           117A     117A       A6         0
                text5012                           2E33     2E33       15         0
                text5011                           2F4D     2F4D       20         0
                text5010                           2C45     2C45        F         0
                text5009                           2316     2316       37         0
                text5008                           2F2F     2F2F       1E         0
                text5007                           2B1D     2B1D        C         0
                text5006                           2C82     2C82       10         0
                text5005                           2C92     2C92       10         0
                text5004                           2D22     2D22       11         0
                text5003                           2D33     2D33       11         0
                text5002                            98E      98E      101         0
                text5001                           1002     1002       49         0
                text5000                           2D99     2D99       12         0
                text4999                           2CA2     2CA2       10         0
                text4998                           208B     208B       28         0
                text4997                           2CB2     2CB2       10         0
                text4996                           2D44     2D44       11         0
                text4995                           2D55     2D55       11         0
                text4994                           20DB     20DB       29         0
                text4993                           2BE2     2BE2        E         0
                text4992                           2BF0     2BF0        E         0
                text4991                           2C54     2C54        F         0
                text4990                           23F6     23F6       3E         0
                text4989                           234D     234D       38         0
                text4988                           1E68     1E68       87         0
                text4987                           2D66     2D66       11         0
                text4986                           2385     2385       38         0
                text4985                           2D77     2D77       11         0
                text4984                           2D88     2D88       11         0
                text4983                           2CC2     2CC2       10         0
                text4982                           2CD2     2CD2       10         0
                text4981                           2CE2     2CE2       10         0
                text4980                           2BFE     2BFE        E         0
                text4979                           2B5B     2B5B        D         0
                text4978                           2CF2     2CF2       10         0
                text4977                           2C0C     2C0C        E         0
                text4976                           2C1A     2C1A        E         0
                text4975                           2DAB     2DAB       12         0
                text4974                           2D02     2D02       10         0
                text4973                           2666     2666       4E         0
                text4972                           2E75     2E75       18         0
                text4971                           2AD0     2AD0        9         0
                text4970                           2B29     2B29        C         0
                text4969                           2D12     2D12       10         0
                text4968                           1CDD     1CDD       82         0
                text4967                           2C63     2C63        F         0
                text4966                           2582     2582       4C         0
                text4965                           2A60     2A60        5         0
                text4964                            7F1      7F1        F         0
                text4963                           158F     158F       C4         0
                text4962                           2E48     2E48       15         0
                text4961                           1867     1867       11         0
                text4960                            A8F      A8F      130         0
                text4959                           14D7     14D7       B8         0
                text4958                           1653     1653       CA         0
                text4957                           20B3     20B3       28         0
                text4956                           2AD9     2AD9        9         0
                text4955                           2A65     2A65        5         0
                text4954                           2751     2751       54         0
                text4953                           1AE8     1AE8       7C         0
                text4952                           21B4     21B4       2F         0
                text4951                           203D     203D       27         0
                text4950                           2A6A     2A6A        5         0
                text4949                           2A6F     2A6F        5         0
                text4948                           2B68     2B68        D         0
                text4947                           2A74     2A74        5         0
                text4946                           2AE2     2AE2        9         0
                text4945                           1F77     1F77       89         0
                text4944                           2474     2474       41         0
                text4943                           2017     2017       26         0
                text4942                           1DE2     1DE2       86         0
                text4941                           27A5     27A5       5B         0
                text4940                           215A     215A       2C         0
                text4939                           2DBD     2DBD       12         0
                text4938                           2B75     2B75        D         0
                text4937                           22A9     22A9       36         0
                text4936                           2B82     2B82        D         0
                text4935                           2A79     2A79        5         0
                text4934                           2A7E     2A7E        5         0
                text4933                           2275     2275       34         0
                text4932                           25CE     25CE       4C         0
                text4931                           12CB     12CB       AC         0
                text4930                           2B07     2B07        A         0
                text4929                           1878     1878       5D         0
                text4928                           2186     2186       2E         0
                text4927                           1C5D     1C5D       80         0
                text4926                           2A83     2A83        5         0
                text4925                           2A88     2A88        5         0
                text4924                           2001     2001       16         0
                text4923                           2AEB     2AEB        9         0
                text4922                           2434     2434       40         0
                text4921                           1933     1933       69         0
                text4920                           104B     104B       8C         0
                text4919                           2F91     2F91       24         0
                text4918                           2064     2064       27         0
                text4917                           2B8F     2B8F        D         0
                text4916                           1425     1425       B2         0
                text4915                           10D7     10D7       A3         0
                text4914                           2C28     2C28        E         0
                text4913                            E59      E59      1A7         0
                text4912                           2DE2     2DE2       13         0
                text4911                            8A1      8A1       ED         0
                text4910                            6A6      6A6      14B         0
                text4909                           26B4     26B4       4E         0
                text4908                           1B64     1B64       7C         0
                text4907                           199C     199C       6B         0
                text4906                           23BD     23BD       39         0
                text4905                           2AF4     2AF4        9         0
                text4904                           1D5F     1D5F       83         0
                text4903                           2B35     2B35        C         0
                text4902                            CF2      CF2      167         0
                text4901                            BBF      BBF      133         0
                text4900                           24B5     24B5       43         0
                text4899                           261A     261A       4C         0
                text4898                            384      384      322         0
                text4897                           2A8D     2A8D        5         0
                text4896                           2A92     2A92        5         0
                text4895                           1377     1377       AE         0
                text4894                           2A97     2A97        5         0
                text4893                           1BE0     1BE0       7D         0
                text4892                           1220     1220       AB         0
                text4891                           2A9C     2A9C        5         0
                maintext                           1EEF     1EEF       88         0
                inittext                           2AAD     2AAD        6         0
                clrtext                            2AB3     2AB3        6         0
                cinit                              2244     2244       31         0
                idataBANK3                         24F8     24F8       43         0

        CLASS   STRCODE        

        CLASS   ENTRY          

        CLASS   STRING         
                strings                            1800     1800       67         0

        CLASS   BANK0          
                cstackBANK0                          20       20       4A         1
                bssBANK0                             6A       6A        5         1
                nvBANK0                              6F       6F        1         1

        CLASS   BANK1          
                bssBANK1                             A0       A0       4F         1
                nvBANK1                              EF       EF        1         1

        CLASS   BANK2          
                bssBANK2                            120      120       50         1

        CLASS   BANK3          
                dataBANK3                           1A0      1A0       43         1

        CLASS   BANK4          
                bssBANK4                            220      220       47         1

        CLASS   BANK5          

        CLASS   BANK6          

        CLASS   BANK7          

        CLASS   BANK8          

        CLASS   BANK9          

        CLASS   BANK10         

        CLASS   BANK11         

        CLASS   BANK12         

        CLASS   BIGRAM         

        CLASS   RAM            

        CLASS   ABS1           
                abs_s1                               7E       7E        2         1

        CLASS   COMMON         
                cstackCOMMON                         71       71        7         1
                bssCOMMON                            78       78        4         1
                bitbssCOMMON                        380       70        7         1
                nvCOMMON                             7C       7C        2         1

        CLASS   SFR0           

        CLASS   SFR1           

        CLASS   SFR2           

        CLASS   SFR3           

        CLASS   SFR4           

        CLASS   SFR5           

        CLASS   SFR6           

        CLASS   SFR7           

        CLASS   SFR8           

        CLASS   SFR9           

        CLASS   SFR10          

        CLASS   SFR11          

        CLASS   SFR12          

        CLASS   SFR13          

        CLASS   SFR14          

        CLASS   SFR15          

        CLASS   SFR16          

        CLASS   SFR17          

        CLASS   SFR18          

        CLASS   SFR19          

        CLASS   SFR20          

        CLASS   SFR21          

        CLASS   SFR22          

        CLASS   SFR23          

        CLASS   SFR24          

        CLASS   SFR25          

        CLASS   SFR26          

        CLASS   SFR27          

        CLASS   SFR28          

        CLASS   SFR29          

        CLASS   SFR30          

        CLASS   SFR31          

        CLASS   CONFIG         
                config                             8007     8007        2         0

        CLASS   IDLOC          

        CLASS   BANK31         

        CLASS   BANK30         

        CLASS   BANK29         

        CLASS   BANK28         

        CLASS   BANK27         

        CLASS   BANK26         

        CLASS   BANK25         

        CLASS   BANK24         

        CLASS   BANK23         

        CLASS   BANK22         

        CLASS   BANK21         

        CLASS   BANK20         

        CLASS   BANK19         

        CLASS   BANK18         

        CLASS   BANK17         

        CLASS   BANK16         

        CLASS   BANK15         

        CLASS   BANK14         

        CLASS   BANK13         

        CLASS   EEDATA         



SEGMENTS        Name                           Load    Length   Top    Selector   Space  Class     Delta

                reset_vec                      000000  000002  000002         0       0  CODE        2
                intentry                       000004  0007FC  000800         8       0  CODE        2
                cstackBANK0                    000020  000050  000070        20       1  BANK0       1
                bitbssCOMMON                   000070  00000E  00007E        70       1  COMMON      1
                bssBANK1                       0000A0  000050  0000F0        A0       1  BANK1       1
                bssBANK2                       000120  000050  000170       120       1  BANK2       1
                dataBANK3                      0001A0  000043  0001E3       1A0       1  BANK3       1
                bssBANK4                       000220  000047  000267       220       1  BANK4       1
                text5017                       000802  00009F  0008A1      1004       0  CODE        2
                text4911                       0008A1  0000ED  00098E      1142       0  CODE        2
                text5002                       00098E  000101  000A8F      131C       0  CODE        2
                text4960                       000A8F  000130  000BBF      151E       0  CODE        2
                text4901                       000BBF  000133  000CF2      177E       0  CODE        2
                text4902                       000CF2  000167  000E59      19E4       0  CODE        2
                text4913                       000E59  0001A7  001000      1CB2       0  CODE        2
                text5001                       001002  000049  00104B      2004       0  CODE        2
                text4920                       00104B  00008C  0010D7      2096       0  CODE        2
                text4915                       0010D7  0000A3  00117A      21AE       0  CODE        2
                text5013                       00117A  0000A6  001220      22F4       0  CODE        2
                text4892                       001220  0000AB  0012CB      2440       0  CODE        2
                text4931                       0012CB  0000AC  001377      2596       0  CODE        2
                text4895                       001377  0000AE  001425      26EE       0  CODE        2
                text4916                       001425  0000B2  0014D7      284A       0  CODE        2
                text4959                       0014D7  0000B8  00158F      29AE       0  CODE        2
                text4963                       00158F  0000C4  001653      2B1E       0  CODE        2
                text4958                       001653  0000CA  00171D      2CA6       0  CODE        2
                text5015                       00171D  0000E3  001800      2E3A       0  CODE        2
                strings                        001800  000067  001867      3000       0  STRING      2
                text4961                       001867  000011  001878      30CE       0  CODE        2
                text4929                       001878  00005D  0018D5      30F0       0  CODE        2
                text5044                       0018D5  00005E  001933      31AA       0  CODE        2
                text4921                       001933  000069  00199C      3266       0  CODE        2
                text4907                       00199C  00006B  001A07      3338       0  CODE        2
                text5016                       001A07  00006D  001A74      340E       0  CODE        2
                text5018                       001A74  000074  001AE8      34E8       0  CODE        2
                text4953                       001AE8  00007C  001B64      35D0       0  CODE        2
                text4908                       001B64  00007C  001BE0      36C8       0  CODE        2
                text4893                       001BE0  00007D  001C5D      37C0       0  CODE        2
                text4927                       001C5D  000080  001CDD      38BA       0  CODE        2
                text4968                       001CDD  000082  001D5F      39BA       0  CODE        2
                text4904                       001D5F  000083  001DE2      3ABE       0  CODE        2
                text4942                       001DE2  000086  001E68      3BC4       0  CODE        2
                text4988                       001E68  000087  001EEF      3CD0       0  CODE        2
                maintext                       001EEF  000088  001F77      3DDE       0  CODE        2
                text4945                       001F77  000089  002000      3EEE       0  CODE        2
                text4924                       002001  000016  002017      4002       0  CODE        2
                text4943                       002017  000026  00203D      402E       0  CODE        2
                text4951                       00203D  000027  002064      407A       0  CODE        2
                text4918                       002064  000027  00208B      40C8       0  CODE        2
                text4998                       00208B  000028  0020B3      4116       0  CODE        2
                text4957                       0020B3  000028  0020DB      4166       0  CODE        2
                text4994                       0020DB  000029  002104      41B6       0  CODE        2
                text5047                       002104  00002B  00212F      4208       0  CODE        2
                text5039                       00212F  00002B  00215A      425E       0  CODE        2
                text4940                       00215A  00002C  002186      42B4       0  CODE        2
                text4928                       002186  00002E  0021B4      430C       0  CODE        2
                text4952                       0021B4  00002F  0021E3      4368       0  CODE        2
                text5021                       0021E3  000030  002213      43C6       0  CODE        2
                text5046                       002213  000031  002244      4426       0  CODE        2
                cinit                          002244  000031  002275      4488       0  CODE        2
                text4933                       002275  000034  0022A9      44EA       0  CODE        2
                text4937                       0022A9  000036  0022DF      4552       0  CODE        2
                text5053                       0022DF  000037  002316      45BE       0  CODE        2
                text5009                       002316  000037  00234D      462C       0  CODE        2
                text4989                       00234D  000038  002385      469A       0  CODE        2
                text4986                       002385  000038  0023BD      470A       0  CODE        2
                text4906                       0023BD  000039  0023F6      477A       0  CODE        2
                text4990                       0023F6  00003E  002434      47EC       0  CODE        2
                text4922                       002434  000040  002474      4868       0  CODE        2
                text4944                       002474  000041  0024B5      48E8       0  CODE        2
                text4900                       0024B5  000043  0024F8      496A       0  CODE        2
                idataBANK3                     0024F8  000043  00253B      49F0       0  CODE        2
                text5019                       00253B  000047  002582      4A76       0  CODE        2
                text4966                       002582  00004C  0025CE      4B04       0  CODE        2
                text4932                       0025CE  00004C  00261A      4B9C       0  CODE        2
                text4899                       00261A  00004C  002666      4C34       0  CODE        2
                text4973                       002666  00004E  0026B4      4CCC       0  CODE        2
                text4909                       0026B4  00004E  002702      4D68       0  CODE        2
                text5043                       002702  00004F  002751      4E04       0  CODE        2
                text4954                       002751  000054  0027A5      4EA2       0  CODE        2
                text4941                       0027A5  00005B  002800      4F4A       0  CODE        2
                text5035                       002A5B  000005  002A60      54B6       0  CODE        2
                text4965                       002A60  000005  002A65      54C0       0  CODE        2
                text4955                       002A65  000005  002A6A      54CA       0  CODE        2
                text4950                       002A6A  000005  002A6F      54D4       0  CODE        2
                text4949                       002A6F  000005  002A74      54DE       0  CODE        2
                text4947                       002A74  000005  002A79      54E8       0  CODE        2
                text4935                       002A79  000005  002A7E      54F2       0  CODE        2
                text4934                       002A7E  000005  002A83      54FC       0  CODE        2
                text4926                       002A83  000005  002A88      5506       0  CODE        2
                text4925                       002A88  000005  002A8D      5510       0  CODE        2
                text4897                       002A8D  000005  002A92      551A       0  CODE        2
                text4896                       002A92  000005  002A97      5524       0  CODE        2
                text4894                       002A97  000005  002A9C      552E       0  CODE        2
                text4891                       002A9C  000005  002AA1      5538       0  CODE        2
                text5030                       002AA1  000006  002AA7      5542       0  CODE        2
                text5029                       002AA7  000006  002AAD      554E       0  CODE        2
                inittext                       002AAD  000006  002AB3      555A       0  CODE        2
                clrtext                        002AB3  000006  002AB9      5566       0  CODE        2
                text5036                       002AB9  000007  002AC0      5572       0  CODE        2
                text5027                       002AC0  000007  002AC7      5580       0  CODE        2
                text5025                       002AC7  000009  002AD0      558E       0  CODE        2
                text4971                       002AD0  000009  002AD9      55A0       0  CODE        2
                text4956                       002AD9  000009  002AE2      55B2       0  CODE        2
                text4946                       002AE2  000009  002AEB      55C4       0  CODE        2
                text4923                       002AEB  000009  002AF4      55D6       0  CODE        2
                text4905                       002AF4  000009  002AFD      55E8       0  CODE        2
                text5033                       002AFD  00000A  002B07      55FA       0  CODE        2
                text4930                       002B07  00000A  002B11      560E       0  CODE        2
                text5034                       002B11  00000C  002B1D      5622       0  CODE        2
                text5007                       002B1D  00000C  002B29      563A       0  CODE        2
                text4970                       002B29  00000C  002B35      5652       0  CODE        2
                text4903                       002B35  00000C  002B41      566A       0  CODE        2
                text5057                       002B41  00000D  002B4E      5682       0  CODE        2
                text5054                       002B4E  00000D  002B5B      569C       0  CODE        2
                text4979                       002B5B  00000D  002B68      56B6       0  CODE        2
                text4948                       002B68  00000D  002B75      56D0       0  CODE        2
                text4938                       002B75  00000D  002B82      56EA       0  CODE        2
                text4936                       002B82  00000D  002B8F      5704       0  CODE        2
                text4917                       002B8F  00000D  002B9C      571E       0  CODE        2
                text5058                       002B9C  00000E  002BAA      5738       0  CODE        2
                text5056                       002BAA  00000E  002BB8      5754       0  CODE        2
                text5049                       002BB8  00000E  002BC6      5770       0  CODE        2
                text5028                       002BC6  00000E  002BD4      578C       0  CODE        2
                text5022                       002BD4  00000E  002BE2      57A8       0  CODE        2
                text4993                       002BE2  00000E  002BF0      57C4       0  CODE        2
                text4992                       002BF0  00000E  002BFE      57E0       0  CODE        2
                text4980                       002BFE  00000E  002C0C      57FC       0  CODE        2
                text4977                       002C0C  00000E  002C1A      5818       0  CODE        2
                text4976                       002C1A  00000E  002C28      5834       0  CODE        2
                text4914                       002C28  00000E  002C36      5850       0  CODE        2
                text5040                       002C36  00000F  002C45      586C       0  CODE        2
                text5010                       002C45  00000F  002C54      588A       0  CODE        2
                text4991                       002C54  00000F  002C63      58A8       0  CODE        2
                text4967                       002C63  00000F  002C72      58C6       0  CODE        2
                text5014                       002C72  000010  002C82      58E4       0  CODE        2
                text5006                       002C82  000010  002C92      5904       0  CODE        2
                text5005                       002C92  000010  002CA2      5924       0  CODE        2
                text4999                       002CA2  000010  002CB2      5944       0  CODE        2
                text4997                       002CB2  000010  002CC2      5964       0  CODE        2
                text4983                       002CC2  000010  002CD2      5984       0  CODE        2
                text4982                       002CD2  000010  002CE2      59A4       0  CODE        2
                text4981                       002CE2  000010  002CF2      59C4       0  CODE        2
                text4978                       002CF2  000010  002D02      59E4       0  CODE        2
                text4974                       002D02  000010  002D12      5A04       0  CODE        2
                text4969                       002D12  000010  002D22      5A24       0  CODE        2
                text5004                       002D22  000011  002D33      5A44       0  CODE        2
                text5003                       002D33  000011  002D44      5A66       0  CODE        2
                text4996                       002D44  000011  002D55      5A88       0  CODE        2
                text4995                       002D55  000011  002D66      5AAA       0  CODE        2
                text4987                       002D66  000011  002D77      5ACC       0  CODE        2
                text4985                       002D77  000011  002D88      5AEE       0  CODE        2
                text4984                       002D88  000011  002D99      5B10       0  CODE        2
                text5000                       002D99  000012  002DAB      5B32       0  CODE        2
                text4975                       002DAB  000012  002DBD      5B56       0  CODE        2
                text4939                       002DBD  000012  002DCF      5B7A       0  CODE        2
                text5051                       002DCF  000013  002DE2      5B9E       0  CODE        2
                text4912                       002DE2  000013  002DF5      5BC4       0  CODE        2
                text5041                       002DF5  000014  002E09      5BEA       0  CODE        2
                text5037                       002E09  000015  002E1E      5C12       0  CODE        2
                text5023                       002E1E  000015  002E33      5C3C       0  CODE        2
                text5012                       002E33  000015  002E48      5C66       0  CODE        2
                text4962                       002E48  000015  002E5D      5C90       0  CODE        2
                text5042                       002E5D  000018  002E75      5CBA       0  CODE        2
                text4972                       002E75  000018  002E8D      5CEA       0  CODE        2
                text5038                       002E8D  000019  002EA6      5D1A       0  CODE        2
                text5031                       002EA6  00001A  002EC0      5D4C       0  CODE        2
                text5024                       002EC0  00001A  002EDA      5D80       0  CODE        2
                text5026                       002EDA  00001B  002EF5      5DB4       0  CODE        2
                text5055                       002EF5  00001D  002F12      5DEA       0  CODE        2
                text5045                       002F12  00001D  002F2F      5E24       0  CODE        2
                text5008                       002F2F  00001E  002F4D      5E5E       0  CODE        2
                text5011                       002F4D  000020  002F6D      5E9A       0  CODE        2
                text5032                       002F6D  000024  002F91      5EDA       0  CODE        2
                text4919                       002F91  000024  002FB5      5F22       0  CODE        2
                text5020                       002FB5  000025  002FDA      5F6A       0  CODE        2
                text5048                       002FDA  000026  003000      5FB4       0  CODE        2
                config                         008007  000002  008009     1000E       0  CONFIG      2


UNUSED ADDRESS RANGES

        Name                Unused          Largest block    Delta
        BANK10           00520-0056F              50           1
        BANK11           005A0-005EF              50           1
        BANK12           00620-0064F              30           1
        BANK3            001E3-001EF               D           1
        BANK4            00267-0026F               9           1
        BANK5            002A0-002EF              50           1
        BANK6            00320-0036F              50           1
        BANK7            003A0-003EF              50           1
        BANK8            00420-0046F              50           1
        BANK9            004A0-004EF              50           1
        BIGRAM           02000-023EF             3F0           1
        CODE             00002-00003               2           2
                         00800-00801               2
                         01000-01001               2
                         02000-02000               1
                         02800-02A5A             25B
                         03000-03FFF             800
        CONST            00002-00003               2           2
                         00800-00801               2
                         01000-01001               2
                         02000-02000               1
                         02800-02A5A             100
                         03000-03FFF             100
        ENTRY            00002-00003               2           2
                         00800-00801               2
                         01000-01001               2
                         02000-02000               1
                         02800-02A5A             100
                         03000-03FFF             100
        IDLOC            08000-08003               4           2
        RAM              001E3-001EF               D           1
                         00267-0026F               9
                         002A0-002EF              50
                         00320-0036F              50
                         003A0-003EF              50
                         00420-0046F              50
                         004A0-004EF              50
                         00520-0056F              50
                         005A0-005EF              50
                         00620-0064F              30
        SFR0             00000-0001F              20           1
        SFR1             00080-0009F              20           1
        SFR10            00500-0051F              20           1
        SFR11            00580-0059F              20           1
        SFR12            00600-0061F              20           1
        SFR13            00680-006EF              70           1
        SFR14            00700-0076F              70           1
        SFR15            00780-007EF              70           1
        SFR16            00800-0086F              70           1
        SFR17            00880-008EF              70           1
        SFR18            00900-0096F              70           1
        SFR19            00980-009EF              70           1
        SFR2             00100-0011F              20           1
        SFR20            00A00-00A6F              70           1
        SFR21            00A80-00AEF              70           1
        SFR22            00B00-00B6F              70           1
        SFR23            00B80-00BEF              70           1
        SFR24            00C00-00C6F              70           1
        SFR25            00C80-00CEF              70           1
        SFR26            00D00-00D6F              70           1
        SFR27            00D80-00DEF              70           1
        SFR28            00E00-00E6F              70           1
        SFR29            00E80-00EEF              70           1
        SFR3             00180-0019F              20           1
        SFR30            00F00-00F6F              70           1
        SFR31            00F80-00FEF              70           1
        SFR4             00200-0021F              20           1
        SFR5             00280-0029F              20           1
        SFR6             00300-0031F              20           1
        SFR7             00380-0039F              20           1
        SFR8             00400-0041F              20           1
        SFR9             00480-0049F              20           1
        STRCODE          00002-00003               2           2
                         00800-00801               2
                         01000-01001               2
                         02000-02000               1
                         02800-02A5A             25B
                         03000-03FFF            1000
        STRING           00002-00003               2           2
                         00800-00801               2
                         01000-01001               2
                         02000-02000               1
                         02800-02A5A             100
                         03000-03FFF             100

                                  Symbol Table

??_ADC_Set                               cstackBANK0  00020
??_BuzPointSelect                        cstackBANK0  00020
??_Buzzer_Initialization                 cstackBANK0  00024
??_Buzzer_Main                           cstackBANK0  00025
??_CC2500_ClearRXFIFO                    cstackBANK0  00024
??_CC2500_ClearTXFIFO                    cstackBANK0  00024
??_CC2500_FrequencyCabr                  cstackBANK0  00026
??_CC2500_InitPATable                    cstackBANK0  00025
??_CC2500_InitSetREG                     cstackBANK0  00025
??_CC2500_PowerOnInitial                 cstackBANK0  00029
??_CC2500_PowerRST                       cstackBANK0  00026
??_CC2500_ReadByte                       cstackBANK0  00020
??_CC2500_ReadStatus                     cstackBANK0  00022
??_CC2500_RxData                         cstackBANK0  00024
??_CC2500_SIDLEMode                      cstackBANK0  00024
??_CC2500_TxData                         cstackBANK0  00024
??_CC2500_WriteByte                      cstackBANK0  00020
??_CC2500_WriteCommand                   cstackBANK0  00022
??_CC2500_WriteREG                       cstackBANK0  00023
??_DelayOffPointSelect                   cstackBANK0  00020
??_DelayOff_Initialization               cstackBANK0  00023
??_DelayOff_Main                         cstackBANK0  00031
??_DelayTime_1us                         cstackBANK0  00022
??_DelayTimejudge                        cstackBANK0  00020
??_DimmerLightsOpenShow                  cstackBANK0  0005C
??_DimmerLightsPointSelect               cstackBANK0  00020
??_DimmerLights_Close                    cstackBANK0  00026
??_DimmerLights_ERROR                    cstackBANK0  0002E
??_DimmerLights_Initialization           cstackBANK0  0005F
??_DimmerLights_Main                     cstackBANK0  00054
??_DimmerPointSelect                     cstackBANK0  00020
??_DlyOff_Initialization                 cstackBANK0  00022
??_DlyOff_Main                           cstackBANK0  0002E
??_Flash_Memory_Erasing                  cstackBANK0  00020
??_Flash_Memory_Initialization           cstackBANK0  0004D
??_Flash_Memory_Main                     cstackBANK0  00027
??_Flash_Memory_Modify                   cstackBANK0  00024
??_Flash_Memory_Read                     cstackBANK0  00020
??_Flash_Memory_Unlock                   cstackBANK0  00020
??_Flash_Memory_Write                    cstackBANK0  00020
??_INT_ISR                               cstackCOMMON 00075
??_INT_Set                               cstackBANK0  00020
??_IOC_ISR                               cstackCOMMON 00071
??_IOC_Set                               cstackBANK0  00020
??_IO_Set                                cstackBANK0  00020
??_ISR                                   cstackCOMMON 00077
??_LED_Initialization                    cstackBANK0  00025
??_LED_Main                              cstackBANK0  00023
??_LedPointSelect                        cstackBANK0  00020
??_LoadPointSelect                       cstackBANK0  00020
??_Load_Initialization                   cstackBANK0  00023
??_Load_Main                             cstackBANK0  00037
??_MainT                                 cstackBANK0  0005D
??_MainT_Initialization                  cstackBANK0  00020
??_Mcu_Initialization                    cstackBANK0  00021
??_PowerFaultPointSelect                 cstackBANK0  00020
??_PowerFault_Initialization             cstackBANK0  00022
??_PowerFault_Main                       cstackBANK0  00035
??_RF_Initialization                     cstackBANK0  00021
??_RF_Main                               cstackBANK0  00069
??_RF_RxDisable                          cstackBANK0  00024
??_RfPointSelect                         cstackBANK0  00020
??_RfSWPointSelect                       cstackBANK0  00020
??_SwPointSelect                         cstackBANK0  00020
??_Sw_AdjFunc                            cstackBANK0  00024
??_Sw_OffFunc                            cstackBANK0  00027
??_Sw_OnFunc                             cstackBANK0  0002E
??_Switch_Initialization                 cstackBANK0  00025
??_Switch_Main                           cstackBANK0  00034
??_TMR0_ISR                              cstackCOMMON 00076
??_TMR0_Set                              cstackBANK0  00020
??_TempPointSelect                       cstackBANK0  00020
??_Temp_Initialization                   cstackBANK0  00022
??_Temp_Main                             cstackBANK0  00036
??_TouchPower                            cstackBANK0  00020
??___awdiv                               cstackBANK0  00024
??___awtoft                              cstackBANK0  00039
??___ftadd                               cstackBANK0  00052
??___ftdiv                               cstackBANK0  00042
??___ftmul                               cstackBANK0  00042
??___ftpack                              cstackBANK0  00025
??___fttol                               cstackBANK0  0002C
??___lwdiv                               cstackBANK0  00024
??___wmul                                cstackBANK0  00024
??_getAD                                 cstackBANK0  00022
??_getDimmerLights_StatusFlag            cstackBANK0  00022
??_getDimmerLights_Trigger               cstackBANK0  00022
??_getDimmer_Detect                      cstackBANK0  00022
??_getDimmer_LoadERROR                   cstackBANK0  00022
??_getDimmer_PFERROR                     cstackBANK0  00022
??_getDimmer_TempERROR                   cstackBANK0  00022
??_getLoad_AD                            cstackBANK0  00028
??_getLoad_ERROR                         cstackBANK0  00022
??_getLoad_Safe                          cstackBANK0  00022
??_getPF_ERROR                           cstackBANK0  00021
??_getPF_Safe                            cstackBANK0  00021
??_getPercentValue                       cstackBANK0  00059
??_getPowerFault_AD                      cstackBANK0  00028
??_getRxData                             cstackBANK0  00065
??_getTemp_AD                            cstackBANK0  00028
??_getTemp_ERROR                         cstackBANK0  00021
??_getTemp_Safe                          cstackBANK0  00021
??_main                                  cstackBANK0  00069
??_setBuz                                cstackBANK0  0002C
??_setBuz_Enable                         cstackBANK0  00023
??_setBuz_Initialization                 cstackBANK0  00024
??_setBuz_Main                           cstackBANK0  00022
??_setControl_Lights_Table               cstackBANK0  00064
??_setDelayOff_GO                        cstackBANK0  00025
??_setDimmerLights                       cstackBANK0  00027
??_setDimmerLights_Adj                   cstackBANK0  0004E
??_setDimmerLights_AdjGo                 cstackBANK0  00023
??_setDimmerLights_AdjRF                 cstackBANK0  0005C
??_setDimmerLights_Close                 cstackBANK0  00023
??_setDimmerLights_ERROR                 cstackBANK0  00025
??_setDimmerLights_Initialization        cstackBANK0  0005C
??_setDimmerLights_Main                  cstackBANK0  00051
??_setDimmerLights_Open                  cstackBANK0  00023
??_setDimmerLights_Switch                cstackBANK0  00023
??_setDimmerLights_Trigger               cstackBANK0  00023
??_setDimmerLights_TriggerAdj            cstackBANK0  00023
??_setDimmerLights_TriggerERROR          cstackBANK0  00023
??_setDimmerReClock                      cstackCOMMON 00071
??_setDimmer_Detect                      cstackBANK0  00023
??_setDimmer_LoadERROR                   cstackBANK0  00023
??_setDimmer_PFERROR                     cstackBANK0  00023
??_setDimmer_TempERROR                   cstackBANK0  00023
??_setINT_GO                             cstackBANK0  00020
??_setLED                                cstackBANK0  00023
??_setLED_Initialization                 cstackBANK0  00024
??_setLED_Main                           cstackBANK0  00022
??_setLoad_AH_AL_Restore                 cstackBANK0  00020
??_setLoad_Count                         cstackBANK0  00021
??_setLoad_ERROR                         cstackBANK0  00030
??_setLoad_Enable                        cstackBANK0  00023
??_setLoad_GO                            cstackBANK0  00023
??_setLoad_Initialization                cstackBANK0  00022
??_setLoad_LightsStatus                  cstackBANK0  00024
??_setLoad_Main                          cstackBANK0  00032
??_setLoad_StatusOff                     cstackBANK0  00024
??_setLoad_StatusOn                      cstackBANK0  00023
??_setLog_Code                           cstackBANK0  0002E
??_setOverTemp_ERROR                     cstackBANK0  00030
??_setPercentValue                       cstackBANK0  0004C
??_setPowerFault_ERROR                   cstackBANK0  00030
??_setPowerFault_Initialization          cstackBANK0  00021
??_setPowerFault_Main                    cstackBANK0  00032
??_setRFSW_AdjControl                    cstackBANK0  00061
??_setRFSW_Control                       cstackBANK0  0002E
??_setRFSW_Status                        cstackBANK0  00023
??_setRF_DimmerLights                    cstackBANK0  00021
??_setRF_DimmerValue                     cstackBANK0  0005E
??_setRF_Enable                          cstackBANK0  00026
??_setRF_Initialization                  cstackBANK0  00020
??_setRF_Learn                           cstackBANK0  00023
??_setRF_Main                            cstackBANK0  00066
??_setRF_ReceiveGO                       cstackCOMMON 00074
??_setRF_RxStatus                        cstackBANK0  00023
??_setSw_Enable                          cstackBANK0  00023
??_setSw_Initialization                  cstackBANK0  00024
??_setSw_Main                            cstackBANK0  0002F
??_setSw_Status                          cstackBANK0  00023
??_setTemp_Enable                        cstackBANK0  00022
??_setTemp_Initialization                cstackBANK0  00021
??_setTemp_Main                          cstackBANK0  00032
??_setTxData                             cstackBANK0  00022
??i1_LoadPointSelect                     cstackCOMMON 00071
??i1_RfPointSelect                       cstackCOMMON 00071
??i1_setLoad_StatusOff                   cstackCOMMON 00075
?_ADC_Set                                cstackCOMMON 00071
?_BuzPointSelect                         cstackCOMMON 00071
?_Buzzer_Initialization                  cstackCOMMON 00071
?_Buzzer_Main                            cstackCOMMON 00071
?_CC2500_ClearRXFIFO                     cstackCOMMON 00071
?_CC2500_ClearTXFIFO                     cstackCOMMON 00071
?_CC2500_FrequencyCabr                   cstackCOMMON 00071
?_CC2500_InitPATable                     cstackCOMMON 00071
?_CC2500_InitSetREG                      cstackCOMMON 00071
?_CC2500_PowerOnInitial                  cstackCOMMON 00071
?_CC2500_PowerRST                        cstackCOMMON 00071
?_CC2500_ReadByte                        cstackCOMMON 00071
?_CC2500_ReadStatus                      cstackCOMMON 00071
?_CC2500_RxData                          cstackCOMMON 00071
?_CC2500_SIDLEMode                       cstackCOMMON 00071
?_CC2500_TxData                          cstackCOMMON 00071
?_CC2500_WriteByte                       cstackCOMMON 00071
?_CC2500_WriteCommand                    cstackCOMMON 00071
?_CC2500_WriteREG                        cstackBANK0  00022
?_DelayOffPointSelect                    cstackCOMMON 00071
?_DelayOff_Initialization                cstackCOMMON 00071
?_DelayOff_Main                          cstackCOMMON 00071
?_DelayTime_1us                          cstackBANK0  00020
?_DelayTimejudge                         cstackCOMMON 00071
?_DimmerLightsOpenShow                   cstackCOMMON 00071
?_DimmerLightsPointSelect                cstackCOMMON 00071
?_DimmerLights_Close                     cstackCOMMON 00071
?_DimmerLights_ERROR                     cstackCOMMON 00071
?_DimmerLights_Initialization            cstackCOMMON 00071
?_DimmerLights_Main                      cstackCOMMON 00071
?_DimmerPointSelect                      cstackCOMMON 00071
?_DlyOff_Initialization                  cstackCOMMON 00071
?_DlyOff_Main                            cstackCOMMON 00071
?_Flash_Memory_Erasing                   cstackCOMMON 00071
?_Flash_Memory_Initialization            cstackCOMMON 00071
?_Flash_Memory_Main                      cstackCOMMON 00071
?_Flash_Memory_Modify                    cstackCOMMON 00071
?_Flash_Memory_Read                      cstackCOMMON 00071
?_Flash_Memory_Unlock                    cstackCOMMON 00071
?_Flash_Memory_Write                     cstackCOMMON 00071
?_INT_ISR                                cstackCOMMON 00071
?_INT_Set                                cstackCOMMON 00071
?_IOC_ISR                                cstackCOMMON 00071
?_IOC_Set                                cstackCOMMON 00071
?_IO_Set                                 cstackCOMMON 00071
?_ISR                                    cstackCOMMON 00071
?_LED_Initialization                     cstackCOMMON 00071
?_LED_Main                               cstackCOMMON 00071
?_LedPointSelect                         cstackCOMMON 00071
?_LoadPointSelect                        cstackCOMMON 00071
?_Load_Initialization                    cstackCOMMON 00071
?_Load_Main                              cstackCOMMON 00071
?_MainT                                  cstackCOMMON 00071
?_MainT_Initialization                   cstackCOMMON 00071
?_Mcu_Initialization                     cstackCOMMON 00071
?_PowerFaultPointSelect                  cstackCOMMON 00071
?_PowerFault_Initialization              cstackCOMMON 00071
?_PowerFault_Main                        cstackCOMMON 00071
?_RF_Initialization                      cstackCOMMON 00071
?_RF_Main                                cstackCOMMON 00071
?_RF_RxDisable                           cstackCOMMON 00071
?_RfPointSelect                          cstackCOMMON 00071
?_RfSWPointSelect                        cstackCOMMON 00071
?_SwPointSelect                          cstackCOMMON 00071
?_Sw_AdjFunc                             cstackCOMMON 00071
?_Sw_OffFunc                             cstackCOMMON 00071
?_Sw_OnFunc                              cstackCOMMON 00071
?_Switch_Initialization                  cstackCOMMON 00071
?_Switch_Main                            cstackCOMMON 00071
?_TMR0_ISR                               cstackCOMMON 00071
?_TMR0_Set                               cstackCOMMON 00071
?_TempPointSelect                        cstackCOMMON 00071
?_Temp_Initialization                    cstackCOMMON 00071
?_Temp_Main                              cstackCOMMON 00071
?_TouchPower                             cstackCOMMON 00071
?___awdiv                                cstackBANK0  00020
?___awtoft                               cstackBANK0  00036
?___ftadd                                cstackBANK0  0004C
?___ftdiv                                cstackBANK0  0003C
?___ftmul                                cstackBANK0  0003C
?___ftpack                               cstackBANK0  00020
?___fttol                                cstackBANK0  00028
?___lwdiv                                cstackBANK0  00020
?___wmul                                 cstackBANK0  00020
?_getAD                                  cstackBANK0  00020
?_getDimmerLights_StatusFlag             cstackCOMMON 00071
?_getDimmerLights_Trigger                cstackCOMMON 00071
?_getDimmer_Detect                       cstackCOMMON 00071
?_getDimmer_LoadERROR                    cstackCOMMON 00071
?_getDimmer_PFERROR                      cstackCOMMON 00071
?_getDimmer_TempERROR                    cstackCOMMON 00071
?_getLoad_AD                             cstackBANK0  00027
?_getLoad_ERROR                          cstackCOMMON 00071
?_getLoad_Safe                           cstackCOMMON 00071
?_getPF_ERROR                            cstackCOMMON 00071
?_getPF_Safe                             cstackCOMMON 00071
?_getPercentValue                        cstackCOMMON 00071
?_getPowerFault_AD                       cstackBANK0  00027
?_getRxData                              cstackCOMMON 00071
?_getTemp_AD                             cstackBANK0  00027
?_getTemp_ERROR                          cstackCOMMON 00071
?_getTemp_Safe                           cstackCOMMON 00071
?_main                                   cstackCOMMON 00071
?_setBuz                                 cstackBANK0  00029
?_setBuz_Enable                          cstackBANK0  00022
?_setBuz_Initialization                  cstackCOMMON 00071
?_setBuz_Main                            cstackCOMMON 00071
?_setControl_Lights_Table                cstackCOMMON 00071
?_setDelayOff_GO                         cstackBANK0  00023
?_setDimmerLights                        cstackBANK0  00026
?_setDimmerLights_Adj                    cstackBANK0  0004D
?_setDimmerLights_AdjGo                  cstackBANK0  00022
?_setDimmerLights_AdjRF                  cstackCOMMON 00071
?_setDimmerLights_Close                  cstackBANK0  00022
?_setDimmerLights_ERROR                  cstackCOMMON 00071
?_setDimmerLights_Initialization         cstackCOMMON 00071
?_setDimmerLights_Main                   cstackCOMMON 00071
?_setDimmerLights_Open                   cstackBANK0  00022
?_setDimmerLights_Switch                 cstackBANK0  00022
?_setDimmerLights_Trigger                cstackBANK0  00022
?_setDimmerLights_TriggerAdj             cstackBANK0  00022
?_setDimmerLights_TriggerERROR           cstackBANK0  00022
?_setDimmerReClock                       cstackCOMMON 00071
?_setDimmer_Detect                       cstackBANK0  00022
?_setDimmer_LoadERROR                    cstackBANK0  00022
?_setDimmer_PFERROR                      cstackBANK0  00022
?_setDimmer_TempERROR                    cstackBANK0  00022
?_setINT_GO                              cstackCOMMON 00071
?_setLED                                 cstackBANK0  00022
?_setLED_Initialization                  cstackCOMMON 00071
?_setLED_Main                            cstackCOMMON 00071
?_setLoad_AH_AL_Restore                  cstackCOMMON 00071
?_setLoad_Count                          cstackBANK0  00020
?_setLoad_ERROR                          cstackBANK0  0002F
?_setLoad_Enable                         cstackBANK0  00022
?_setLoad_GO                             cstackBANK0  00022
?_setLoad_Initialization                 cstackCOMMON 00071
?_setLoad_LightsStatus                   cstackBANK0  00022
?_setLoad_Main                           cstackCOMMON 00071
[...]
__size_of___fttol                        (abs)        00000
__size_of___lwdiv                        (abs)        00000
__size_of___wmul                         (abs)        00000
__size_of_getAD                          (abs)        00000
__size_of_getDimmerLights_StatusFlag     (abs)        00000
__size_of_getDimmerLights_Trigger        (abs)        00000
__size_of_getDimmer_Detect               (abs)        00000
__size_of_getDimmer_LoadERROR            (abs)        00000
__size_of_getDimmer_PFERROR              (abs)        00000
__size_of_getDimmer_TempERROR            (abs)        00000
__size_of_getLoad_AD                     (abs)        00000
__size_of_getLoad_ERROR                  (abs)        00000
__size_of_getLoad_Safe                   (abs)        00000
__size_of_getPF_ERROR                    (abs)        00000
__size_of_getPF_Safe                     (abs)        00000
__size_of_getPercentValue                (abs)        00000
__size_of_getPowerFault_AD               (abs)        00000
__size_of_getRxData                      (abs)        00000
__size_of_getTemp_AD                     (abs)        00000
__size_of_getTemp_ERROR                  (abs)        00000
__size_of_getTemp_Safe                   (abs)        00000
__size_of_main                           (abs)        00000
__size_of_setBuz                         (abs)        00000
__size_of_setBuz_Enable                  (abs)        00000
__size_of_setBuz_Initialization          (abs)        00000
__size_of_setBuz_Main                    (abs)        00000
__size_of_setControl_Lights_Table        (abs)        00000
__size_of_setDelayOff_GO                 (abs)        00000
__size_of_setDimmerLights                (abs)        00000
__size_of_setDimmerLights_Adj            (abs)        00000
__size_of_setDimmerLights_AdjGo          (abs)        00000
__size_of_setDimmerLights_AdjRF          (abs)        00000
__size_of_setDimmerLights_Close          (abs)        00000
__size_of_setDimmerLights_ERROR          (abs)        00000
__size_of_setDimmerLights_Initialization (abs)        00000
__size_of_setDimmerLights_Main           (abs)        00000
__size_of_setDimmerLights_Open           (abs)        00000
__size_of_setDimmerLights_Switch         (abs)        00000
__size_of_setDimmerLights_Trigger        (abs)        00000
__size_of_setDimmerLights_TriggerAdj     (abs)        00000
__size_of_setDimmerLights_TriggerERROR   (abs)        00000
__size_of_setDimmerReClock               (abs)        00000
__size_of_setDimmer_Detect               (abs)        00000
__size_of_setDimmer_LoadERROR            (abs)        00000
__size_of_setDimmer_PFERROR              (abs)        00000
__size_of_setDimmer_TempERROR            (abs)        00000
__size_of_setINT_GO                      (abs)        00000
__size_of_setLED                         (abs)        00000
__size_of_setLED_Initialization          (abs)        00000
__size_of_setLED_Main                    (abs)        00000
__size_of_setLoad_AH_AL_Restore          (abs)        00000
__size_of_setLoad_Count                  (abs)        00000
__size_of_setLoad_ERROR                  (abs)        00000
__size_of_setLoad_Enable                 (abs)        00000
__size_of_setLoad_GO                     (abs)        00000
__size_of_setLoad_Initialization         (abs)        00000
__size_of_setLoad_LightsStatus           (abs)        00000
__size_of_setLoad_Main                   (abs)        00000
__size_of_setLoad_StatusOff              (abs)        00000
__size_of_setLoad_StatusOn               (abs)        00000
__size_of_setLog_Code                    (abs)        00000
__size_of_setOverTemp_ERROR              (abs)        00000
__size_of_setPercentValue                (abs)        00000
__size_of_setPowerFault_ERROR            (abs)        00000
__size_of_setPowerFault_Initialization   (abs)        00000
__size_of_setPowerFault_Main             (abs)        00000
__size_of_setRFSW_AdjControl             (abs)        00000
__size_of_setRFSW_Control                (abs)        00000
__size_of_setRFSW_Status                 (abs)        00000
__size_of_setRF_DimmerLights             (abs)        00000
__size_of_setRF_DimmerValue              (abs)        00000
__size_of_setRF_Enable                   (abs)        00000
__size_of_setRF_Initialization           (abs)        00000
__size_of_setRF_Learn                    (abs)        00000
__size_of_setRF_Main                     (abs)        00000
__size_of_setRF_ReceiveGO                (abs)        00000
__size_of_setRF_RxStatus                 (abs)        00000
__size_of_setSw_Enable                   (abs)        00000
__size_of_setSw_Initialization           (abs)        00000
__size_of_setSw_Main                     (abs)        00000
__size_of_setSw_Status                   (abs)        00000
__size_of_setTemp_Enable                 (abs)        00000
__size_of_setTemp_Initialization         (abs)        00000
__size_of_setTemp_Main                   (abs)        00000
__size_of_setTxData                      (abs)        00000
__size_ofi1_LoadPointSelect              (abs)        00000
__size_ofi1_RfPointSelect                (abs)        00000
__size_ofi1_setLoad_StatusOff            (abs)        00000
__stringtab                              strings      01800
_exit                                    init         00015
_getAD                                   text5032     02F6D
_getDimmerLights_StatusFlag              text4998     0208B
_getDimmerLights_Trigger                 text4994     020DB
_getDimmer_Detect                        text5000     02D99
_getDimmer_LoadERROR                     text4992     02BF0
_getDimmer_PFERROR                       text4991     02C54
_getDimmer_TempERROR                     text4993     02BE2
_getLoad_AD                              text4963     0158F
_getLoad_ERROR                           text4978     02CF2
_getLoad_Safe                            text4975     02DAB
_getPF_ERROR                             text4979     02B5B
_getPF_Safe                              text4976     02C1A
_getPercentValue                         text4944     02474
_getPowerFault_AD                        text4966     02582
_getRxData                               text4893     01BE0
_getTemp_AD                              text4968     01CDD
_getTemp_ERROR                           text4980     02BFE
_getTemp_Safe                            text4977     02C0C
_main                                    maintext     01EEF
_r_address                               bssBANK1     000C1
_r_data                                  bssBANK1     000C2
_s_data                                  bssBANK1     000C3
_setBuz                                  text5013     0117A
_setBuz_Enable                           text5014     02C72
_setBuz_Initialization                   text4956     02AD9
_setBuz_Main                             text5015     0171D
_setControl_Lights_Table                 text4895     01377
_setDelayOff_GO                          text5001     01002
_setDimmerLights                         text4942     01DE2
_setDimmerLights_Adj                     text4921     01933
_setDimmerLights_AdjGo                   text4985     02D77
_setDimmerLights_AdjRF                   text4919     02F91
_setDimmerLights_Close                   text4995     02D55
_setDimmerLights_ERROR                   text4941     027A5
_setDimmerLights_Initialization          text4922     02434
_setDimmerLights_Main                    text4911     008A1
_setDimmerLights_Open                    text4996     02D44
_setDimmerLights_Switch                  text5003     02D33
_setDimmerLights_Trigger                 text5004     02D22
_setDimmerLights_TriggerAdj              text4984     02D88
_setDimmerLights_TriggerERROR            text4990     023F6
_setDimmerReClock                        text5058     02B9C
_setDimmer_Detect                        text4999     02CA2
_setDimmer_LoadERROR                     text4982     02CD2
_setDimmer_PFERROR                       text4981     02CE2
_setDimmer_TempERROR                     text4983     02CC2
_setINT_GO                               text5033     02AFD
_setLED                                  text4988     01E68
_setLED_Initialization                   text4939     02DBD
_setLED_Main                             text4973     02666
_setLoad_AH_AL_Restore                   text5021     021E3
_setLoad_Count                           text5041     02DF5
_setLoad_ERROR                           text4904     01D5F
_setLoad_Enable                          text4962     02E48
_setLoad_GO                              text4997     02CB2
_setLoad_Initialization                  text4961     01867
_setLoad_LightsStatus                    text4986     02385
_setLoad_Main                            text4898     00384
_setLoad_StatusOff                       text4989     0234D
_setLoad_StatusOn                        text4987     02D66
_setLog_Code                             text4932     025CE
_setOverTemp_ERROR                       text4908     01B64
_setPercentValue                         text4940     0215A
_setPowerFault_ERROR                     text4907     0199C
_setPowerFault_Initialization            text4967     02C63
_setPowerFault_Main                      text4901     00BBF
_setRFSW_AdjControl                      text4900     024B5
_setRFSW_Control                         text4931     012CB
_setRFSW_Status                          text5005     02C92
_setRF_DimmerLights                      text5044     018D5
_setRF_DimmerValue                       text4906     023BD
_setRF_Enable                            text4918     02064
_setRF_Initialization                    text5027     02AC0
_setRF_Learn                             text4964     007F1
_setRF_Main                              text4892     01220
_setRF_Main$13836                        cstackBANK0  00068
_setRF_ReceiveGO                         text5054     02B4E
_setRF_RxStatus                          text5010     02C45
_setSw_Enable                            text4974     02D02
_setSw_Initialization                    text4930     02B07
_setSw_Main                              text4913     00E59
_setSw_Main$15292                        cstackBANK0  00031
_setSw_Main$15293                        cstackBANK0  00032
_setSw_Status                            text5006     02C82
_setTemp_Enable                          text4969     02D12
_setTemp_Initialization                  text4970     02B29
_setTemp_Main                            text4902     00CF2
_setTxData                               text5002     0098E
btemp                                    (abs)        0007E
clear_ram                                clrtext      02AB3
end_of_initialization                    cinit        02272
getAD@adcon0                             cstackBANK0  00026
getAD@adcon1                             cstackBANK0  00020
getDimmerLights_StatusFlag@Status        cstackBANK0  00024
getDimmerLights_StatusFlag@i             cstackBANK0  00025
getDimmerLights_StatusFlag@length        cstackBANK0  00023
getDimmerLights_Trigger@Status           cstackBANK0  00024
getDimmerLights_Trigger@i                cstackBANK0  00025
getDimmerLights_Trigger@length           cstackBANK0  00023
getDimmer_Detect@dimmer                  cstackBANK0  00023
getDimmer_LoadERROR@dimmer               cstackBANK0  00022
getDimmer_PFERROR@dimmer                 cstackBANK0  00022
getDimmer_TempERROR@dimmer               cstackBANK0  00022
getLoad_AD@channel                       cstackBANK0  00027
getLoad_AD@i                             cstackBANK0  0002F
getLoad_AD@j                             cstackBANK0  0002E
getLoad_AD@load                          cstackBANK0  0002D
getLoad_ERROR@load                       cstackBANK0  00022
getLoad_Safe@load                        cstackBANK0  00023
getPF_ERROR@pf                           cstackBANK0  00021
getPF_Safe@pf                            cstackBANK0  00021
getPercentValue@value                    cstackBANK0  0005B
getPowerFault_AD@channel                 cstackBANK0  00027
getPowerFault_AD@pf                      cstackBANK0  0002C
getRxData@rf                             cstackBANK0  00065
getTemp_AD@channel                       cstackBANK0  00027
getTemp_AD@temp                          cstackBANK0  0002C
getTemp_ERROR@temp                       cstackBANK0  00021
getTemp_Safe@temp                        cstackBANK0  00021
i1LoadPointSelect@load                   cstackCOMMON 00072
i1RfPointSelect@rf                       cstackCOMMON 00072
i1_LoadPointSelect                       text5056     02BAA
i1_RfPointSelect                         text5057     02B41
i1_setLoad_StatusOff                     text5053     022DF
i1setLoad_StatusOff@command              cstackCOMMON 00074
i1setLoad_StatusOff@lights               cstackCOMMON 00073
i1setLoad_StatusOff@load                 cstackCOMMON 00075
init_ram                                 inittext     02AAD
intlevel0                                functab      00000
intlevel1                                functab      00000
intlevel2                                functab      00000
intlevel3                                functab      00000
intlevel4                                functab      00000
intlevel5                                functab      00000
reset_vec                                reset_vec    00000
setBuz@buz                               cstackBANK0  0002D
setBuz@count                             cstackBANK0  00029
setBuz@time                              cstackBANK0  0002A
setBuz_Enable@buz                        cstackBANK0  00023
setBuz_Enable@command                    cstackBANK0  00022
setBuz_Initialization@buz                cstackCOMMON 00071
setBuz_Main@buz                          cstackBANK0  00024
setControl_Lights_Table@rf               cstackBANK0  00064
setDelayOff_GO@command                   cstackBANK0  00023
setDelayOff_GO@sw                        cstackBANK0  00026
setDelayOff_GO@value                     cstackBANK0  00024
setDimmerLights@lights                   cstackBANK0  00028
setDimmerLights@status                   cstackBANK0  00026
setDimmerLights_Adj@lights               cstackBANK0  00050
setDimmerLights_Adj@status               cstackBANK0  0004D
setDimmerLights_AdjGo@command            cstackBANK0  00022
setDimmerLights_AdjGo@lights             cstackBANK0  00023
setDimmerLights_AdjRF@lights             cstackBANK0  0005D
setDimmerLights_Close@command            cstackBANK0  00022
setDimmerLights_Close@lights             cstackBANK0  00023
setDimmerLights_ERROR@lights             cstackBANK0  00026
setDimmerLights_Initialization@lights    cstackBANK0  0005E
setDimmerLights_Main@close               cstackBANK0  00052
setDimmerLights_Main@lights              cstackBANK0  00053
setDimmerLights_Main@open                cstackBANK0  00051
setDimmerLights_Open@command             cstackBANK0  00022
setDimmerLights_Open@lights              cstackBANK0  00023
setDimmerLights_Switch@command           cstackBANK0  00022
setDimmerLights_Switch@lights            cstackBANK0  00023
setDimmerLights_Trigger@command          cstackBANK0  00022
setDimmerLights_Trigger@lights           cstackBANK0  00023
setDimmerLights_TriggerAdj@command       cstackBANK0  00022
setDimmerLights_TriggerAdj@lights        cstackBANK0  00023
setDimmerLights_TriggerERROR@command     cstackBANK0  00022
setDimmerLights_TriggerERROR@lights      cstackBANK0  00024
setDimmer_Detect@command                 cstackBANK0  00022
setDimmer_Detect@dimmer                  cstackBANK0  00023
setDimmer_LoadERROR@command              cstackBANK0  00022
setDimmer_LoadERROR@dimmer               cstackBANK0  00023
setDimmer_PFERROR@command                cstackBANK0  00022
setDimmer_PFERROR@dimmer                 cstackBANK0  00023
setDimmer_TempERROR@command              cstackBANK0  00022
setDimmer_TempERROR@dimmer               cstackBANK0  00023
setINT_GO@command                        cstackBANK0  00020
setLED@command                           cstackBANK0  00022
setLED@led                               cstackBANK0  00023
setLED_Initialization@led                cstackBANK0  00024
setLED_Main@led                          cstackBANK0  00022
setLoad_AH_AL_Restore@i                  cstackBANK0  00021
setLoad_AH_AL_Restore@load               cstackCOMMON 00071
setLoad_Count@command                    cstackBANK0  00020
setLoad_Count@load                       cstackCOMMON 00071
setLoad_ERROR@command                    cstackBANK0  0002F
setLoad_ERROR@load                       cstackBANK0  00031
setLoad_Enable@command                   cstackBANK0  00022
setLoad_Enable@load                      cstackBANK0  00023
setLoad_GO@command                       cstackBANK0  00022
setLoad_GO@load                          cstackBANK0  00023
setLoad_Initialization@load              cstackBANK0  00022
setLoad_LightsStatus@command             cstackBANK0  00023
setLoad_LightsStatus@lights              cstackBANK0  00022
setLoad_LightsStatus@load                cstackBANK0  00025
setLoad_Main@load                        cstackBANK0  00036
setLoad_StatusOff@command                cstackBANK0  00023
setLoad_StatusOff@lights                 cstackBANK0  00022
setLoad_StatusOff@load                   cstackBANK0  00024
setLoad_StatusOn@command                 cstackBANK0  00022
setLoad_StatusOn@load                    cstackBANK0  00023
setLog_Code@rf                           cstackBANK0  0002F
setOverTemp_ERROR@command                cstackBANK0  0002F
setOverTemp_ERROR@temp                   cstackBANK0  00031
setPercentValue@value                    cstackBANK0  0004C
setPowerFault_ERROR@command              cstackBANK0  0002F
setPowerFault_ERROR@pf                   cstackBANK0  00031
setPowerFault_Initialization@pf          cstackBANK0  00021
setPowerFault_Main@pf                    cstackBANK0  00034
setRFSW_AdjControl@sw                    cstackBANK0  00063
setRFSW_Control@sw                       cstackBANK0  00030
setRFSW_Status@command                   cstackBANK0  00022
setRFSW_Status@sw                        cstackBANK0  00023
setRF_DimmerLights@lights                cstackBANK0  00024
setRF_DimmerLights@on                    cstackBANK0  00020
setRF_DimmerLights@status                cstackBANK0  00023
setRF_DimmerValue@lights                 cstackBANK0  00060
setRF_Enable@command                     cstackBANK0  00025
setRF_Enable@rf                          cstackBANK0  00026
setRF_Initialization@rf                  cstackCOMMON 00071
setRF_Learn@command                      cstackBANK0  00022
setRF_Learn@rf                           cstackBANK0  00023
setRF_Main@rf                            cstackBANK0  00067
setRF_ReceiveGO@command                  cstackCOMMON 00073
setRF_ReceiveGO@rf                       cstackCOMMON 00074
setRF_RxStatus@command                   cstackBANK0  00022
setRF_RxStatus@rf                        cstackBANK0  00023
setSw_Enable@command                     cstackBANK0  00022
setSw_Enable@sw                          cstackBANK0  00023
setSw_Initialization@sw                  cstackBANK0  00024
setSw_Main@sw                            cstackBANK0  00033
setSw_Status@command                     cstackBANK0  00022
setSw_Status@sw                          cstackBANK0  00023
setTemp_Enable@command                   cstackBANK0  00021
setTemp_Enable@temp                      cstackBANK0  00022
setTemp_Initialization@temp              cstackBANK0  00021
setTemp_Main@temp                        cstackBANK0  00035
setTxData@rf                             cstackBANK0  00023
start                                    init         00015
start_initialization                     cinit        02244
wtemp0                                   (abs)        0007E
