Microchip MPLAB XC8 Compiler V1.32 ()

Linker command line:

--edf=C:\Program Files (x86)\Microchip\xc8\v1.32\dat\en_msgs.txt -cs \
  -h+Switch_2Key_Dimmer_V2.1.2.sym --cmf=Switch_2Key_Dimmer_V2.1.2.cmf -z \
  -Q16F1518 -oC:\Users\taianluo\AppData\Local\Temp\s6qc.6 \
  -MSwitch_2Key_Dimmer_V2.1.2.map -E1 -ver=XC8 -ASTACK=021D7h-0231fh \
  -pstack=STACK -ACONST=00h-0FFhx64 -ACODE=00h-07FFhx8 -ASTRCODE=00h-03FFFh \
  -AENTRY=00h-0FFhx64 -ASTRING=00h-0FFhx64 -ACOMMON=070h-07Fh \
  -ABANK0=020h-06Fh -ABANK1=0A0h-0EFh -ABANK2=0120h-016Fh \
  -ABANK3=01A0h-01EFh -ABANK4=0220h-026Fh -ABANK5=02A0h-02EFh \
  -ABANK6=0320h-036Fh -ABANK7=03A0h-03EFh -ABANK8=0420h-046Fh \
  -ABANK9=04A0h-04EFh -ABANK10=0520h-056Fh -ABANK11=05A0h-05EFh \
  -ABANK12=0620h-064Fh -ABIGRAM=02000h-023EFh \
  -ARAM=020h-06Fh,0A0h-0EFh,0120h-016Fh,01A0h-01EFh,0220h-026Fh,02A0h-02EFh,0320h-036Fh,03A0h-03EFh,0420h-046Fh,04A0h-04EFh,0520h-056Fh,05A0h-05EFh,0620h-064Fh \
  -AABS1=020h-07Fh,0A0h-0EFh,0120h-016Fh,01A0h-01EFh,0220h-026Fh,02A0h-02EFh,0320h-036Fh,03A0h-03EFh,0420h-046Fh,04A0h-04EFh,0520h-056Fh,05A0h-05EFh,0620h-064Fh \
  -ASFR0=00h-01Fh -ASFR1=080h-09Fh -ASFR2=0100h-011Fh -ASFR3=0180h-019Fh \
  -ASFR4=0200h-021Fh -ASFR5=0280h-029Fh -ASFR6=0300h-031Fh \
  -ASFR7=0380h-039Fh -ASFR8=0400h-041Fh -ASFR9=0480h-049Fh \
  -ASFR10=0500h-051Fh -ASFR11=0580h-059Fh -ASFR12=0600h-061Fh \
  -ASFR13=0680h-06EFh -ASFR14=0700h-076Fh -ASFR15=0780h-07EFh \
  -ASFR16=0800h-086Fh -ASFR17=0880h-08EFh -ASFR18=0900h-096Fh \
  -ASFR19=0980h-09EFh -ASFR20=0A00h-0A6Fh -ASFR21=0A80h-0AEFh \
  -ASFR22=0B00h-0B6Fh -ASFR23=0B80h-0BEFh -ASFR24=0C00h-0C6Fh \
  -ASFR25=0C80h-0CEFh -ASFR26=0D00h-0D6Fh -ASFR27=0D80h-0DEFh \
  -ASFR28=0E00h-0E6Fh -ASFR29=0E80h-0EEFh -ASFR30=0F00h-0F6Fh \
  -ASFR31=0F80h-0FEFh -preset_vec=00h,intentry=04h,init,end_init \
  -ppowerup=CODE -pcinit=CODE -pfunctab=CODE -ACONFIG=08007h-08008h \
  -pconfig=CONFIG -DCONFIG=2 -AIDLOC=08000h-08003h -pidloc=IDLOC -DIDLOC=2 \
  -DCODE=2 -DSTRCODE=2 -DSTRING=2 -DCONST=2 -DENTRY=2 -k startup.obj \
  Switch_2Key_Dimmer_V2.1.2.obj 

Object code version is 3.11

Machine type is 16F1518



                Name                               Link     Load   Length Selector   Space Scale
startup.obj     end_init                             16       16        2        8       0
                reset_vec                             0        0        2        0       0
                config                             8007     8007        2    1000E       0
Switch_2Key_Dimmer_V2.1.2.obj
                cinit                                18       18       41        8       0
                intentry                              4        4       12        8       0
                text143                            2419     2419        A     4832       0
                text142                            2486     2486        C     490C       0
                text141                            2492     2492        C     4924       0
                text140                            2718     2718       1A     4E30       0
                text139                            18ED     18ED       25     31DA       0
                text138                            1A3D     1A3D       31     347A       0
                text137                              59       59      34B        8       0
                text135                            2423     2423        B     4846       0
                text134                             913      913       A8     1226       0
                text133                            26B4     26B4       19     4D68       0
                text132                            253C     253C       10     4A78       0
                text131                            2399     2399        4     4732       0
                text130                            239D     239D        4     473A       0
                text129                            1912     1912       26     3224       0
                text128                            249E     249E        C     493C       0
                text127                            26CD     26CD       19     4D9A       0
                text126                            27BF     27BF       1F     4F7E       0
                text125                            195E     195E       2A     32BC       0
                text124                            1A0D     1A0D       30     341A       0
                text123                            23A1     23A1        4     4742       0
                text122                            261A     261A       15     4C34       0
                text121                            2685     2685       17     4D0A       0
                text120                            242E     242E        B     485C       0
                text119                            23DF     23DF        8     47BE       0
                text118                            27A1     27A1       1E     4F42       0
                text117                            13E5     13E5       77     27CA       0
                text116                            25DF     25DF       13     4BBE       0
                text115                            254C     254C       10     4A98       0
                text114                            255C     255C       10     4AB8       0
                text113                            2659     2659       16     4CB2       0
                text112                            251E     251E        F     4A3C       0
                text111                            1EEE     1EEE       5B     3DDC       0
                text110                            25F2     25F2       14     4BE4       0
                text109                            252D     252D        F     4A5A       0
                text108                            2439     2439        B     4872       0
                text107                             B18      B18       C9     1630       0
                text106                            14D3     14D3       79     29A6       0
                text105                            23E7     23E7        8     47CE       0
                text104                            23C3     23C3        7     4786       0
                text103                            10A0     10A0       61     2140       0
                text102                            27DE     27DE       22     4FBC       0
                text101                             BE1      BE1       F6     17C2       0
                text100                             9BB      9BB       A9     1376       0
                text99                              A64      A64       B4     14C8       0
                text98                             15CD     15CD       87     2B9A       0
                text97                             1F49     1F49       5B     3E92       0
                text96                             1C9F     1C9F       42     393E       0
                text95                             262F     262F       15     4C5E       0
                text94                             25CD     25CD       12     4B9A       0
                text93                             2444     2444        B     4888       0
                text92                             2732     2732       1B     4E64       0
                text91                             2606     2606       14     4C0C       0
                text90                             1886     1886       22     310C       0
                text89                             1042     1042       5E     2084       0
                text88                             2644     2644       15     4C88       0
                text87                             1AD0     1AD0       32     35A0       0
                text86                              801      801       7C     1002       0
                text85                             1A6E     1A6E       31     34DC       0
                text84                             1D69     1D69       46     3AD2       0
                text83                             1101     1101       61     2202       0
                text82                             1654     1654       89     2CA8       0
                text81                             244F     244F        B     489E       0
                text80                             26E6     26E6       19     4DCC       0
                text79                             2407     2407        9     480E       0
                text78                             1A9F     1A9F       31     353E       0
                text77                              CD7      CD7       F8     19AE       0
                text76                             24AA     24AA        C     4954       0
                text75                             1297     1297       6E     252E       0
                text74                             1DF7     1DF7       4E     3BEE       0
                text73                             25BC     25BC       11     4B78       0
                text72                             24B6     24B6        C     496C       0
                text71                             1BDE     1BDE       40     37BC       0
                text70                             24C2     24C2        C     4984       0
                text69                             18A8     18A8       22     3150       0
                text68                             24CE     24CE        D     499C       0
                text67                             1B6D     1B6D       37     36DA       0
                text66                             23EF     23EF        8     47DE       0
                text65                             23CA     23CA        7     4794       0
                text64                             256C     256C       10     4AD8       0
                text63                             1E97     1E97       57     3D2E       0
                text62                             1988     1988       2B     3310       0
                text61                             11C6     11C6       65     238C       0
                text60                             2410     2410        9     4820       0
                text59                             1B37     1B37       36     366E       0
                text58                             2768     2768       1C     4ED0       0
                text57                             1CE1     1CE1       44     39C2       0
                text56                              3A4      3A4      2AC        8       0
                text55                             257C     257C       10     4AF8       0
                text54                             245A     245A        B     48B4       0
                text53                             145C     145C       77     28B8       0
                text52                             2465     2465        B     48CA       0
                text51                             23D1     23D1        7     47A2       0
                text50                             23AD     23AD        5     475A       0
                text49                             24DB     24DB        D     49B6       0
                text48                             26FF     26FF       19     4DFE       0
                text47                             24E8     24E8        D     49D0       0
                text46                             269C     269C       18     4D38       0
                text45                             258C     258C       10     4B18       0
                text44                             2390     2390        3     4720       0
                text43                             2470     2470        B     48E0       0
                text42                             1BA4     1BA4       3A     3748       0
                text41                              DCF      DCF      10E     1B9E       0
                text40                             2393     2393        3     4726       0
                text39                             23D8     23D8        7     47B0       0
                text38                             23A5     23A5        4     474A       0
                text37                             2784     2784       1D     4F08       0
                text36                             274D     274D       1B     4E9A       0
                text35                             2502     2502        E     4A04       0
                text34                             1162     1162       64     22C4       0
                text33                             1D25     1D25       44     3A4A       0
                text32                             19B3     19B3       2C     3366       0
                text31                             18CA     18CA       23     3194       0
                text30                             1B02     1B02       35     3604       0
                text29                             1C1E     1C1E       40     383C       0
                text28                             19DF     19DF       2E     33BE       0
                text27                             1FA4     1FA4       5C     3F48       0
                text26                             16DD     16DD       90     2DBA       0
                text25                             176D     176D       93     2EDA       0
                text24                             1DAF     1DAF       48     3B5E       0
                text23                             1E45     1E45       52     3C8A       0
                text22                             154C     154C       81     2A98       0
                text21                             23A9     23A9        4     4752       0
                text20                             23B2     23B2        5     4764       0
                text19                             23F7     23F7        8     47EE       0
                text18                             24F5     24F5        D     49EA       0
                text17                             259C     259C       10     4B38       0
                text16                             25AC     25AC       10     4B58       0
                text15                             1938     1938       26     3270       0
                text14                             1374     1374       71     26E8       0
                text13                              7B4      7B4       49        8       0
                text12                             2510     2510        E     4A20       0
                text11                              650      650      164        8       0
                text10                             23FF     23FF        8     47FE       0
                text9                              247B     247B        B     48F6       0
                text8                              2396     2396        3     472C       0
                text7                              1000     1000       42     1DBA       0
                text6                               EDD      EDD      123     1DBA       0
                text5                               7FD      7FD        3        8       0
                text4                              266F     266F       16     4CDE       0
                text3                               87D      87D       96     10FA       0
                text2                              1C5E     1C5E       41     38BC       0
                text1                              122B     122B       6C     2456       0
                maintext                           1305     1305       6F     260A       0
                cstackBANK0                          20       20       4C       20       1
                cstackCOMMON                         71       71        7       70       1
                inittext                           23B7     23B7        6     476E       0
                clrtext                            23BD     23BD        6     477A       0
                bssBANK5                            2A0      2A0       47      2A0       1
                bssBANK4                            220      220       25      220       1
                dataBANK3                           1A0      1A0       20      1A0       1
                bssBANK3                            1C0      1C0       10      1A0       1
                bssBANK2                            120      120       4E      120       1
                bssBANK1                             A0       A0       48       A0       1
                bssBANK0                             6C       6C        3       20       1
                bssCOMMON                            78       78        6       70       1
                bitbssCOMMON                        380       70        7       70       1     8
                nvBANK1                              E8       E8        3       A0       1
                nvBANK0                              6F       6F        1       20       1
                stringtext                         1800     1800       66       30       0
                idataBANK3                         1866     1866       20     30CC       0

TOTAL           Name                               Link     Load   Length     Space
        CLASS   STACK          

        CLASS   CONST          

        CLASS   CODE           
                end_init                             16       16        2         0
                cinit                                18       18       41         0
                intentry                              4        4       12         0
                reset_vec                             0        0        2         0
                text143                            2419     2419        A         0
                text142                            2486     2486        C         0
                text141                            2492     2492        C         0
                text140                            2718     2718       1A         0
                text139                            18ED     18ED       25         0
                text138                            1A3D     1A3D       31         0
                text137                              59       59      34B         0
                text135                            2423     2423        B         0
                text134                             913      913       A8         0
                text133                            26B4     26B4       19         0
                text132                            253C     253C       10         0
                text131                            2399     2399        4         0
                text130                            239D     239D        4         0
                text129                            1912     1912       26         0
                text128                            249E     249E        C         0
                text127                            26CD     26CD       19         0
                text126                            27BF     27BF       1F         0
                text125                            195E     195E       2A         0
                text124                            1A0D     1A0D       30         0
                text123                            23A1     23A1        4         0
                text122                            261A     261A       15         0
                text121                            2685     2685       17         0
                text120                            242E     242E        B         0
                text119                            23DF     23DF        8         0
                text118                            27A1     27A1       1E         0
                text117                            13E5     13E5       77         0
                text116                            25DF     25DF       13         0
                text115                            254C     254C       10         0
                text114                            255C     255C       10         0
                text113                            2659     2659       16         0
                text112                            251E     251E        F         0
                text111                            1EEE     1EEE       5B         0
                text110                            25F2     25F2       14         0
                text109                            252D     252D        F         0
                text108                            2439     2439        B         0
                text107                             B18      B18       C9         0
                text106                            14D3     14D3       79         0
                text105                            23E7     23E7        8         0
                text104                            23C3     23C3        7         0
                text103                            10A0     10A0       61         0
                text102                            27DE     27DE       22         0
                text101                             BE1      BE1       F6         0
                text100                             9BB      9BB       A9         0
                text99                              A64      A64       B4         0
                text98                             15CD     15CD       87         0
                text97                             1F49     1F49       5B         0
                text96                             1C9F     1C9F       42         0
                text95                             262F     262F       15         0
                text94                             25CD     25CD       12         0
                text93                             2444     2444        B         0
                text92                             2732     2732       1B         0
                text91                             2606     2606       14         0
                text90                             1886     1886       22         0
                text89                             1042     1042       5E         0
                text88                             2644     2644       15         0
                text87                             1AD0     1AD0       32         0
                text86                              801      801       7C         0
                text85                             1A6E     1A6E       31         0
                text84                             1D69     1D69       46         0
                text83                             1101     1101       61         0
                text82                             1654     1654       89         0
                text81                             244F     244F        B         0
                text80                             26E6     26E6       19         0
                text79                             2407     2407        9         0
                text78                             1A9F     1A9F       31         0
                text77                              CD7      CD7       F8         0
                text76                             24AA     24AA        C         0
                text75                             1297     1297       6E         0
                text74                             1DF7     1DF7       4E         0
                text73                             25BC     25BC       11         0
                text72                             24B6     24B6        C         0
                text71                             1BDE     1BDE       40         0
                text70                             24C2     24C2        C         0
                text69                             18A8     18A8       22         0
                text68                             24CE     24CE        D         0
                text67                             1B6D     1B6D       37         0
                text66                             23EF     23EF        8         0
                text65                             23CA     23CA        7         0
                text64                             256C     256C       10         0
                text63                             1E97     1E97       57         0
                text62                             1988     1988       2B         0
                text61                             11C6     11C6       65         0
                text60                             2410     2410        9         0
                text59                             1B37     1B37       36         0
                text58                             2768     2768       1C         0
                text57                             1CE1     1CE1       44         0
                text56                              3A4      3A4      2AC         0
                text55                             257C     257C       10         0
                text54                             245A     245A        B         0
                text53                             145C     145C       77         0
                text52                             2465     2465        B         0
                text51                             23D1     23D1        7         0
                text50                             23AD     23AD        5         0
                text49                             24DB     24DB        D         0
                text48                             26FF     26FF       19         0
                text47                             24E8     24E8        D         0
                text46                             269C     269C       18         0
                text45                             258C     258C       10         0
                text44                             2390     2390        3         0
                text43                             2470     2470        B         0
                text42                             1BA4     1BA4       3A         0
                text41                              DCF      DCF      10E         0
                text40                             2393     2393        3         0
                text39                             23D8     23D8        7         0
                text38                             23A5     23A5        4         0
                text37                             2784     2784       1D         0
                text36                             274D     274D       1B         0
                text35                             2502     2502        E         0
                text34                             1162     1162       64         0
                text33                             1D25     1D25       44         0
                text32                             19B3     19B3       2C         0
                text31                             18CA     18CA       23         0
                text30                             1B02     1B02       35         0
                text29                             1C1E     1C1E       40         0
                text28                             19DF     19DF       2E         0
                text27                             1FA4     1FA4       5C         0
                text26                             16DD     16DD       90         0
                text25                             176D     176D       93         0
                text24                             1DAF     1DAF       48         0
                text23                             1E45     1E45       52         0
                text22                             154C     154C       81         0
                text21                             23A9     23A9        4         0
                text20                             23B2     23B2        5         0
                text19                             23F7     23F7        8         0
                text18                             24F5     24F5        D         0
                text17                             259C     259C       10         0
                text16                             25AC     25AC       10         0
                text15                             1938     1938       26         0
                text14                             1374     1374       71         0
                text13                              7B4      7B4       49         0
                text12                             2510     2510        E         0
                text11                              650      650      164         0
                text10                             23FF     23FF        8         0
                text9                              247B     247B        B         0
                text8                              2396     2396        3         0
                text7                              1000     1000       42         0
                text6                               EDD      EDD      123         0
                text5                               7FD      7FD        3         0
                text4                              266F     266F       16         0
                text3                               87D      87D       96         0
                text2                              1C5E     1C5E       41         0
                text1                              122B     122B       6C         0
                maintext                           1305     1305       6F         0
                inittext                           23B7     23B7        6         0
                clrtext                            23BD     23BD        6         0
                idataBANK3                         1866     1866       20         0

        CLASS   STRCODE        
                stringtext                         1800     1800       66         0

        CLASS   ENTRY          

        CLASS   STRING         

        CLASS   COMMON         
                cstackCOMMON                         71       71        7         1
                bssCOMMON                            78       78        6         1
                bitbssCOMMON                        380       70        7         1

        CLASS   BANK0          
                cstackBANK0                          20       20       4C         1
                bssBANK0                             6C       6C        3         1
                nvBANK0                              6F       6F        1         1

        CLASS   BANK1          
                bssBANK1                             A0       A0       48         1
                nvBANK1                              E8       E8        3         1

        CLASS   BANK2          
                bssBANK2                            120      120       4E         1

        CLASS   BANK3          
                dataBANK3                           1A0      1A0       20         1
                bssBANK3                            1C0      1C0       10         1

        CLASS   BANK4          
                bssBANK4                            220      220       25         1

        CLASS   BANK5          
                bssBANK5                            2A0      2A0       47         1

        CLASS   BANK6          

        CLASS   BANK7          

        CLASS   BANK8          

        CLASS   BANK9          

        CLASS   BANK10         

        CLASS   BANK11         

        CLASS   BANK12         

        CLASS   BIGRAM         

        CLASS   RAM            

        CLASS   ABS1           
                abs_s1                               7E       7E        2         1

        CLASS   SFR0           

        CLASS   SFR1           

        CLASS   SFR2           

        CLASS   SFR3           

        CLASS   SFR4           

        CLASS   SFR5           

        CLASS   SFR6           

        CLASS   SFR7           

        CLASS   SFR8           

        CLASS   SFR9           

        CLASS   SFR10          

        CLASS   SFR11          

        CLASS   SFR12          

        CLASS   SFR13          

        CLASS   SFR14          

        CLASS   SFR15          

        CLASS   SFR16          

        CLASS   SFR17          

        CLASS   SFR18          

        CLASS   SFR19          

        CLASS   SFR20          

        CLASS   SFR21          

        CLASS   SFR22          

        CLASS   SFR23          

        CLASS   SFR24          

        CLASS   SFR25          

        CLASS   SFR26          

        CLASS   SFR27          

        CLASS   SFR28          

        CLASS   SFR29          

        CLASS   SFR30          

        CLASS   SFR31          

        CLASS   CONFIG         
                config                             8007     8007        2         0

        CLASS   IDLOC          

        CLASS   BANK31         

        CLASS   BANK30         

        CLASS   BANK29         

        CLASS   BANK28         

        CLASS   BANK27         

        CLASS   BANK26         

        CLASS   BANK25         

        CLASS   BANK24         

        CLASS   BANK23         

        CLASS   BANK22         

        CLASS   BANK21         

        CLASS   BANK20         

        CLASS   BANK19         

        CLASS   BANK18         

        CLASS   BANK17         

        CLASS   BANK16         

        CLASS   BANK15         

        CLASS   BANK14         

        CLASS   BANK13         

        CLASS   EEDATA         



SEGMENTS        Name                           Load    Length   Top    Selector   Space  Class     Delta

                reset_vec                      000000  000002  000002         0       0  CODE        2
                intentry                       000004  0007FC  000800         8       0  CODE        2
                cstackBANK0                    000020  000050  000070        20       1  BANK0       1
                bitbssCOMMON                   000070  00000E  00007E        70       1  COMMON      1
                bssBANK1                       0000A0  00004B  0000EB        A0       1  BANK1       1
                bssBANK2                       000120  00004E  00016E       120       1  BANK2       1
                dataBANK3                      0001A0  000030  0001D0       1A0       1  BANK3       1
                bssBANK4                       000220  000025  000245       220       1  BANK4       1
                bssBANK5                       0002A0  000047  0002E7       2A0       1  BANK5       1
                text86                         000801  00007C  00087D      1002       0  CODE        2
                text3                          00087D  000096  000913      10FA       0  CODE        2
                text134                        000913  0000A8  0009BB      1226       0  CODE        2
                text100                        0009BB  0000A9  000A64      1376       0  CODE        2
                text99                         000A64  0000B4  000B18      14C8       0  CODE        2
                text107                        000B18  0000C9  000BE1      1630       0  CODE        2
                text101                        000BE1  0000F6  000CD7      17C2       0  CODE        2
                text77                         000CD7  0000F8  000DCF      19AE       0  CODE        2
                text41                         000DCF  00010E  000EDD      1B9E       0  CODE        2
                text6                          000EDD  000165  001042      1DBA       0  CODE        2
                text89                         001042  00005E  0010A0      2084       0  CODE        2
                text103                        0010A0  000061  001101      2140       0  CODE        2
                text83                         001101  000061  001162      2202       0  CODE        2
                text34                         001162  000064  0011C6      22C4       0  CODE        2
                text61                         0011C6  000065  00122B      238C       0  CODE        2
                text1                          00122B  00006C  001297      2456       0  CODE        2
                text75                         001297  00006E  001305      252E       0  CODE        2
                maintext                       001305  00006F  001374      260A       0  CODE        2
                text14                         001374  000071  0013E5      26E8       0  CODE        2
                text117                        0013E5  000077  00145C      27CA       0  CODE        2
                text53                         00145C  000077  0014D3      28B8       0  CODE        2
                text106                        0014D3  000079  00154C      29A6       0  CODE        2
                text22                         00154C  000081  0015CD      2A98       0  CODE        2
                text98                         0015CD  000087  001654      2B9A       0  CODE        2
                text82                         001654  000089  0016DD      2CA8       0  CODE        2
                text26                         0016DD  000090  00176D      2DBA       0  CODE        2
                text25                         00176D  000093  001800      2EDA       0  CODE        2
                stringtext                     001800  000066  001866        30       0  STRCODE     2
                idataBANK3                     001866  000020  001886      30CC       0  CODE        2
                text90                         001886  000022  0018A8      310C       0  CODE        2
                text69                         0018A8  000022  0018CA      3150       0  CODE        2
                text31                         0018CA  000023  0018ED      3194       0  CODE        2
                text139                        0018ED  000025  001912      31DA       0  CODE        2
                text129                        001912  000026  001938      3224       0  CODE        2
                text15                         001938  000026  00195E      3270       0  CODE        2
                text125                        00195E  00002A  001988      32BC       0  CODE        2
                text62                         001988  00002B  0019B3      3310       0  CODE        2
                text32                         0019B3  00002C  0019DF      3366       0  CODE        2
                text28                         0019DF  00002E  001A0D      33BE       0  CODE        2
                text124                        001A0D  000030  001A3D      341A       0  CODE        2
                text138                        001A3D  000031  001A6E      347A       0  CODE        2
                text85                         001A6E  000031  001A9F      34DC       0  CODE        2
                text78                         001A9F  000031  001AD0      353E       0  CODE        2
                text87                         001AD0  000032  001B02      35A0       0  CODE        2
                text30                         001B02  000035  001B37      3604       0  CODE        2
                text59                         001B37  000036  001B6D      366E       0  CODE        2
                text67                         001B6D  000037  001BA4      36DA       0  CODE        2
                text42                         001BA4  00003A  001BDE      3748       0  CODE        2
                text71                         001BDE  000040  001C1E      37BC       0  CODE        2
                text29                         001C1E  000040  001C5E      383C       0  CODE        2
                text2                          001C5E  000041  001C9F      38BC       0  CODE        2
                text96                         001C9F  000042  001CE1      393E       0  CODE        2
                text57                         001CE1  000044  001D25      39C2       0  CODE        2
                text33                         001D25  000044  001D69      3A4A       0  CODE        2
                text84                         001D69  000046  001DAF      3AD2       0  CODE        2
                text24                         001DAF  000048  001DF7      3B5E       0  CODE        2
                text74                         001DF7  00004E  001E45      3BEE       0  CODE        2
                text23                         001E45  000052  001E97      3C8A       0  CODE        2
                text63                         001E97  000057  001EEE      3D2E       0  CODE        2
                text111                        001EEE  00005B  001F49      3DDC       0  CODE        2
                text97                         001F49  00005B  001FA4      3E92       0  CODE        2
                text27                         001FA4  00005C  002000      3F48       0  CODE        2
                text44                         002390  000003  002393      4720       0  CODE        2
                text40                         002393  000003  002396      4726       0  CODE        2
                text8                          002396  000003  002399      472C       0  CODE        2
                text131                        002399  000004  00239D      4732       0  CODE        2
                text130                        00239D  000004  0023A1      473A       0  CODE        2
                text123                        0023A1  000004  0023A5      4742       0  CODE        2
                text38                         0023A5  000004  0023A9      474A       0  CODE        2
                text21                         0023A9  000004  0023AD      4752       0  CODE        2
                text50                         0023AD  000005  0023B2      475A       0  CODE        2
                text20                         0023B2  000005  0023B7      4764       0  CODE        2
                inittext                       0023B7  000006  0023BD      476E       0  CODE        2
                clrtext                        0023BD  000006  0023C3      477A       0  CODE        2
                text104                        0023C3  000007  0023CA      4786       0  CODE        2
                text65                         0023CA  000007  0023D1      4794       0  CODE        2
                text51                         0023D1  000007  0023D8      47A2       0  CODE        2
                text39                         0023D8  000007  0023DF      47B0       0  CODE        2
                text119                        0023DF  000008  0023E7      47BE       0  CODE        2
                text105                        0023E7  000008  0023EF      47CE       0  CODE        2
                text66                         0023EF  000008  0023F7      47DE       0  CODE        2
                text19                         0023F7  000008  0023FF      47EE       0  CODE        2
                text10                         0023FF  000008  002407      47FE       0  CODE        2
                text79                         002407  000009  002410      480E       0  CODE        2
                text60                         002410  000009  002419      4820       0  CODE        2
                text143                        002419  00000A  002423      4832       0  CODE        2
                text135                        002423  00000B  00242E      4846       0  CODE        2
                text120                        00242E  00000B  002439      485C       0  CODE        2
                text108                        002439  00000B  002444      4872       0  CODE        2
                text93                         002444  00000B  00244F      4888       0  CODE        2
                text81                         00244F  00000B  00245A      489E       0  CODE        2
                text54                         00245A  00000B  002465      48B4       0  CODE        2
                text52                         002465  00000B  002470      48CA       0  CODE        2
                text43                         002470  00000B  00247B      48E0       0  CODE        2
                text9                          00247B  00000B  002486      48F6       0  CODE        2
                text142                        002486  00000C  002492      490C       0  CODE        2
                text141                        002492  00000C  00249E      4924       0  CODE        2
                text128                        00249E  00000C  0024AA      493C       0  CODE        2
                text76                         0024AA  00000C  0024B6      4954       0  CODE        2
                text72                         0024B6  00000C  0024C2      496C       0  CODE        2
                text70                         0024C2  00000C  0024CE      4984       0  CODE        2
                text68                         0024CE  00000D  0024DB      499C       0  CODE        2
                text49                         0024DB  00000D  0024E8      49B6       0  CODE        2
                text47                         0024E8  00000D  0024F5      49D0       0  CODE        2
                text18                         0024F5  00000D  002502      49EA       0  CODE        2
                text35                         002502  00000E  002510      4A04       0  CODE        2
                text12                         002510  00000E  00251E      4A20       0  CODE        2
                text112                        00251E  00000F  00252D      4A3C       0  CODE        2
                text109                        00252D  00000F  00253C      4A5A       0  CODE        2
                text132                        00253C  000010  00254C      4A78       0  CODE        2
                text115                        00254C  000010  00255C      4A98       0  CODE        2
                text114                        00255C  000010  00256C      4AB8       0  CODE        2
                text64                         00256C  000010  00257C      4AD8       0  CODE        2
                text55                         00257C  000010  00258C      4AF8       0  CODE        2
                text45                         00258C  000010  00259C      4B18       0  CODE        2
                text17                         00259C  000010  0025AC      4B38       0  CODE        2
                text16                         0025AC  000010  0025BC      4B58       0  CODE        2
                text73                         0025BC  000011  0025CD      4B78       0  CODE        2
                text94                         0025CD  000012  0025DF      4B9A       0  CODE        2
                text116                        0025DF  000013  0025F2      4BBE       0  CODE        2
                text110                        0025F2  000014  002606      4BE4       0  CODE        2
                text91                         002606  000014  00261A      4C0C       0  CODE        2
                text122                        00261A  000015  00262F      4C34       0  CODE        2
                text95                         00262F  000015  002644      4C5E       0  CODE        2
                text88                         002644  000015  002659      4C88       0  CODE        2
                text113                        002659  000016  00266F      4CB2       0  CODE        2
                text4                          00266F  000016  002685      4CDE       0  CODE        2
                text121                        002685  000017  00269C      4D0A       0  CODE        2
                text46                         00269C  000018  0026B4      4D38       0  CODE        2
                text133                        0026B4  000019  0026CD      4D68       0  CODE        2
                text127                        0026CD  000019  0026E6      4D9A       0  CODE        2
                text80                         0026E6  000019  0026FF      4DCC       0  CODE        2
                text48                         0026FF  000019  002718      4DFE       0  CODE        2
                text140                        002718  00001A  002732      4E30       0  CODE        2
                text92                         002732  00001B  00274D      4E64       0  CODE        2
                text36                         00274D  00001B  002768      4E9A       0  CODE        2
                text58                         002768  00001C  002784      4ED0       0  CODE        2
                text37                         002784  00001D  0027A1      4F08       0  CODE        2
                text118                        0027A1  00001E  0027BF      4F42       0  CODE        2
                text126                        0027BF  00001F  0027DE      4F7E       0  CODE        2
                text102                        0027DE  000022  002800      4FBC       0  CODE        2
                config                         008007  000002  008009     1000E       0  CONFIG      2


UNUSED ADDRESS RANGES

        Name                Unused          Largest block    Delta
        BANK1            000EB-000EF               5           1
        BANK10           00520-0056F              50           1
        BANK11           005A0-005EF              50           1
        BANK12           00620-0064F              30           1
        BANK2            0016E-0016F               2           1
        BANK3            001D0-001EF              20           1
        BANK4            00245-0026F              2B           1
        BANK5            002E7-002EF               9           1
        BANK6            00320-0036F              50           1
        BANK7            003A0-003EF              50           1
        BANK8            00420-0046F              50           1
        BANK9            004A0-004EF              50           1
        BIGRAM           02000-023EF             3F0           1
        CODE             00002-00003               2           2
                         00800-00800               1
                         02000-0238F             390
                         02800-03FFF             800
        CONST            00002-00003               2           2
                         00800-00800               1
                         02000-0238F             100
                         02800-03FFF             100
        ENTRY            00002-00003               2           2
                         00800-00800               1
                         02000-0238F             100
                         02800-03FFF             100
        IDLOC            08000-08003               4           2
        RAM              000EB-000EF               5           1
                         0016E-0016F               2
                         001D0-001EF              20
                         00245-0026F              2B
                         002E7-002EF               9
                         00320-0036F              50
                         003A0-003EF              50
                         00420-0046F              50
                         004A0-004EF              50
                         00520-0056F              50
                         005A0-005EF              50
                         00620-0064F              30
        SFR0             00000-0001F              20           1
        SFR1             00080-0009F              20           1
        SFR10            00500-0051F              20           1
        SFR11            00580-0059F              20           1
        SFR12            00600-0061F              20           1
        SFR13            00680-006EF              70           1
        SFR14            00700-0076F              70           1
        SFR15            00780-007EF              70           1
        SFR16            00800-0086F              70           1
        SFR17            00880-008EF              70           1
        SFR18            00900-0096F              70           1
        SFR19            00980-009EF              70           1
        SFR2             00100-0011F              20           1
        SFR20            00A00-00A6F              70           1
        SFR21            00A80-00AEF              70           1
        SFR22            00B00-00B6F              70           1
        SFR23            00B80-00BEF              70           1
        SFR24            00C00-00C6F              70           1
        SFR25            00C80-00CEF              70           1
        SFR26            00D00-00D6F              70           1
        SFR27            00D80-00DEF              70           1
        SFR28            00E00-00E6F              70           1
        SFR29            00E80-00EEF              70           1
        SFR3             00180-0019F              20           1
        SFR30            00F00-00F6F              70           1
        SFR31            00F80-00FEF              70           1
        SFR4             00200-0021F              20           1
        SFR5             00280-0029F              20           1
        SFR6             00300-0031F              20           1
        SFR7             00380-0039F              20           1
        SFR8             00400-0041F              20           1
        SFR9             00480-0049F              20           1
        STACK            021D7-0231F             149           1
        STRCODE          00002-00003               2           2
                         00800-00800               1
                         02000-0238F             390
                         02800-03FFF            1800
        STRING           00002-00003               2           2
                         00800-00800               1
                         02000-0238F             100
                         02800-03FFF             100

                                  Symbol Table

?___awtoft                               cstackBANK0  00028
?___ftadd                                cstackBANK0  0003E
?___ftdiv                                cstackBANK0  0002E
?___ftmul                                cstackBANK0  0002E
?___ftpack                               cstackBANK0  00020
?___fttol                                cstackBANK0  0004B
?___lwdiv                                cstackBANK0  00020
?___wmul                                 cstackBANK0  00020
?_getAD                                  cstackBANK0  00020
CC2500_InitPATable@loop_d                cstackBANK0  00027
CC2500_InitPATable@temp                  cstackBANK0  00026
CC2500_InitSetREG@loop_c                 cstackBANK0  00028
CC2500_InitSetREG@temp1                  cstackBANK0  00026
CC2500_InitSetREG@temp2                  cstackBANK0  00027
CC2500_ReadByte@loop_b                   cstackBANK0  00021
CC2500_ReadStatus@status_addr            cstackBANK0  00023
CC2500_RxData@loop_f                     cstackBANK0  00025
CC2500_TxData@loop_e                     cstackBANK0  00025
CC2500_WriteByte@loop_a                  cstackBANK0  00021
CC2500_WriteCommand@command              cstackBANK0  00023
CC2500_WriteREG@value                    cstackBANK0  00022
CC2500_WriteREG@w_addr                   cstackBANK0  00024
DelayOffPointSelect@sw                   cstackBANK0  00021
DelayTime_1us@count                      cstackBANK0  00020
DelayTime_1us@i                          cstackBANK0  00022
DelayTime_1us@j                          cstackBANK0  00024
DelayTimejudge@i                         cstackBANK0  00021
DelayTimejudge@value                     cstackBANK0  00022
DimmerLightsPointSelect@lights           cstackBANK0  00021
DimmerLights_Exceptions@status           cstackBANK0  0002A
DlyOff_Initialization@sw                 cstackBANK0  00022
DlyOff_Main@sw                           cstackBANK0  0002C
Flash_Memory_Initialization@i            cstackBANK0  0005E
Flash_Memory_Modify@i                    cstackBANK0  00026
Flash_Memory_Read@address                cstackBANK0  00022
Flash_Memory_Read@i                      cstackBANK0  00021
Flash_Memory_Read@ret                    cstackBANK0  00023
Flash_Memory_Write@i                     cstackBANK0  00021
LedPointSelect@led                       cstackBANK0  00021
Load_Main@i                              cstackBANK0  00031
RF_RxDisable@rf                          cstackBANK0  00024
RfPointSelect@rf                         cstackBANK0  00021
RfSWPointSelect@sw                       cstackBANK0  00021
SwPointSelect@sw                         cstackBANK0  00021
Sw_DimmerAdjFunc@sw                      cstackBANK0  00024
Sw_DimmerOffFunc@sw                      cstackBANK0  0002A
Sw_DimmerOnFunc@sw                       cstackBANK0  00025
_ADCON0                                  (abs)        0009D
_ADCON1                                  (abs)        0009E
_ADC_Set                                 text51       023D1
_ADRESH                                  (abs)        0009C
_ADRESL                                  (abs)        0009B
_ANSELA                                  (abs)        0018C
_ANSELB                                  (abs)        0018D
_ANSELC                                  (abs)        0018E
_Buz                                     bssCOMMON    00078
_Buz1                                    bssBANK2     00148
_Buzzer_Initialization                   text135      02423
_Buzzer_Main                             text134      00913
_CC2500_ClearRXFIFO                      text131      02399
_CC2500_ClearTXFIFO                      text130      0239D
_CC2500_Enable                           bitbssCOMMON 00380
_CC2500_FrequencyCabr                    text128      0249E
_CC2500_InitPATable                      text126      027BF
_CC2500_InitSetREG                       text125      0195E
_CC2500_PowerOnInitial                   text122      0261A
_CC2500_PowerRST                         text124      01A0D
_CC2500_ReadByte                         text37       02784
_CC2500_ReadStatus                       text36       0274D
_CC2500_RxData                           text34       01162
_CC2500_SIDLEMode                        text123      023A1
_CC2500_TxData                           text33       01D25
_CC2500_WriteByte                        text133      026B4
_CC2500_WriteCommand                     text132      0253C
_CC2500_WriteREG                         text127      026CD
_CC2500_patable_vaule                    stringtext   0185E
_CC2500_registers_address                stringtext   01800
_CC2500_rfSettings                       stringtext   0182F
_CFGS                                    (abs)        00CAE
_CRC                                     bssBANK1     000B7
_DelayOff                                bssBANK1     000B8
_DelayOffPointSelect                     text121      02685
_DelayOff_Initialization                 text119      023DF
_DelayOff_Main                           text105      023E7
_DelayTime_1us                           text129      01912
_DelayTimejudge                          text28       019DF
_Dimmer                                  bssBANK1     000B9
_Dimmer1                                 bssBANK1     000E1
_DimmerLights                            bssBANK0     0006C
_DimmerLights1                           bssBANK2     0012E
_DimmerLights11                          bssCOMMON    00079
_DimmerLights2                           bssBANK2     0013B
_DimmerLights22                          bssCOMMON    0007A
_DimmerLightsIntr                        bssBANK1     000BA
_DimmerLightsPointSelect                 text116      025DF
_DimmerLights_Close                      text92       02732
_DimmerLights_Exceptions                 text61       011C6
_DimmerLights_Initialization             text95       0262F
_DimmerLights_Main                       text81       0244F
_Dimmer_Initialization                   text104      023C3
_DlyOff_Initialization                   text120      0242E
_DlyOff_Main                             text106      014D3
_DlySw1                                  bssBANK1     000CB
_DlySw2                                  bssBANK1     000D0
_FREE                                    (abs)        00CAC
_FVRCON                                  (abs)        00117
_Flash_Memory_Erasing                    text76       024AA
_Flash_Memory_Initialization             text77       00CD7
_Flash_Memory_Main                       text74       01DF7
_Flash_Memory_Modify                     text75       01297
_Flash_Memory_Read                       text80       026E6
_Flash_Memory_Unlock                     text79       02407
_Flash_Memory_Write                      text78       01A9F
_GIE                                     (abs)        0005F
_GO_nDONE                                (abs)        004E9
_INTE                                    (abs)        0005C
_INTF                                    (abs)        00059
_INT_ISR                                 text141      02492
_INT_Set                                 text50       023AD
_IOCBF                                   (abs)        00396
_IOCBF2                                  (abs)        01CB2
_IOCBN                                   (abs)        00395
_IOCBP                                   (abs)        00394
_IOCIE                                   (abs)        0005B
_IOCIF                                   (abs)        00058
_IOC_ISR                                 text139      018ED
_IOC_Set                                 text49       024DB
_IO_Set                                  text48       026FF
_ISR                                     intentry     00004
_LATA                                    (abs)        0010C
_LATB                                    (abs)        0010D
_LATC                                    (abs)        0010E
_LED                                     bssBANK1     000BB
_LED_Initialization                      text72       024B6
_LED_Main                                text70       024C2
_LWLO                                    (abs)        00CAD
_LedPointSelect                          text90       01886
_Load                                    bssBANK0     0006E
_Load1                                   bssBANK5     002A0
_Load_Initialization                     text68       024CE
_Load_Main                               text56       003A4
_MainT                                   text53       0145C
_MainT_Initialization                    text52       02465
_Mcu_Initialization                      text46       0269C
_Memory                                  nvBANK1      000E8
_OPTION_REG                              (abs)        00095
_OSCCON                                  (abs)        00099
_PEIE                                    (abs)        0005E
_PF                                      bssCOMMON    0007B
_PF1                                     bssBANK2     00166
_PMADRH                                  (abs)        00192
_PMADRL                                  (abs)        00191
_PMCON2                                  (abs)        00196
_PMDATH                                  (abs)        00194
_PMDATL                                  (abs)        00193
_PORTA                                   (abs)        0000C
_PORTB                                   (abs)        0000D
_PORTC                                   (abs)        0000E
_PowerFault_Initialization               text44       02390
_PowerFault_Main                         text40       02393
_Product                                 nvBANK0      0006F
_RA0                                     (abs)        00060
_RA3                                     (abs)        00063
_RA4                                     (abs)        00064
_RA6                                     (abs)        00066
_RA7                                     (abs)        00067
_RB0                                     (abs)        00068
_RB1                                     (abs)        00069
_RB2                                     (abs)        0006A
_RB3                                     (abs)        0006B
_RB4                                     (abs)        0006C
_RB5                                     (abs)        0006D
_RC0                                     (abs)        00070
_RC1                                     (abs)        00071
_RC2                                     (abs)        00072
_RC4                                     (abs)        00074
_RC5                                     (abs)        00075
_RC7                                     (abs)        00077
_RD                                      (abs)        00CA8
_RF                                      bssCOMMON    0007C
_RF1                                     bssBANK1     000E4
_RFSW                                    bssBANK1     000BC
_RFSW1                                   bssBANK1     000E6
_RFSW2                                   bssBANK1     000E7
_RF_Count                                bssBANK1     000B5
_RF_Data                                 bssBANK1     000A0
_RF_Initialization                       text38       023A5
_RF_Main                                 text21       023A9
_RF_RxDisable                            text32       019B3
_RSSI                                    bssBANK1     000BD
_Receive_GO                              bitbssCOMMON 00381
_Receive_OK                              bitbssCOMMON 00382
_RfPointSelect                           text108      02439
_RfSWPointSelect                         text113      02659
_RxStatus                                bitbssCOMMON 00383
_Rx_Length                               bssBANK1     000BE
_SPI0Buffer                              bssBANK1     000BF
_Sw                                      bssBANK0     0006D
_Sw1                                     bssBANK2     00154
_Sw2                                     bssBANK2     0015D
_SwPointSelect                           text110      025F2
_Sw_DimmerAdjFunc                        text15       01938
_Sw_DimmerOffFunc                        text14       01374
_Sw_DimmerOnFunc                         text13       007B4
_Switch_Initialization                   text18       024F5
_Switch_Main                             text10       023FF
_TMR0                                    (abs)        00015
_TMR0IE                                  (abs)        0005D
_TMR0IF                                  (abs)        0005A
_TMR0_ISR                                text137      00059
_TMR0_Set                                text47       024E8
_TMain                                   nvBANK1      000E9
_TRISA                                   (abs)        0008C
_TRISB                                   (abs)        0008D
_TRISC                                   (abs)        0008E
_Temp                                    bssCOMMON    0007D
_Temp1                                   bssBANK2     00120
_Temp_Initialization                     text8        02396
_Temp_Main                               text5        007FD
_Timer0                                  nvBANK1      000EA
_TouchPower                              text20       023B2
_Transceive_GO                           bitbssCOMMON 00384
_Transceive_OK                           bitbssCOMMON 00385
_TxStatus                                bitbssCOMMON 00386
_Tx_Length                               bssBANK1     000C0
_VarErrLED                               bssBANK1     000D5
_VarLED1                                 bssBANK1     000D9
_VarLED2                                 bssBANK1     000DD
_VarMemory                               bssBANK4     00220
_VarProduct                              dataBANK3    001A0
_VarTMain                                bssBANK3     001C0
_VarTimer0                               bssBANK1     000C4
_WPUB0                                   (abs)        01068
_WPUB1                                   (abs)        01069
_WPUB2                                   (abs)        0106A
_WR                                      (abs)        00CA9
_WREN                                    (abs)        00CAA
__CFG_BOREN$OFF                          (abs)        00000
__CFG_FOSC$INTOSC                        (abs)        00000
__CFG_WDTE$OFF                           (abs)        00000
__CFG_WRT$HALF                           (abs)        00000
__Habs1                                  abs1         00000
__Hbank0                                 bank0        00000
__Hbank1                                 bank1        00000
__Hbank10                                bank10       00000
__Hbank11                                bank11       00000
__Hbank12                                bank12       00000
__Hbank13                                bank13       00000
__Hbank14                                bank14       00000
__Hbank15                                bank15       00000
__Hbank16                                bank16       00000
__Hbank17                                bank17       00000
__Hbank18                                bank18       00000
__Hbank19                                bank19       00000
__Hbank2                                 bank2        00000
__Hbank20                                bank20       00000
__Hbank21                                bank21       00000
__Hbank22                                bank22       00000
__Hbank23                                bank23       00000
__Hbank24                                bank24       00000
__Hbank25                                bank25       00000
__Hbank26                                bank26       00000
__Hbank27                                bank27       00000
__Hbank28                                bank28       00000
__Hbank29                                bank29       00000
__Hbank3                                 bank3        00000
__Hbank30                                bank30       00000
__Hbank31                                bank31       00000
__Hbank4                                 bank4        00000
__Hbank5                                 bank5        00000
__Hbank6                                 bank6        00000
__Hbank7                                 bank7        00000
__Hbank8                                 bank8        00000
__Hbank9                                 bank9        00000
__Hbigram                                bigram       00000
__HbitbssCOMMON                          bitbssCOMMON 00000
__HbssBANK0                              bssBANK0     00000
__HbssBANK1                              bssBANK1     00000
__HbssBANK2                              bssBANK2     00000
__HbssBANK3                              bssBANK3     00000
__HbssBANK4                              bssBANK4     00000
__HbssBANK5                              bssBANK5     00000
__HbssCOMMON                             bssCOMMON    00000
__Hcinit                                 cinit        00059
__Hclrtext                               clrtext      00000
__Hcode                                  code         00000
__Hcommon                                common       00000
__Hconfig                                config       08009
__HcstackBANK0                           cstackBANK0  00000
__HcstackCOMMON                          cstackCOMMON 00000
__HdataBANK3                             dataBANK3    00000
__Heeprom_data                           eeprom_data  00000
__Hend_init                              end_init     00018
__Hfunctab                               functab      00000
__HidataBANK3                            idataBANK3   00000
__Hidloc                                 idloc        00000
__Hinit                                  init         00016
__Hinittext                              inittext     00000
__Hintentry                              intentry     00016
__Hmaintext                              maintext     00000
__HnvBANK0                               nvBANK0      00000
__HnvBANK1                               nvBANK1      00000
__Hpowerup                               powerup      00000
__Hram                                   ram          00000
__Hreset_vec                             reset_vec    00002
__Hsfr0                                  sfr0         00000
__Hsfr1                                  sfr1         00000
__Hsfr10                                 sfr10        00000
__Hsfr11                                 sfr11        00000
__Hsfr12                                 sfr12        00000
__Hsfr13                                 sfr13        00000
__Hsfr14                                 sfr14        00000
__Hsfr15                                 sfr15        00000
__Hsfr16                                 sfr16        00000
__Hsfr17                                 sfr17        00000
__Hsfr18                                 sfr18        00000
__Hsfr19                                 sfr19        00000
__Hsfr2                                  sfr2         00000
__Hsfr20                                 sfr20        00000
__Hsfr21                                 sfr21        00000
__Hsfr22                                 sfr22        00000
__Hsfr23                                 sfr23        00000
__Hsfr24                                 sfr24        00000
__Hsfr25                                 sfr25        00000
__Hsfr26                                 sfr26        00000
__Hsfr27                                 sfr27        00000
__Hsfr28                                 sfr28        00000
__Hsfr29                                 sfr29        00000
__Hsfr3                                  sfr3         00000
__Hsfr30                                 sfr30        00000
__Hsfr31                                 sfr31        00000
__Hsfr4                                  sfr4         00000
__Hsfr5                                  sfr5         00000
__Hsfr6                                  sfr6         00000
__Hsfr7                                  sfr7         00000
__Hsfr8                                  sfr8         00000
__Hsfr9                                  sfr9         00000
__Hspace_0                               (abs)        08009
__Hspace_1                               (abs)        00387
__Hspace_2                               (abs)        00000
__Hspace_3                               (abs)        00000
__Hstack                                 stack        00000
__Hstrings                               strings      00000
__Hstringtext                            stringtext   00000
__Htext                                  text         00000
__Labs1                                  abs1         00000
__Lbank0                                 bank0        00000
__Lbank1                                 bank1        00000
__Lbank10                                bank10       00000
__Lbank11                                bank11       00000
__Lbank12                                bank12       00000
__Lbank13                                bank13       00000
__Lbank14                                bank14       00000
__Lbank15                                bank15       00000
__Lbank16                                bank16       00000
__Lbank17                                bank17       00000
__Lbank18                                bank18       00000
__Lbank19                                bank19       00000
__Lbank2                                 bank2        00000
__Lbank20                                bank20       00000
__Lbank21                                bank21       00000
__Lbank22                                bank22       00000
__Lbank23                                bank23       00000
__Lbank24                                bank24       00000
__Lbank25                                bank25       00000
__Lbank26                                bank26       00000
__Lbank27                                bank27       00000
__Lbank28                                bank28       00000
__Lbank29                                bank29       00000
__Lbank3                                 bank3        00000
__Lbank30                                bank30       00000
__Lbank31                                bank31       00000
__Lbank4                                 bank4        00000
__Lbank5                                 bank5        00000
__Lbank6                                 bank6        00000
__Lbank7                                 bank7        00000
__Lbank8                                 bank8        00000
__Lbank9                                 bank9        00000
__Lbigram                                bigram       00000
__LbitbssCOMMON                          bitbssCOMMON 00000
__LbssBANK0                              bssBANK0     00000
__LbssBANK1                              bssBANK1     00000
__LbssBANK2                              bssBANK2     00000
__LbssBANK3                              bssBANK3     00000
__LbssBANK4                              bssBANK4     00000
__LbssBANK5                              bssBANK5     00000
__LbssCOMMON                             bssCOMMON    00000
__Lcinit                                 cinit        00018
__Lclrtext                               clrtext      00000
__Lcode                                  code         00000
__Lcommon                                common       00000
__Lconfig                                config       08007
__LcstackBANK0                           cstackBANK0  00000
__LcstackCOMMON                          cstackCOMMON 00000
__LdataBANK3                             dataBANK3    00000
__Leeprom_data                           eeprom_data  00000
__Lend_init                              end_init     00016
__Lfunctab                               functab      00000
__LidataBANK3                            idataBANK3   00000
__Lidloc                                 idloc        00000
__Linit                                  init         00016
__Linittext                              inittext     00000
__Lintentry                              intentry     00004
__Lmaintext                              maintext     00000
__LnvBANK0                               nvBANK0      00000
__LnvBANK1                               nvBANK1      00000
__Lpowerup                               powerup      00000
__Lram                                   ram          00000
__Lreset_vec                             reset_vec    00000
__Lsfr0                                  sfr0         00000
__Lsfr1                                  sfr1         00000
__Lsfr10                                 sfr10        00000
__Lsfr11                                 sfr11        00000
__Lsfr12                                 sfr12        00000
__Lsfr13                                 sfr13        00000
__Lsfr14                                 sfr14        00000
__Lsfr15                                 sfr15        00000
__Lsfr16                                 sfr16        00000
__Lsfr17                                 sfr17        00000
__Lsfr18                                 sfr18        00000
__Lsfr19                                 sfr19        00000
__Lsfr2                                  sfr2         00000
__Lsfr20                                 sfr20        00000
__Lsfr21                                 sfr21        00000
__Lsfr22                                 sfr22        00000
[...]
 This function calls:
		_INT_ISR
		_IOC_ISR
		_TMR0_ISR
 This function is called by:
		Interrupt level 1
 This function uses a non-reentrant model


 *************** function _TMR0_ISR *****************
 Defined at:
		line 82 in file "C:\Users\taianluo\Documents\GitHub\myPicCode\Source_File\MCU_16f1518_B1.c"
 Parameters:    Size  Location     Type
		None
 Auto vars:     Size  Location     Type
		None
 Return value:  Size  Location     Type
		None               void
 Registers used:
		wreg, fsr0l, fsr0h, fsr1l, fsr1h, status,2, status,0, pclath, cstack
 Tracked objects:
		On entry : 
		On exit  : 
		Unchanged: 
 Data sizes:     COMMON   BANK0   BANK1   BANK2   BANK3   BANK4   BANK5   BANK6   BANK7   BANK8   BANK9  BANK10  BANK11  BANK12
      Params:         0       0       0       0       0       0       0       0       0       0       0       0       0       0
      Locals:         0       0       0       0       0       0       0       0       0       0       0       0       0       0
      Temps:          4       0       0       0       0       0       0       0       0       0       0       0       0       0
      Totals:         4       0       0       0       0       0       0       0       0       0       0       0       0       0
Total ram usage:        4 bytes
 Hardware stack levels used:    1
 Hardware stack levels required when called:    1
 This function calls:
		i1_setLoad_StatusOff
 This function is called by:
		_ISR
 This function uses a non-reentrant model


 *************** function i1_setLoad_StatusOff *****************
 Defined at:
		line 282 in file "C:\Users\taianluo\Documents\GitHub\myPicCode\Source_File\OverLoad_B1.c"
 Parameters:    Size  Location     Type
  lights          1    wreg     unsigned char 
  command         1    0[COMMON] unsigned char 
 Auto vars:     Size  Location     Type
  lights          1    1[COMMON] unsigned char 
 Return value:  Size  Location     Type
		None               void
 Registers used:
		wreg, fsr1l, fsr1h, status,2, status,0
 Tracked objects:
		On entry : 
		On exit  : 
		Unchanged: 
 Data sizes:     COMMON   BANK0   BANK1   BANK2   BANK3   BANK4   BANK5   BANK6   BANK7   BANK8   BANK9  BANK10  BANK11  BANK12
      Params:         1       0       0       0       0       0       0       0       0       0       0       0       0       0
      Locals:         1       0       0       0       0       0       0       0       0       0       0       0       0       0
      Temps:          0       0       0       0       0       0       0       0       0       0       0       0       0       0
      Totals:         2       0       0       0       0       0       0       0       0       0       0       0       0       0
Total ram usage:        2 bytes
 Hardware stack levels used:    1
 This function calls:
		Nothing
 This function is called by:
		_TMR0_ISR
 This function uses a non-reentrant model


 *************** function _IOC_ISR *****************
 Defined at:
		line 267 in file "C:\Users\taianluo\Documents\GitHub\myPicCode\Source_File\MCU_16f1518_B1.c"
 Parameters:    Size  Location     Type
		None
 Auto vars:     Size  Location     Type
		None
 Return value:  Size  Location     Type
		None               void
 Registers used:
		wreg, fsr1l, fsr1h, status,2, status,0, pclath, cstack
 Tracked objects:
		On entry : 
		On exit  : 
		Unchanged: 
 Data sizes:     COMMON   BANK0   BANK1   BANK2   BANK3   BANK4   BANK5   BANK6   BANK7   BANK8   BANK9  BANK10  BANK11  BANK12
      Params:         0       0       0       0       0       0       0       0       0       0       0       0       0       0
      Locals:         0       0       0       0       0       0       0       0       0       0       0       0       0       0
      Temps:          1       0       0       0       0       0       0       0       0       0       0       0       0       0
      Totals:         1       0       0       0       0       0       0       0       0       0       0       0       0       0
Total ram usage:        1 bytes
 Hardware stack levels used:    1
 Hardware stack levels required when called:    1
 This function calls:
		_setDimmerReClock
 This function is called by:
		_ISR
 This function uses a non-reentrant model


 *************** function _setDimmerReClock *****************
 Defined at:
		line 129 in file "C:\Users\taianluo\Documents\GitHub\myPicCode\Source_File\MCU_16f1518_B1.c"
 Parameters:    Size  Location     Type
		None
 Auto vars:     Size  Location     Type
		None
 Return value:  Size  Location     Type
		None               void
 Registers used:
		wreg, fsr1l, fsr1h
 Tracked objects:
		On entry : 
		On exit  : 
		Unchanged: 
 Data sizes:     COMMON   BANK0   BANK1   BANK2   BANK3   BANK4   BANK5   BANK6   BANK7   BANK8   BANK9  BANK10  BANK11  BANK12
      Params:         0       0       0       0       0       0       0       0       0       0       0       0       0       0
      Locals:         0       0       0       0       0       0       0       0       0       0       0       0       0       0
      Temps:          0       0       0       0       0       0       0       0       0       0       0       0       0       0
      Totals:         0       0       0       0       0       0       0       0       0       0       0       0       0       0
Total ram usage:        0 bytes
 Hardware stack levels used:    1
 This function calls:
		Nothing
 This function is called by:
		_IOC_ISR
 This function uses a non-reentrant model


 *************** function _INT_ISR *****************
 Defined at:
		line 225 in file "C:\Users\taianluo\Documents\GitHub\myPicCode\Source_File\MCU_16f1518_B1.c"
 Parameters:    Size  Location     Type
		None
 Auto vars:     Size  Location     Type
		None
 Return value:  Size  Location     Type
		None               void
 Registers used:
		wreg, fsr1l, fsr1h, status,2, status,0, pclath, cstack
 Tracked objects:
		On entry : 
		On exit  : 
		Unchanged: 
 Data sizes:     COMMON   BANK0   BANK1   BANK2   BANK3   BANK4   BANK5   BANK6   BANK7   BANK8   BANK9  BANK10  BANK11  BANK12
      Params:         0       0       0       0       0       0       0       0       0       0       0       0       0       0
      Locals:         0       0       0       0       0       0       0       0       0       0       0       0       0       0
      Temps:          0       0       0       0       0       0       0       0       0       0       0       0       0       0
      Totals:         0       0       0       0       0       0       0       0       0       0       0       0       0       0
Total ram usage:        0 bytes
 Hardware stack levels used:    1
 Hardware stack levels required when called:    2
 This function calls:
		_setRF_ReceiveGO
 This function is called by:
		_ISR
 This function uses a non-reentrant model


 *************** function _setRF_ReceiveGO *****************
 Defined at:
		line 37 in file "C:\Users\taianluo\Documents\GitHub\myPicCode\Source_File\RF_Control_B1.c"
 Parameters:    Size  Location     Type
  rf              1    wreg     unsigned char 
  command         1    2[COMMON] unsigned char 
 Auto vars:     Size  Location     Type
  rf              1    3[COMMON] unsigned char 
 Return value:  Size  Location     Type
		None               void
 Registers used:
		wreg, fsr1l, fsr1h, status,2, status,0, pclath, cstack
 Tracked objects:
		On entry : 
		On exit  : 
		Unchanged: 
 Data sizes:     COMMON   BANK0   BANK1   BANK2   BANK3   BANK4   BANK5   BANK6   BANK7   BANK8   BANK9  BANK10  BANK11  BANK12
      Params:         1       0       0       0       0       0       0       0       0       0       0       0       0       0
      Locals:         1       0       0       0       0       0       0       0       0       0       0       0       0       0
      Temps:          0       0       0       0       0       0       0       0       0       0       0       0       0       0
      Totals:         2       0       0       0       0       0       0       0       0       0       0       0       0       0
Total ram usage:        2 bytes
 Hardware stack levels used:    1
 Hardware stack levels required when called:    1
 This function calls:
		i1_RfPointSelect
 This function is called by:
		_INT_ISR
 This function uses a non-reentrant model


 *************** function i1_RfPointSelect *****************
 Defined at:
		line 7 in file "C:\Users\taianluo\Documents\GitHub\myPicCode\Source_File\RF_Control_B1.c"
 Parameters:    Size  Location     Type
  rf              1    wreg     unsigned char 
 Auto vars:     Size  Location     Type
  rf              1    1[COMMON] unsigned char 
 Return value:  Size  Location     Type
		None               void
 Registers used:
		wreg
 Tracked objects:
		On entry : 
		On exit  : 
		Unchanged: 
 Data sizes:     COMMON   BANK0   BANK1   BANK2   BANK3   BANK4   BANK5   BANK6   BANK7   BANK8   BANK9  BANK10  BANK11  BANK12
      Params:         0       0       0       0       0       0       0       0       0       0       0       0       0       0
      Locals:         1       0       0       0       0       0       0       0       0       0       0       0       0       0
      Temps:          1       0       0       0       0       0       0       0       0       0       0       0       0       0
      Totals:         2       0       0       0       0       0       0       0       0       0       0       0       0       0
Total ram usage:        2 bytes
 Hardware stack levels used:    1
 This function calls:
		Nothing
 This function is called by:
		_setRF_ReceiveGO
 This function uses a non-reentrant model



MODULE INFORMATION

Module		Function		Class		Link	Load	Size
C:\Program Files (x86)\Microchip\xc8\v1.32\sources\common\float.c
		___ftpack      		CODE           	10A0	0000	97

C:\Program Files (x86)\Microchip\xc8\v1.32\sources\common\float.c estimated size: 97

C:\Program Files (x86)\Microchip\xc8\v1.32\sources\common\awtoft.c
		___awtoft      		CODE           	27DE	0000	34

C:\Program Files (x86)\Microchip\xc8\v1.32\sources\common\awtoft.c estimated size: 34

C:\Users\taianluo\Documents\GitHub\myPicCode\Source_File\PowerFault_B1.c
		_getPF_Safe    		CODE           	23EF	0000	8
		_setPowerFault_		CODE           	258C	0000	16
		_PowerFault_Mai		CODE           	2393	0000	3
		_setPowerFault_		CODE           	0DCF	0000	270
		_getPowerFault_		CODE           	1C5E	0000	65
		_PowerFault_Ini		CODE           	2390	0000	3
		_setPowerFault_		CODE           	1BA4	0000	58

C:\Users\taianluo\Documents\GitHub\myPicCode\Source_File\PowerFault_B1.c estimated size: 423

C:\Program Files (x86)\Microchip\xc8\v1.32\sources\common\ftmul.c
		___ftmul       		CODE           	0A64	0000	180

C:\Program Files (x86)\Microchip\xc8\v1.32\sources\common\ftmul.c estimated size: 180

C:\Users\taianluo\Documents\GitHub\myPicCode\Source_File\OverTemperature_B1.c
		_Temp_Initializ		CODE           	2396	0000	3
		_Temp_Main     		CODE           	07FD	0000	3
		_setOverTemp_Ex		CODE           	1000	0000	66
		_setTemp_Initia		CODE           	247B	0000	11
		_getTemp_AD    		CODE           	122B	0000	108
		_getTemp_Safe  		CODE           	23CA	0000	7
		_setTemp_Main  		CODE           	0EDD	0000	291
		_setTemp_Enable		CODE           	245A	0000	11

C:\Users\taianluo\Documents\GitHub\myPicCode\Source_File\OverTemperature_B1.c estimated size: 500

C:\Users\taianluo\Documents\GitHub\myPicCode\Source_File\RF_Control_B1.c
		_RF_Initializat		CODE           	23A5	0000	4
		_setRF_ReceiveG		CODE           	2486	0000	12
		_getRxData     		CODE           	1E45	0000	82
		_setRF_Main    		CODE           	154C	0000	129
		_setRFSW_Status		CODE           	251E	0000	15
		_setRF_DimmerVa		CODE           	1B02	0000	53
		_setRF_Initiali		CODE           	23D8	0000	7
		_setTxData     		CODE           	0B18	0000	201
		_setRFSW_Contro		CODE           	16DD	0000	144
		_setRF_Learn   		CODE           	2510	0000	14
		_RF_Main       		CODE           	23A9	0000	4
		_setRFSW_AdjCon		CODE           	1C1E	0000	64
		_setRF_Enable  		CODE           	1B37	0000	54
		_setRF_DimmerLi		CODE           	1EEE	0000	91
		_setControl_Lig		CODE           	176D	0000	147
		_setLog_Code   		CODE           	1DAF	0000	72
		_RF_RxDisable  		CODE           	19B3	0000	44
		_setRF_RxStatus		CODE           	2502	0000	14
		_RfSWPointSelec		CODE           	2659	0000	22
		_RfPointSelect 		CODE           	2439	0000	11

C:\Users\taianluo\Documents\GitHub\myPicCode\Source_File\RF_Control_B1.c estimated size: 1184

C:\Users\taianluo\Documents\GitHub\myPicCode\Source_File\Buzzer_B1.c
		_Buzzer_Main   		CODE           	0913	0000	168
		_setBuz        		CODE           	13E5	0000	119
		_Buzzer_Initial		CODE           	2423	0000	11

C:\Users\taianluo\Documents\GitHub\myPicCode\Source_File\Buzzer_B1.c estimated size: 298

C:\Program Files (x86)\Microchip\xc8\v1.32\sources\common\fttol.c
		___fttol       		CODE           	15CD	0000	135

C:\Program Files (x86)\Microchip\xc8\v1.32\sources\common\fttol.c estimated size: 135

C:\Users\taianluo\Documents\GitHub\myPicCode\Source_File\LED_B1.c
		_setLED        		CODE           	1042	0000	94
		_LED_Main      		CODE           	24C2	0000	12
		_setLED_Initial		CODE           	25BC	0000	17
		_LedPointSelect		CODE           	1886	0000	34
		_setLED_Main   		CODE           	1BDE	0000	64
		_LED_Initializa		CODE           	24B6	0000	12

C:\Users\taianluo\Documents\GitHub\myPicCode\Source_File\LED_B1.c estimated size: 233

C:\Users\taianluo\Documents\GitHub\myPicCode\Source_File\CC2500_B1.c
		_DelayTime_1us 		CODE           	1912	0000	38
		_CC2500_Frequen		CODE           	249E	0000	12
		_CC2500_SIDLEMo		CODE           	23A1	0000	4
		_CC2500_PowerOn		CODE           	261A	0000	21
		_CC2500_WriteBy		CODE           	26B4	0000	25
		_CC2500_RxData 		CODE           	1162	0000	100
		_CC2500_TxData 		CODE           	1D25	0000	68
		_CC2500_ClearRX		CODE           	2399	0000	4
		_CC2500_ClearTX		CODE           	239D	0000	4
		_CC2500_InitPAT		CODE           	27BF	0000	31
		_CC2500_WriteRE		CODE           	26CD	0000	25
		_CC2500_ReadSta		CODE           	274D	0000	27
		_CC2500_PowerRS		CODE           	1A0D	0000	48
		_CC2500_ReadByt		CODE           	2784	0000	29
		_CC2500_InitSet		CODE           	195E	0000	42
		_CC2500_WriteCo		CODE           	253C	0000	16

C:\Users\taianluo\Documents\GitHub\myPicCode\Source_File\CC2500_B1.c estimated size: 494

C:\Program Files (x86)\Microchip\xc8\v1.32\sources\common\lwdiv.c
		___lwdiv       		CODE           	1B6D	0000	55

C:\Program Files (x86)\Microchip\xc8\v1.32\sources\common\lwdiv.c estimated size: 55

C:\Program Files (x86)\Microchip\xc8\v1.32\sources\common\ftadd.c
		___ftadd       		CODE           	0BE1	0000	246

C:\Program Files (x86)\Microchip\xc8\v1.32\sources\common\ftadd.c estimated size: 246

C:\Program Files (x86)\Microchip\xc8\v1.32\sources\common\Umul16.c
		___wmul        		CODE           	27A1	0000	30

C:\Program Files (x86)\Microchip\xc8\v1.32\sources\common\Umul16.c estimated size: 30

shared
		_CC2500_patable		STRCODE        	185E	0000	8
		i1_setLoad_Stat		CODE           	1A3D	0000	49
		_CC2500_rfSetti		STRCODE        	182F	0000	47
		__initializatio		CODE           	0018	0000	61
		i1_RfPointSelec		CODE           	2419	0000	10
		_CC2500_registe		STRCODE        	1800	0000	47

shared estimated size: 222

C:\Users\taianluo\Documents\GitHub\myPicCode\Source_File\OverLoad_B1.c
		_setLoad_Except		CODE           	1CE1	0000	68
		_getLoad_AD    		CODE           	087D	0000	150
		_getLoad_Safe  		CODE           	2470	0000	11
		_setLoad_GO    		CODE           	2444	0000	11
		_setLoad_Status		CODE           	1AD0	0000	50
		_setLoad_Count 		CODE           	2644	0000	21
		_setLoad_Status		CODE           	1A6E	0000	49
		_setLoad_Enable		CODE           	257C	0000	16
		_Load_Initializ		CODE           	24CE	0000	13
		_Load_Main     		CODE           	03A4	0000	684
		_setLoad_AH_AL_		CODE           	18A8	0000	34

C:\Users\taianluo\Documents\GitHub\myPicCode\Source_File\OverLoad_B1.c estimated size: 1107

C:\Users\taianluo\Documents\GitHub\myPicCode\Source_File\DelayOff_B1.c
		_DelayOff_Initi		CODE           	23DF	0000	8
		_DlyOff_Main   		CODE           	14D3	0000	121
		_DelayTimejudge		CODE           	19DF	0000	46
		_DelayOff_Main 		CODE           	23E7	0000	8
		_DelayOffPointS		CODE           	2685	0000	23
		_setDelayOff_GO		CODE           	1FA4	0000	92
		_DlyOff_Initial		CODE           	242E	0000	11

C:\Users\taianluo\Documents\GitHub\myPicCode\Source_File\DelayOff_B1.c estimated size: 309

C:\Users\taianluo\Documents\GitHub\myPicCode\Source_File\main.c
		_MainT_Initiali		CODE           	2465	0000	11
		_main          		CODE           	1305	0000	111
		_MainT         		CODE           	145C	0000	119

C:\Users\taianluo\Documents\GitHub\myPicCode\Source_File\main.c estimated size: 241

C:\Users\taianluo\Documents\GitHub\myPicCode\Source_File\Switch_B1.c
		_Sw_DimmerAdjFu		CODE           	1938	0000	38
		_Sw_DimmerOffFu		CODE           	1374	0000	113
		_Switch_Main   		CODE           	23FF	0000	8
		_setSw_Enable  		CODE           	2768	0000	28
		_SwPointSelect 		CODE           	25F2	0000	20
		_Sw_DimmerOnFun		CODE           	07B4	0000	73
		_TouchPower    		CODE           	23B2	0000	5
		_setSw_Main    		CODE           	0650	0000	356
		_setSw_Initiali		CODE           	23F7	0000	8
		_Switch_Initial		CODE           	24F5	0000	13
		_setSw_Status  		CODE           	252D	0000	15

C:\Users\taianluo\Documents\GitHub\myPicCode\Source_File\Switch_B1.c estimated size: 677

C:\Program Files (x86)\Microchip\xc8\v1.32\sources\pic\ftdiv.c
		___ftdiv       		CODE           	09BB	0000	169

C:\Program Files (x86)\Microchip\xc8\v1.32\sources\pic\ftdiv.c estimated size: 169

C:\Users\taianluo\Documents\GitHub\myPicCode\Source_File\MCU_16f1518_B1.c
		_IO_Set        		CODE           	26FF	0000	25
		_ADC_Set       		CODE           	23D1	0000	7
		_IOC_ISR       		CODE           	18ED	0000	37
		_INT_Set       		CODE           	23AD	0000	5
		_ISR           		CODE           	0004	0000	18
		_Flash_Memory_W		CODE           	1A9F	0000	49
		_Flash_Memory_M		CODE           	1297	0000	110
		_setINT_GO     		CODE           	2410	0000	9
		_IOC_Set       		CODE           	24DB	0000	13
		_Mcu_Initializa		CODE           	269C	0000	24
		_Flash_Memory_I		CODE           	0CD7	0000	248
		_getAD         		CODE           	266F	0000	22
		_TMR0_Set      		CODE           	24E8	0000	13
		_Flash_Memory_U		CODE           	2407	0000	9
		_INT_ISR       		CODE           	2492	0000	12
		_TMR0_ISR      		CODE           	0059	0000	843
		_Flash_Memory_R		CODE           	26E6	0000	25
		_Flash_Memory_E		CODE           	24AA	0000	12
		_setDimmerReClo		CODE           	2718	0000	26
		_Flash_Memory_M		CODE           	1DF7	0000	78

C:\Users\taianluo\Documents\GitHub\myPicCode\Source_File\MCU_16f1518_B1.c estimated size: 1585

C:\Users\taianluo\Documents\GitHub\myPicCode\Source_File\Dimmer_B1.c
		_DimmerLightsPo		CODE           	25DF	0000	19
		_getDimmerLight		CODE           	25CD	0000	18
		_DimmerLights_M		CODE           	244F	0000	11
		_setDimmerLight		CODE           	256C	0000	16
		_setDimmerLight		CODE           	1101	0000	97
		_getDimmerLight		CODE           	2606	0000	20
		_setDimmerLight		CODE           	0801	0000	124
		_setDimmerLight		CODE           	18CA	0000	35
		_getPercentValu		CODE           	1F49	0000	91
		_DimmerLights_C		CODE           	2732	0000	27
		_setDimmerLight		CODE           	259C	0000	16
		_setDimmerLight		CODE           	255C	0000	16
		_setDimmerLight		CODE           	25AC	0000	16
		_setPercentValu		CODE           	1D69	0000	70
		_setDimmerLight		CODE           	1C9F	0000	66
		_DimmerLights_E		CODE           	11C6	0000	101
		_setDimmerLight		CODE           	1988	0000	43
		_setDimmerLight		CODE           	254C	0000	16
		_Dimmer_Initial		CODE           	23C3	0000	7
		_DimmerLights_I		CODE           	262F	0000	21
		_setDimmerLight		CODE           	1654	0000	137
		_setDimmerLight		CODE           	1E97	0000	87

C:\Users\taianluo\Documents\GitHub\myPicCode\Source_File\Dimmer_B1.c estimated size: 1054

