Microchip MPLAB XC8 Compiler V1.32 ()

Linker command line:

--edf=C:\Program Files (x86)\Microchip\xc8\v1.32\dat\en_msgs.txt -cs \
  -h+Switch_2Key_Dimmer_V2.1.2.sym --cmf=Switch_2Key_Dimmer_V2.1.2.cmf -z \
  -Q16F1518 -oC:\Users\taianluo\AppData\Local\Temp\s6ko.6 \
  -MSwitch_2Key_Dimmer_V2.1.2.map -E1 -ver=XC8 -ASTACK=021D7h-0231fh \
  -pstack=STACK -ACONST=00h-0FFhx64 -ACODE=00h-07FFhx8 -ASTRCODE=00h-03FFFh \
  -AENTRY=00h-0FFhx64 -ASTRING=00h-0FFhx64 -ACOMMON=070h-07Fh \
  -ABANK0=020h-06Fh -ABANK1=0A0h-0EFh -ABANK2=0120h-016Fh \
  -ABANK3=01A0h-01EFh -ABANK4=0220h-026Fh -ABANK5=02A0h-02EFh \
  -ABANK6=0320h-036Fh -ABANK7=03A0h-03EFh -ABANK8=0420h-046Fh \
  -ABANK9=04A0h-04EFh -ABANK10=0520h-056Fh -ABANK11=05A0h-05EFh \
  -ABANK12=0620h-064Fh -ABIGRAM=02000h-023EFh \
  -ARAM=020h-06Fh,0A0h-0EFh,0120h-016Fh,01A0h-01EFh,0220h-026Fh,02A0h-02EFh,0320h-036Fh,03A0h-03EFh,0420h-046Fh,04A0h-04EFh,0520h-056Fh,05A0h-05EFh,0620h-064Fh \
  -AABS1=020h-07Fh,0A0h-0EFh,0120h-016Fh,01A0h-01EFh,0220h-026Fh,02A0h-02EFh,0320h-036Fh,03A0h-03EFh,0420h-046Fh,04A0h-04EFh,0520h-056Fh,05A0h-05EFh,0620h-064Fh \
  -ASFR0=00h-01Fh -ASFR1=080h-09Fh -ASFR2=0100h-011Fh -ASFR3=0180h-019Fh \
  -ASFR4=0200h-021Fh -ASFR5=0280h-029Fh -ASFR6=0300h-031Fh \
  -ASFR7=0380h-039Fh -ASFR8=0400h-041Fh -ASFR9=0480h-049Fh \
  -ASFR10=0500h-051Fh -ASFR11=0580h-059Fh -ASFR12=0600h-061Fh \
  -ASFR13=0680h-06EFh -ASFR14=0700h-076Fh -ASFR15=0780h-07EFh \
  -ASFR16=0800h-086Fh -ASFR17=0880h-08EFh -ASFR18=0900h-096Fh \
  -ASFR19=0980h-09EFh -ASFR20=0A00h-0A6Fh -ASFR21=0A80h-0AEFh \
  -ASFR22=0B00h-0B6Fh -ASFR23=0B80h-0BEFh -ASFR24=0C00h-0C6Fh \
  -ASFR25=0C80h-0CEFh -ASFR26=0D00h-0D6Fh -ASFR27=0D80h-0DEFh \
  -ASFR28=0E00h-0E6Fh -ASFR29=0E80h-0EEFh -ASFR30=0F00h-0F6Fh \
  -ASFR31=0F80h-0FEFh -preset_vec=00h,intentry=04h,init,end_init \
  -ppowerup=CODE -pcinit=CODE -pfunctab=CODE -ACONFIG=08007h-08008h \
  -pconfig=CONFIG -DCONFIG=2 -AIDLOC=08000h-08003h -pidloc=IDLOC -DIDLOC=2 \
  -DCODE=2 -DSTRCODE=2 -DSTRING=2 -DCONST=2 -DENTRY=2 -k startup.obj \
  Switch_2Key_Dimmer_V2.1.2.obj 

Object code version is 3.11

Machine type is 16F1518



                Name                               Link     Load   Length Selector   Space Scale
startup.obj     end_init                             16       16        2        8       0
                reset_vec                             0        0        2        0       0
                config                             8007     8007        2    1000E       0
Switch_2Key_Dimmer_V2.1.2.obj
                cinit                                18       18       41        8       0
                intentry                              4        4       12        8       0
                text143                            23AA     23AA        A     4754       0
                text142                            240C     240C        C     4818       0
                text141                            2418     2418        C     4830       0
                text140                            268F     268F       1A     4D1E       0
                text139                            27DB     27DB       25     4FB6       0
                text138                            19D4     19D4       31     33A8       0
                text137                             446      446      34B        8       0
                text135                            23B4     23B4        B     4768       0
                text134                             8A9      8A9       A8     1152       0
                text133                            262B     262B       19     4C56       0
                text132                            24C2     24C2       10     4984       0
                text131                            232A     232A        4     4654       0
                text130                            232E     232E        4     465C       0
                text129                            187B     187B       26     30F6       0
                text128                            2424     2424        C     4848       0
                text127                            2644     2644       19     4C88       0
                text126                            2736     2736       1F     4E6C       0
                text125                            18C7     18C7       2A     318E       0
                text124                            19A4     19A4       30     3348       0
                text123                            2332     2332        4     4664       0
                text122                            2590     2590       15     4B20       0
                text121                            25FC     25FC       17     4BF8       0
                text120                            23BF     23BF        B     477E       0
                text119                            2370     2370        8     46E0       0
                text118                            2718     2718       1E     4E30       0
                text117                            135E     135E       77     26BC       0
                text116                            2555     2555       13     4AAA       0
                text115                            24D2     24D2       10     49A4       0
                text114                            24E2     24E2       10     49C4       0
                text113                            25BA     25BA       16     4B74       0
                text112                            24A4     24A4        F     4948       0
                text111                            1F4A     1F4A       5B     3E94       0
                text110                            2568     2568       14     4AD0       0
                text109                            24B3     24B3        F     4966       0
                text108                            23CA     23CA        B     4794       0
                text107                            1948     1948       2E     3290       0
                text106                            13D5     13D5       79     27AA       0
                text105                            2378     2378        8     46F0       0
                text104                            2354     2354        7     46A8       0
                text103                            1081     1081       61     2102       0
                text102                            2775     2775       22     4EEA       0
                text101                             B86      B86       F6     170C       0
                text100                             951      951       A9     12A2       0
                text99                              9FA      9FA       B4     13F4       0
                text98                             15C7     15C7       87     2B8E       0
                text97                             1FA5     1FA5       5B     3F4A       0
                text96                             1CB2     1CB2       42     3964       0
                text95                             25A5     25A5       15     4B4A       0
                text94                             2543     2543       12     4A86       0
                text93                             23D5     23D5        B     47AA       0
                text92                             26A9     26A9       1B     4D52       0
                text91                             257C     257C       14     4AF8       0
                text90                             2797     2797       22     4F2E       0
                text89                             1023     1023       5E     2046       0
                text88                             1866     1866       15     30CC       0
                text87                             1A67     1A67       32     34CE       0
                text86                             144E     144E       7C     289C       0
                text85                             1A05     1A05       31     340A       0
                text84                             1D7C     1D7C       46     3AF8       0
                text83                             10E2     10E2       61     21C4       0
                text82                             164E     164E       89     2C9C       0
                text81                             23E0     23E0        B     47C0       0
                text80                             265D     265D       19     4CBA       0
                text79                             2398     2398        9     4730       0
                text78                             1A36     1A36       31     346C       0
                text77                              AAE      AAE       D8     155C       0
                text76                             2430     2430        C     4860       0
                text75                             12E9     12E9       75     25D2       0
                text74                             1E53     1E53       4E     3CA6       0
                text73                             2532     2532       11     4A64       0
                text72                             243C     243C        C     4878       0
                text71                             1BF1     1BF1       40     37E2       0
                text70                             2448     2448        C     4890       0
                text69                             27B9     27B9       22     4F72       0
                text68                             2454     2454        D     48A8       0
                text67                             1ACE     1ACE       37     359C       0
                text66                             2380     2380        8     4700       0
                text65                             235B     235B        7     46B6       0
                text64                             24F2     24F2       10     49E4       0
                text63                             1EF3     1EF3       57     3DE6       0
                text62                             18F1     18F1       2B     31E2       0
                text61                             11A7     11A7       65     234E       0
                text60                             23A1     23A1        9     4742       0
                text59                             1B3E     1B3E       3A     367C       0
                text58                             26DF     26DF       1C     4DBE       0
                text57                             1CF4     1CF4       44     39E8       0
                text56                               59       59      3ED        8       0
                text55                             2502     2502       10     4A04       0
                text54                             23EB     23EB        B     47D6       0
                text53                             14CA     14CA       7C     2994       0
                text52                             25D0     25D0       16     4BA0       0
                text51                             2362     2362        7     46C4       0
                text50                             233E     233E        5     467C       0
                text49                             2461     2461        D     48C2       0
                text48                             2676     2676       19     4CEC       0
                text47                             246E     246E        D     48DC       0
                text46                             2613     2613       18     4C26       0
                text45                             2512     2512       10     4A24       0
                text44                             231E     231E        3     463C       0
                text43                             23F6     23F6        B     47EC       0
                text42                             1B78     1B78       3A     36F0       0
                text41                              C7C      C7C      10E     18F8       0
                text40                             2321     2321        3     4642       0
                text39                             2369     2369        7     46D2       0
                text38                             2336     2336        4     466C       0
                text37                             26FB     26FB       1D     4DF6       0
                text36                             26C4     26C4       1B     4D88       0
                text35                             2488     2488        E     4910       0
                text34                             1143     1143       64     2286       0
                text33                             1D38     1D38       44     3A70       0
                text32                             191C     191C       2C     3238       0
                text31                             1000     1000       23     1D5A       0
                text30                             1A99     1A99       35     3532       0
                text29                             1C31     1C31       40     3862       0
                text28                             1976     1976       2E     32EC       0
                text27                             1BB2     1BB2       3F     3764       0
                text26                              810      810       99     1020       0
                text25                             16D7     16D7       93     2DAE       0
                text24                             1DC2     1DC2       48     3B84       0
                text23                             1EA1     1EA1       52     3D42       0
                text22                             1546     1546       81     2A8C       0
                text21                             233A     233A        4     4674       0
                text20                             2343     2343        5     4686       0
                text19                             2388     2388        8     4710       0
                text18                             247B     247B        D     48F6       0
                text17                             2522     2522       10     4A44       0
                text16                              800      800       10        8       0
                text15                             18A1     18A1       26     3142       0
                text14                             1278     1278       71     24F0       0
                text13                             1E0A     1E0A       49     3C14       0
                text12                             2496     2496        E     492C       0
                text11                              EAD      EAD      153     1D5A       0
                text10                             2390     2390        8     4720       0
                text9                              2401     2401        B     4802       0
                text8                              2324     2324        3     4648       0
                text7                              1B05     1B05       39     360A       0
                text6                               D8A      D8A      123     1B14       0
                text5                              2327     2327        3     464E       0
                text4                              25E6     25E6       16     4BCC       0
                text3                              176A     176A       96     2ED4       0
                text2                              1C71     1C71       41     38E2       0
                text1                              120C     120C       6C     2418       0
                maintext                            791      791       6F        8       0
                cstackBANK0                          20       20       4C       20       1
                cstackCOMMON                         71       71        7       70       1
                inittext                           2348     2348        6     4690       0
                clrtext                            234E     234E        6     469C       0
                bssBANK5                            2A0      2A0       47      2A0       1
                bssBANK4                            220      220       25      220       1
                dataBANK3                           1A0      1A0       20      1A0       1
                bssBANK3                            1C0      1C0       10      1A0       1
                bssBANK2                            120      120       4E      120       1
                bssBANK1                             A0       A0       48       A0       1
                bssBANK0                             6C       6C        3       20       1
                bssCOMMON                            78       78        6       70       1
                bitbssCOMMON                        380       70        7       70       1     8
                nvBANK1                              E8       E8        3       A0       1
                nvBANK0                              6F       6F        1       20       1
                stringtext                         1800     1800       66       30       0
                idataBANK3                         2755     2755       20     4EAA       0

TOTAL           Name                               Link     Load   Length     Space
        CLASS   STACK          

        CLASS   CONST          

        CLASS   CODE           
                end_init                             16       16        2         0
                cinit                                18       18       41         0
                intentry                              4        4       12         0
                reset_vec                             0        0        2         0
                text143                            23AA     23AA        A         0
                text142                            240C     240C        C         0
                text141                            2418     2418        C         0
                text140                            268F     268F       1A         0
                text139                            27DB     27DB       25         0
                text138                            19D4     19D4       31         0
                text137                             446      446      34B         0
                text135                            23B4     23B4        B         0
                text134                             8A9      8A9       A8         0
                text133                            262B     262B       19         0
                text132                            24C2     24C2       10         0
                text131                            232A     232A        4         0
                text130                            232E     232E        4         0
                text129                            187B     187B       26         0
                text128                            2424     2424        C         0
                text127                            2644     2644       19         0
                text126                            2736     2736       1F         0
                text125                            18C7     18C7       2A         0
                text124                            19A4     19A4       30         0
                text123                            2332     2332        4         0
                text122                            2590     2590       15         0
                text121                            25FC     25FC       17         0
                text120                            23BF     23BF        B         0
                text119                            2370     2370        8         0
                text118                            2718     2718       1E         0
                text117                            135E     135E       77         0
                text116                            2555     2555       13         0
                text115                            24D2     24D2       10         0
                text114                            24E2     24E2       10         0
                text113                            25BA     25BA       16         0
                text112                            24A4     24A4        F         0
                text111                            1F4A     1F4A       5B         0
                text110                            2568     2568       14         0
                text109                            24B3     24B3        F         0
                text108                            23CA     23CA        B         0
                text107                            1948     1948       2E         0
                text106                            13D5     13D5       79         0
                text105                            2378     2378        8         0
                text104                            2354     2354        7         0
                text103                            1081     1081       61         0
                text102                            2775     2775       22         0
                text101                             B86      B86       F6         0
                text100                             951      951       A9         0
                text99                              9FA      9FA       B4         0
                text98                             15C7     15C7       87         0
                text97                             1FA5     1FA5       5B         0
                text96                             1CB2     1CB2       42         0
                text95                             25A5     25A5       15         0
                text94                             2543     2543       12         0
                text93                             23D5     23D5        B         0
                text92                             26A9     26A9       1B         0
                text91                             257C     257C       14         0
                text90                             2797     2797       22         0
                text89                             1023     1023       5E         0
                text88                             1866     1866       15         0
                text87                             1A67     1A67       32         0
                text86                             144E     144E       7C         0
                text85                             1A05     1A05       31         0
                text84                             1D7C     1D7C       46         0
                text83                             10E2     10E2       61         0
                text82                             164E     164E       89         0
                text81                             23E0     23E0        B         0
                text80                             265D     265D       19         0
                text79                             2398     2398        9         0
                text78                             1A36     1A36       31         0
                text77                              AAE      AAE       D8         0
                text76                             2430     2430        C         0
                text75                             12E9     12E9       75         0
                text74                             1E53     1E53       4E         0
                text73                             2532     2532       11         0
                text72                             243C     243C        C         0
                text71                             1BF1     1BF1       40         0
                text70                             2448     2448        C         0
                text69                             27B9     27B9       22         0
                text68                             2454     2454        D         0
                text67                             1ACE     1ACE       37         0
                text66                             2380     2380        8         0
                text65                             235B     235B        7         0
                text64                             24F2     24F2       10         0
                text63                             1EF3     1EF3       57         0
                text62                             18F1     18F1       2B         0
                text61                             11A7     11A7       65         0
                text60                             23A1     23A1        9         0
                text59                             1B3E     1B3E       3A         0
                text58                             26DF     26DF       1C         0
                text57                             1CF4     1CF4       44         0
                text56                               59       59      3ED         0
                text55                             2502     2502       10         0
                text54                             23EB     23EB        B         0
                text53                             14CA     14CA       7C         0
                text52                             25D0     25D0       16         0
                text51                             2362     2362        7         0
                text50                             233E     233E        5         0
                text49                             2461     2461        D         0
                text48                             2676     2676       19         0
                text47                             246E     246E        D         0
                text46                             2613     2613       18         0
                text45                             2512     2512       10         0
                text44                             231E     231E        3         0
                text43                             23F6     23F6        B         0
                text42                             1B78     1B78       3A         0
                text41                              C7C      C7C      10E         0
                text40                             2321     2321        3         0
                text39                             2369     2369        7         0
                text38                             2336     2336        4         0
                text37                             26FB     26FB       1D         0
                text36                             26C4     26C4       1B         0
                text35                             2488     2488        E         0
                text34                             1143     1143       64         0
                text33                             1D38     1D38       44         0
                text32                             191C     191C       2C         0
                text31                             1000     1000       23         0
                text30                             1A99     1A99       35         0
                text29                             1C31     1C31       40         0
                text28                             1976     1976       2E         0
                text27                             1BB2     1BB2       3F         0
                text26                              810      810       99         0
                text25                             16D7     16D7       93         0
                text24                             1DC2     1DC2       48         0
                text23                             1EA1     1EA1       52         0
                text22                             1546     1546       81         0
                text21                             233A     233A        4         0
                text20                             2343     2343        5         0
                text19                             2388     2388        8         0
                text18                             247B     247B        D         0
                text17                             2522     2522       10         0
                text16                              800      800       10         0
                text15                             18A1     18A1       26         0
                text14                             1278     1278       71         0
                text13                             1E0A     1E0A       49         0
                text12                             2496     2496        E         0
                text11                              EAD      EAD      153         0
                text10                             2390     2390        8         0
                text9                              2401     2401        B         0
                text8                              2324     2324        3         0
                text7                              1B05     1B05       39         0
                text6                               D8A      D8A      123         0
                text5                              2327     2327        3         0
                text4                              25E6     25E6       16         0
                text3                              176A     176A       96         0
                text2                              1C71     1C71       41         0
                text1                              120C     120C       6C         0
                maintext                            791      791       6F         0
                inittext                           2348     2348        6         0
                clrtext                            234E     234E        6         0
                idataBANK3                         2755     2755       20         0

        CLASS   STRCODE        
                stringtext                         1800     1800       66         0

        CLASS   ENTRY          

        CLASS   STRING         

        CLASS   COMMON         
                cstackCOMMON                         71       71        7         1
                bssCOMMON                            78       78        6         1
                bitbssCOMMON                        380       70        7         1

        CLASS   BANK0          
                cstackBANK0                          20       20       4C         1
                bssBANK0                             6C       6C        3         1
                nvBANK0                              6F       6F        1         1

        CLASS   BANK1          
                bssBANK1                             A0       A0       48         1
                nvBANK1                              E8       E8        3         1

        CLASS   BANK2          
                bssBANK2                            120      120       4E         1

        CLASS   BANK3          
                dataBANK3                           1A0      1A0       20         1
                bssBANK3                            1C0      1C0       10         1

        CLASS   BANK4          
                bssBANK4                            220      220       25         1

        CLASS   BANK5          
                bssBANK5                            2A0      2A0       47         1

        CLASS   BANK6          

        CLASS   BANK7          

        CLASS   BANK8          

        CLASS   BANK9          

        CLASS   BANK10         

        CLASS   BANK11         

        CLASS   BANK12         

        CLASS   BIGRAM         

        CLASS   RAM            

        CLASS   ABS1           
                abs_s1                               7E       7E        2         1

        CLASS   SFR0           

        CLASS   SFR1           

        CLASS   SFR2           

        CLASS   SFR3           

        CLASS   SFR4           

        CLASS   SFR5           

        CLASS   SFR6           

        CLASS   SFR7           

        CLASS   SFR8           

        CLASS   SFR9           

        CLASS   SFR10          

        CLASS   SFR11          

        CLASS   SFR12          

        CLASS   SFR13          

        CLASS   SFR14          

        CLASS   SFR15          

        CLASS   SFR16          

        CLASS   SFR17          

        CLASS   SFR18          

        CLASS   SFR19          

        CLASS   SFR20          

        CLASS   SFR21          

        CLASS   SFR22          

        CLASS   SFR23          

        CLASS   SFR24          

        CLASS   SFR25          

        CLASS   SFR26          

        CLASS   SFR27          

        CLASS   SFR28          

        CLASS   SFR29          

        CLASS   SFR30          

        CLASS   SFR31          

        CLASS   CONFIG         
                config                             8007     8007        2         0

        CLASS   IDLOC          

        CLASS   BANK31         

        CLASS   BANK30         

        CLASS   BANK29         

        CLASS   BANK28         

        CLASS   BANK27         

        CLASS   BANK26         

        CLASS   BANK25         

        CLASS   BANK24         

        CLASS   BANK23         

        CLASS   BANK22         

        CLASS   BANK21         

        CLASS   BANK20         

        CLASS   BANK19         

        CLASS   BANK18         

        CLASS   BANK17         

        CLASS   BANK16         

        CLASS   BANK15         

        CLASS   BANK14         

        CLASS   BANK13         

        CLASS   EEDATA         



SEGMENTS        Name                           Load    Length   Top    Selector   Space  Class     Delta

                reset_vec                      000000  000002  000002         0       0  CODE        2
                intentry                       000004  00080C  000810         8       0  CODE        2
                cstackBANK0                    000020  000050  000070        20       1  BANK0       1
                bitbssCOMMON                   000070  00000E  00007E        70       1  COMMON      1
                bssBANK1                       0000A0  00004B  0000EB        A0       1  BANK1       1
                bssBANK2                       000120  00004E  00016E       120       1  BANK2       1
                dataBANK3                      0001A0  000030  0001D0       1A0       1  BANK3       1
                bssBANK4                       000220  000025  000245       220       1  BANK4       1
                bssBANK5                       0002A0  000047  0002E7       2A0       1  BANK5       1
                text26                         000810  000099  0008A9      1020       0  CODE        2
                text134                        0008A9  0000A8  000951      1152       0  CODE        2
                text100                        000951  0000A9  0009FA      12A2       0  CODE        2
                text99                         0009FA  0000B4  000AAE      13F4       0  CODE        2
                text77                         000AAE  0000D8  000B86      155C       0  CODE        2
                text101                        000B86  0000F6  000C7C      170C       0  CODE        2
                text41                         000C7C  00010E  000D8A      18F8       0  CODE        2
                text6                          000D8A  000123  000EAD      1B14       0  CODE        2
                text11                         000EAD  000176  001023      1D5A       0  CODE        2
                text89                         001023  00005E  001081      2046       0  CODE        2
                text103                        001081  000061  0010E2      2102       0  CODE        2
                text83                         0010E2  000061  001143      21C4       0  CODE        2
                text34                         001143  000064  0011A7      2286       0  CODE        2
                text61                         0011A7  000065  00120C      234E       0  CODE        2
                text1                          00120C  00006C  001278      2418       0  CODE        2
                text14                         001278  000071  0012E9      24F0       0  CODE        2
                text75                         0012E9  000075  00135E      25D2       0  CODE        2
                text117                        00135E  000077  0013D5      26BC       0  CODE        2
                text106                        0013D5  000079  00144E      27AA       0  CODE        2
                text86                         00144E  00007C  0014CA      289C       0  CODE        2
                text53                         0014CA  00007C  001546      2994       0  CODE        2
                text22                         001546  000081  0015C7      2A8C       0  CODE        2
                text98                         0015C7  000087  00164E      2B8E       0  CODE        2
                text82                         00164E  000089  0016D7      2C9C       0  CODE        2
                text25                         0016D7  000093  00176A      2DAE       0  CODE        2
                text3                          00176A  000096  001800      2ED4       0  CODE        2
                stringtext                     001800  000066  001866        30       0  STRCODE     2
                text88                         001866  000015  00187B      30CC       0  CODE        2
                text129                        00187B  000026  0018A1      30F6       0  CODE        2
                text15                         0018A1  000026  0018C7      3142       0  CODE        2
                text125                        0018C7  00002A  0018F1      318E       0  CODE        2
                text62                         0018F1  00002B  00191C      31E2       0  CODE        2
                text32                         00191C  00002C  001948      3238       0  CODE        2
                text107                        001948  00002E  001976      3290       0  CODE        2
                text28                         001976  00002E  0019A4      32EC       0  CODE        2
                text124                        0019A4  000030  0019D4      3348       0  CODE        2
                text138                        0019D4  000031  001A05      33A8       0  CODE        2
                text85                         001A05  000031  001A36      340A       0  CODE        2
                text78                         001A36  000031  001A67      346C       0  CODE        2
                text87                         001A67  000032  001A99      34CE       0  CODE        2
                text30                         001A99  000035  001ACE      3532       0  CODE        2
                text67                         001ACE  000037  001B05      359C       0  CODE        2
                text7                          001B05  000039  001B3E      360A       0  CODE        2
                text59                         001B3E  00003A  001B78      367C       0  CODE        2
                text42                         001B78  00003A  001BB2      36F0       0  CODE        2
                text27                         001BB2  00003F  001BF1      3764       0  CODE        2
                text71                         001BF1  000040  001C31      37E2       0  CODE        2
                text29                         001C31  000040  001C71      3862       0  CODE        2
                text2                          001C71  000041  001CB2      38E2       0  CODE        2
                text96                         001CB2  000042  001CF4      3964       0  CODE        2
                text57                         001CF4  000044  001D38      39E8       0  CODE        2
                text33                         001D38  000044  001D7C      3A70       0  CODE        2
                text84                         001D7C  000046  001DC2      3AF8       0  CODE        2
                text24                         001DC2  000048  001E0A      3B84       0  CODE        2
                text13                         001E0A  000049  001E53      3C14       0  CODE        2
                text74                         001E53  00004E  001EA1      3CA6       0  CODE        2
                text23                         001EA1  000052  001EF3      3D42       0  CODE        2
                text63                         001EF3  000057  001F4A      3DE6       0  CODE        2
                text111                        001F4A  00005B  001FA5      3E94       0  CODE        2
                text97                         001FA5  00005B  002000      3F4A       0  CODE        2
                text44                         00231E  000003  002321      463C       0  CODE        2
                text40                         002321  000003  002324      4642       0  CODE        2
                text8                          002324  000003  002327      4648       0  CODE        2
                text5                          002327  000003  00232A      464E       0  CODE        2
                text131                        00232A  000004  00232E      4654       0  CODE        2
                text130                        00232E  000004  002332      465C       0  CODE        2
                text123                        002332  000004  002336      4664       0  CODE        2
                text38                         002336  000004  00233A      466C       0  CODE        2
                text21                         00233A  000004  00233E      4674       0  CODE        2
                text50                         00233E  000005  002343      467C       0  CODE        2
                text20                         002343  000005  002348      4686       0  CODE        2
                inittext                       002348  000006  00234E      4690       0  CODE        2
                clrtext                        00234E  000006  002354      469C       0  CODE        2
                text104                        002354  000007  00235B      46A8       0  CODE        2
                text65                         00235B  000007  002362      46B6       0  CODE        2
                text51                         002362  000007  002369      46C4       0  CODE        2
                text39                         002369  000007  002370      46D2       0  CODE        2
                text119                        002370  000008  002378      46E0       0  CODE        2
                text105                        002378  000008  002380      46F0       0  CODE        2
                text66                         002380  000008  002388      4700       0  CODE        2
                text19                         002388  000008  002390      4710       0  CODE        2
                text10                         002390  000008  002398      4720       0  CODE        2
                text79                         002398  000009  0023A1      4730       0  CODE        2
                text60                         0023A1  000009  0023AA      4742       0  CODE        2
                text143                        0023AA  00000A  0023B4      4754       0  CODE        2
                text135                        0023B4  00000B  0023BF      4768       0  CODE        2
                text120                        0023BF  00000B  0023CA      477E       0  CODE        2
                text108                        0023CA  00000B  0023D5      4794       0  CODE        2
                text93                         0023D5  00000B  0023E0      47AA       0  CODE        2
                text81                         0023E0  00000B  0023EB      47C0       0  CODE        2
                text54                         0023EB  00000B  0023F6      47D6       0  CODE        2
                text43                         0023F6  00000B  002401      47EC       0  CODE        2
                text9                          002401  00000B  00240C      4802       0  CODE        2
                text142                        00240C  00000C  002418      4818       0  CODE        2
                text141                        002418  00000C  002424      4830       0  CODE        2
                text128                        002424  00000C  002430      4848       0  CODE        2
                text76                         002430  00000C  00243C      4860       0  CODE        2
                text72                         00243C  00000C  002448      4878       0  CODE        2
                text70                         002448  00000C  002454      4890       0  CODE        2
                text68                         002454  00000D  002461      48A8       0  CODE        2
                text49                         002461  00000D  00246E      48C2       0  CODE        2
                text47                         00246E  00000D  00247B      48DC       0  CODE        2
                text18                         00247B  00000D  002488      48F6       0  CODE        2
                text35                         002488  00000E  002496      4910       0  CODE        2
                text12                         002496  00000E  0024A4      492C       0  CODE        2
                text112                        0024A4  00000F  0024B3      4948       0  CODE        2
                text109                        0024B3  00000F  0024C2      4966       0  CODE        2
                text132                        0024C2  000010  0024D2      4984       0  CODE        2
                text115                        0024D2  000010  0024E2      49A4       0  CODE        2
                text114                        0024E2  000010  0024F2      49C4       0  CODE        2
                text64                         0024F2  000010  002502      49E4       0  CODE        2
                text55                         002502  000010  002512      4A04       0  CODE        2
                text45                         002512  000010  002522      4A24       0  CODE        2
                text17                         002522  000010  002532      4A44       0  CODE        2
                text73                         002532  000011  002543      4A64       0  CODE        2
                text94                         002543  000012  002555      4A86       0  CODE        2
                text116                        002555  000013  002568      4AAA       0  CODE        2
                text110                        002568  000014  00257C      4AD0       0  CODE        2
                text91                         00257C  000014  002590      4AF8       0  CODE        2
                text122                        002590  000015  0025A5      4B20       0  CODE        2
                text95                         0025A5  000015  0025BA      4B4A       0  CODE        2
                text113                        0025BA  000016  0025D0      4B74       0  CODE        2
                text52                         0025D0  000016  0025E6      4BA0       0  CODE        2
                text4                          0025E6  000016  0025FC      4BCC       0  CODE        2
                text121                        0025FC  000017  002613      4BF8       0  CODE        2
                text46                         002613  000018  00262B      4C26       0  CODE        2
                text133                        00262B  000019  002644      4C56       0  CODE        2
                text127                        002644  000019  00265D      4C88       0  CODE        2
                text80                         00265D  000019  002676      4CBA       0  CODE        2
                text48                         002676  000019  00268F      4CEC       0  CODE        2
                text140                        00268F  00001A  0026A9      4D1E       0  CODE        2
                text92                         0026A9  00001B  0026C4      4D52       0  CODE        2
                text36                         0026C4  00001B  0026DF      4D88       0  CODE        2
                text58                         0026DF  00001C  0026FB      4DBE       0  CODE        2
                text37                         0026FB  00001D  002718      4DF6       0  CODE        2
                text118                        002718  00001E  002736      4E30       0  CODE        2
                text126                        002736  00001F  002755      4E6C       0  CODE        2
                idataBANK3                     002755  000020  002775      4EAA       0  CODE        2
                text102                        002775  000022  002797      4EEA       0  CODE        2
                text90                         002797  000022  0027B9      4F2E       0  CODE        2
                text69                         0027B9  000022  0027DB      4F72       0  CODE        2
                text139                        0027DB  000025  002800      4FB6       0  CODE        2
                config                         008007  000002  008009     1000E       0  CONFIG      2


UNUSED ADDRESS RANGES

        Name                Unused          Largest block    Delta
        BANK1            000EB-000EF               5           1
        BANK10           00520-0056F              50           1
        BANK11           005A0-005EF              50           1
        BANK12           00620-0064F              30           1
        BANK2            0016E-0016F               2           1
        BANK3            001D0-001EF              20           1
        BANK4            00245-0026F              2B           1
        BANK5            002E7-002EF               9           1
        BANK6            00320-0036F              50           1
        BANK7            003A0-003EF              50           1
        BANK8            00420-0046F              50           1
        BANK9            004A0-004EF              50           1
        BIGRAM           02000-023EF             3F0           1
        CODE             00002-00003               2           2
                         02000-0231D             31E
                         02800-03FFF             800
        CONST            00002-00003               2           2
                         02000-0231D             100
                         02800-03FFF             100
        ENTRY            00002-00003               2           2
                         02000-0231D             100
                         02800-03FFF             100
        IDLOC            08000-08003               4           2
        RAM              000EB-000EF               5           1
                         0016E-0016F               2
                         001D0-001EF              20
                         00245-0026F              2B
                         002E7-002EF               9
                         00320-0036F              50
                         003A0-003EF              50
                         00420-0046F              50
                         004A0-004EF              50
                         00520-0056F              50
                         005A0-005EF              50
                         00620-0064F              30
        SFR0             00000-0001F              20           1
        SFR1             00080-0009F              20           1
        SFR10            00500-0051F              20           1
        SFR11            00580-0059F              20           1
        SFR12            00600-0061F              20           1
        SFR13            00680-006EF              70           1
        SFR14            00700-0076F              70           1
        SFR15            00780-007EF              70           1
        SFR16            00800-0086F              70           1
        SFR17            00880-008EF              70           1
        SFR18            00900-0096F              70           1
        SFR19            00980-009EF              70           1
        SFR2             00100-0011F              20           1
        SFR20            00A00-00A6F              70           1
        SFR21            00A80-00AEF              70           1
        SFR22            00B00-00B6F              70           1
        SFR23            00B80-00BEF              70           1
        SFR24            00C00-00C6F              70           1
        SFR25            00C80-00CEF              70           1
        SFR26            00D00-00D6F              70           1
        SFR27            00D80-00DEF              70           1
        SFR28            00E00-00E6F              70           1
        SFR29            00E80-00EEF              70           1
        SFR3             00180-0019F              20           1
        SFR30            00F00-00F6F              70           1
        SFR31            00F80-00FEF              70           1
        SFR4             00200-0021F              20           1
        SFR5             00280-0029F              20           1
        SFR6             00300-0031F              20           1
        SFR7             00380-0039F              20           1
        SFR8             00400-0041F              20           1
        SFR9             00480-0049F              20           1
        STACK            021D7-0231F             149           1
        STRCODE          00002-00003               2           2
                         02000-0231D             31E
                         02800-03FFF            1800
        STRING           00002-00003               2           2
                         02000-0231D             100
                         02800-03FFF             100

                                  Symbol Table

?___awtoft                               cstackBANK0  00028
?___ftadd                                cstackBANK0  0003E
?___ftdiv                                cstackBANK0  0002E
?___ftmul                                cstackBANK0  0002E
?___ftpack                               cstackBANK0  00020
?___fttol                                cstackBANK0  0004B
?___lwdiv                                cstackBANK0  00020
?___wmul                                 cstackBANK0  00020
?_getAD                                  cstackBANK0  00020
CC2500_InitPATable@loop_d                cstackBANK0  00027
CC2500_InitPATable@temp                  cstackBANK0  00026
CC2500_InitSetREG@loop_c                 cstackBANK0  00028
CC2500_InitSetREG@temp1                  cstackBANK0  00026
CC2500_InitSetREG@temp2                  cstackBANK0  00027
CC2500_ReadByte@loop_b                   cstackBANK0  00021
CC2500_ReadStatus@status_addr            cstackBANK0  00023
CC2500_RxData@loop_f                     cstackBANK0  00025
CC2500_TxData@loop_e                     cstackBANK0  00025
CC2500_WriteByte@loop_a                  cstackBANK0  00021
CC2500_WriteCommand@command              cstackBANK0  00023
CC2500_WriteREG@value                    cstackBANK0  00022
CC2500_WriteREG@w_addr                   cstackBANK0  00024
DelayOffPointSelect@sw                   cstackBANK0  00021
DelayTime_1us@count                      cstackBANK0  00020
DelayTime_1us@i                          cstackBANK0  00022
DelayTime_1us@j                          cstackBANK0  00024
DelayTimejudge@i                         cstackBANK0  00021
DelayTimejudge@value                     cstackBANK0  00022
DimmerLightsPointSelect@lights           cstackBANK0  00021
DimmerLights_Exceptions@status           cstackBANK0  0002A
DlyOff_Initialization@sw                 cstackBANK0  00022
DlyOff_Main@sw                           cstackBANK0  0002C
Flash_Memory_Initialization@i            cstackBANK0  0005E
Flash_Memory_Modify@i                    cstackBANK0  00026
Flash_Memory_Read@address                cstackBANK0  00022
Flash_Memory_Read@i                      cstackBANK0  00021
Flash_Memory_Read@ret                    cstackBANK0  00023
Flash_Memory_Write@i                     cstackBANK0  00021
LedPointSelect@led                       cstackBANK0  00021
Load_Main@i                              cstackBANK0  00031
RF_RxDisable@rf                          cstackBANK0  00024
RfPointSelect@rf                         cstackBANK0  00021
RfSWPointSelect@sw                       cstackBANK0  00021
SwPointSelect@sw                         cstackBANK0  00021
Sw_DimmerAdjFunc@sw                      cstackBANK0  00024
Sw_DimmerOffFunc@sw                      cstackBANK0  00029
Sw_DimmerOnFunc@sw                       cstackBANK0  00026
_ADCON0                                  (abs)        0009D
_ADCON1                                  (abs)        0009E
_ADC_Set                                 text51       02362
_ADRESH                                  (abs)        0009C
_ADRESL                                  (abs)        0009B
_ANSELA                                  (abs)        0018C
_ANSELB                                  (abs)        0018D
_ANSELC                                  (abs)        0018E
_Buz                                     bssCOMMON    00078
_Buz1                                    bssBANK2     00148
_Buzzer_Initialization                   text135      023B4
_Buzzer_Main                             text134      008A9
_CC2500_ClearRXFIFO                      text131      0232A
_CC2500_ClearTXFIFO                      text130      0232E
_CC2500_Enable                           bitbssCOMMON 00380
_CC2500_FrequencyCabr                    text128      02424
_CC2500_InitPATable                      text126      02736
_CC2500_InitSetREG                       text125      018C7
_CC2500_PowerOnInitial                   text122      02590
_CC2500_PowerRST                         text124      019A4
_CC2500_ReadByte                         text37       026FB
_CC2500_ReadStatus                       text36       026C4
_CC2500_RxData                           text34       01143
_CC2500_SIDLEMode                        text123      02332
_CC2500_TxData                           text33       01D38
_CC2500_WriteByte                        text133      0262B
_CC2500_WriteCommand                     text132      024C2
_CC2500_WriteREG                         text127      02644
_CC2500_patable_vaule                    stringtext   0185E
_CC2500_registers_address                stringtext   01800
_CC2500_rfSettings                       stringtext   0182F
_CFGS                                    (abs)        00CAE
_CRC                                     bssBANK1     000B7
_DelayOff                                bssBANK1     000B8
_DelayOffPointSelect                     text121      025FC
_DelayOff_Initialization                 text119      02370
_DelayOff_Main                           text105      02378
_DelayTime_1us                           text129      0187B
_DelayTimejudge                          text28       01976
_Dimmer                                  bssBANK1     000B9
_Dimmer1                                 bssBANK1     000E1
_DimmerLights                            bssBANK0     0006C
_DimmerLights1                           bssBANK2     0012E
_DimmerLights11                          bssCOMMON    00079
_DimmerLights2                           bssBANK2     0013B
_DimmerLights22                          bssCOMMON    0007A
_DimmerLightsIntr                        bssBANK1     000BA
_DimmerLightsPointSelect                 text116      02555
_DimmerLights_Close                      text92       026A9
_DimmerLights_Exceptions                 text61       011A7
_DimmerLights_Initialization             text95       025A5
_DimmerLights_Main                       text81       023E0
_Dimmer_Initialization                   text104      02354
_DlyOff_Initialization                   text120      023BF
_DlyOff_Main                             text106      013D5
_DlySw1                                  bssBANK1     000CB
_DlySw2                                  bssBANK1     000D0
_FREE                                    (abs)        00CAC
_FVRCON                                  (abs)        00117
_Flash_Memory_Erasing                    text76       02430
_Flash_Memory_Initialization             text77       00AAE
_Flash_Memory_Main                       text74       01E53
_Flash_Memory_Modify                     text75       012E9
_Flash_Memory_Read                       text80       0265D
_Flash_Memory_Unlock                     text79       02398
_Flash_Memory_Write                      text78       01A36
_GIE                                     (abs)        0005F
_GO_nDONE                                (abs)        004E9
_INTE                                    (abs)        0005C
_INTF                                    (abs)        00059
_INT_ISR                                 text141      02418
_INT_Set                                 text50       0233E
_IOCBF                                   (abs)        00396
_IOCBF2                                  (abs)        01CB2
_IOCBN                                   (abs)        00395
_IOCBP                                   (abs)        00394
_IOCIE                                   (abs)        0005B
_IOCIF                                   (abs)        00058
_IOC_ISR                                 text139      027DB
_IOC_Set                                 text49       02461
_IO_Set                                  text48       02676
_ISR                                     intentry     00004
_LATA                                    (abs)        0010C
_LATB                                    (abs)        0010D
_LATC                                    (abs)        0010E
_LED                                     bssBANK1     000BB
_LED_Initialization                      text72       0243C
_LED_Main                                text70       02448
_LWLO                                    (abs)        00CAD
_LedPointSelect                          text90       02797
_Load                                    bssBANK0     0006E
_Load1                                   bssBANK5     002A0
_Load_Initialization                     text68       02454
_Load_Main                               text56       00059
_MainT                                   text53       014CA
_MainT_Initialization                    text52       025D0
_Mcu_Initialization                      text46       02613
_Memory                                  nvBANK1      000E8
_OPTION_REG                              (abs)        00095
_OSCCON                                  (abs)        00099
_PEIE                                    (abs)        0005E
_PF                                      bssCOMMON    0007B
_PF1                                     bssBANK2     00166
_PMADRH                                  (abs)        00192
_PMADRL                                  (abs)        00191
_PMCON2                                  (abs)        00196
_PMDATH                                  (abs)        00194
_PMDATL                                  (abs)        00193
_PORTA                                   (abs)        0000C
_PORTB                                   (abs)        0000D
_PORTC                                   (abs)        0000E
_PowerFault_Initialization               text44       0231E
_PowerFault_Main                         text40       02321
_Product                                 nvBANK0      0006F
_RA0                                     (abs)        00060
_RA3                                     (abs)        00063
_RA4                                     (abs)        00064
_RA6                                     (abs)        00066
_RA7                                     (abs)        00067
_RB0                                     (abs)        00068
_RB1                                     (abs)        00069
_RB2                                     (abs)        0006A
_RB3                                     (abs)        0006B
_RB4                                     (abs)        0006C
_RB5                                     (abs)        0006D
_RC0                                     (abs)        00070
_RC1                                     (abs)        00071
_RC2                                     (abs)        00072
_RC4                                     (abs)        00074
_RC5                                     (abs)        00075
_RC7                                     (abs)        00077
_RD                                      (abs)        00CA8
_RF                                      bssCOMMON    0007C
_RF1                                     bssBANK1     000E4
_RFSW                                    bssBANK1     000BC
_RFSW1                                   bssBANK1     000E6
_RFSW2                                   bssBANK1     000E7
_RF_Count                                bssBANK1     000B5
_RF_Data                                 bssBANK1     000A0
_RF_Initialization                       text38       02336
_RF_Main                                 text21       0233A
_RF_RxDisable                            text32       0191C
_RSSI                                    bssBANK1     000BD
_Receive_GO                              bitbssCOMMON 00381
_Receive_OK                              bitbssCOMMON 00382
_RfPointSelect                           text108      023CA
_RfSWPointSelect                         text113      025BA
_RxStatus                                bitbssCOMMON 00383
_Rx_Length                               bssBANK1     000BE
_SPI0Buffer                              bssBANK1     000BF
_Sw                                      bssBANK0     0006D
_Sw1                                     bssBANK2     00154
_Sw2                                     bssBANK2     0015D
_SwPointSelect                           text110      02568
_Sw_DimmerAdjFunc                        text15       018A1
_Sw_DimmerOffFunc                        text14       01278
_Sw_DimmerOnFunc                         text13       01E0A
_Switch_Initialization                   text18       0247B
_Switch_Main                             text10       02390
_TMR0                                    (abs)        00015
_TMR0IE                                  (abs)        0005D
_TMR0IF                                  (abs)        0005A
_TMR0_ISR                                text137      00446
_TMR0_Set                                text47       0246E
_TMain                                   nvBANK1      000E9
_TRISA                                   (abs)        0008C
_TRISB                                   (abs)        0008D
_TRISC                                   (abs)        0008E
_Temp                                    bssCOMMON    0007D
_Temp1                                   bssBANK2     00120
_Temp_Initialization                     text8        02324
_Temp_Main                               text5        02327
_Timer0                                  nvBANK1      000EA
_TouchPower                              text20       02343
_Transceive_GO                           bitbssCOMMON 00384
_Transceive_OK                           bitbssCOMMON 00385
_TxStatus                                bitbssCOMMON 00386
_Tx_Length                               bssBANK1     000C0
_VarErrLED                               bssBANK1     000D5
_VarLED1                                 bssBANK1     000D9
_VarLED2                                 bssBANK1     000DD
_VarMemory                               bssBANK4     00220
_VarProduct                              dataBANK3    001A0
_VarTMain                                bssBANK3     001C0
_VarTimer0                               bssBANK1     000C4
_WPUB0                                   (abs)        01068
_WPUB1                                   (abs)        01069
_WPUB2                                   (abs)        0106A
_WR                                      (abs)        00CA9
_WREN                                    (abs)        00CAA
__CFG_BOREN$OFF                          (abs)        00000
__CFG_FOSC$INTOSC                        (abs)        00000
__CFG_WDTE$OFF                           (abs)        00000
__CFG_WRT$BOOT                           (abs)        00000
__Habs1                                  abs1         00000
__Hbank0                                 bank0        00000
__Hbank1                                 bank1        00000
__Hbank10                                bank10       00000
__Hbank11                                bank11       00000
__Hbank12                                bank12       00000
__Hbank13                                bank13       00000
__Hbank14                                bank14       00000
__Hbank15                                bank15       00000
__Hbank16                                bank16       00000
__Hbank17                                bank17       00000
__Hbank18                                bank18       00000
__Hbank19                                bank19       00000
__Hbank2                                 bank2        00000
__Hbank20                                bank20       00000
__Hbank21                                bank21       00000
__Hbank22                                bank22       00000
__Hbank23                                bank23       00000
__Hbank24                                bank24       00000
__Hbank25                                bank25       00000
__Hbank26                                bank26       00000
__Hbank27                                bank27       00000
__Hbank28                                bank28       00000
__Hbank29                                bank29       00000
__Hbank3                                 bank3        00000
__Hbank30                                bank30       00000
__Hbank31                                bank31       00000
__Hbank4                                 bank4        00000
__Hbank5                                 bank5        00000
__Hbank6                                 bank6        00000
__Hbank7                                 bank7        00000
__Hbank8                                 bank8        00000
__Hbank9                                 bank9        00000
__Hbigram                                bigram       00000
__HbitbssCOMMON                          bitbssCOMMON 00000
__HbssBANK0                              bssBANK0     00000
__HbssBANK1                              bssBANK1     00000
__HbssBANK2                              bssBANK2     00000
__HbssBANK3                              bssBANK3     00000
__HbssBANK4                              bssBANK4     00000
__HbssBANK5                              bssBANK5     00000
__HbssCOMMON                             bssCOMMON    00000
__Hcinit                                 cinit        00059
__Hclrtext                               clrtext      00000
__Hcode                                  code         00000
__Hcommon                                common       00000
__Hconfig                                config       08009
__HcstackBANK0                           cstackBANK0  00000
__HcstackCOMMON                          cstackCOMMON 00000
__HdataBANK3                             dataBANK3    00000
__Heeprom_data                           eeprom_data  00000
__Hend_init                              end_init     00018
__Hfunctab                               functab      00000
__HidataBANK3                            idataBANK3   00000
__Hidloc                                 idloc        00000
__Hinit                                  init         00016
__Hinittext                              inittext     00000
__Hintentry                              intentry     00016
__Hmaintext                              maintext     00000
__HnvBANK0                               nvBANK0      00000
__HnvBANK1                               nvBANK1      00000
__Hpowerup                               powerup      00000
__Hram                                   ram          00000
__Hreset_vec                             reset_vec    00002
__Hsfr0                                  sfr0         00000
__Hsfr1                                  sfr1         00000
__Hsfr10                                 sfr10        00000
__Hsfr11                                 sfr11        00000
__Hsfr12                                 sfr12        00000
__Hsfr13                                 sfr13        00000
__Hsfr14                                 sfr14        00000
__Hsfr15                                 sfr15        00000
__Hsfr16                                 sfr16        00000
__Hsfr17                                 sfr17        00000
__Hsfr18                                 sfr18        00000
__Hsfr19                                 sfr19        00000
__Hsfr2                                  sfr2         00000
__Hsfr20                                 sfr20        00000
__Hsfr21                                 sfr21        00000
__Hsfr22                                 sfr22        00000
__Hsfr23                                 sfr23        00000
__Hsfr24                                 sfr24        00000
__Hsfr25                                 sfr25        00000
__Hsfr26                                 sfr26        00000
__Hsfr27                                 sfr27        00000
__Hsfr28                                 sfr28        00000
__Hsfr29                                 sfr29        00000
__Hsfr3                                  sfr3         00000
__Hsfr30                                 sfr30        00000
__Hsfr31                                 sfr31        00000
__Hsfr4                                  sfr4         00000
__Hsfr5                                  sfr5         00000
__Hsfr6                                  sfr6         00000
__Hsfr7                                  sfr7         00000
__Hsfr8                                  sfr8         00000
__Hsfr9                                  sfr9         00000
__Hspace_0                               (abs)        08009
__Hspace_1                               (abs)        00387
__Hspace_2                               (abs)        00000
__Hspace_3                               (abs)        00000
__Hstack                                 stack        00000
__Hstrings                               strings      00000
__Hstringtext                            stringtext   00000
__Htext                                  text         00000
__Labs1                                  abs1         00000
__Lbank0                                 bank0        00000
__Lbank1                                 bank1        00000
__Lbank10                                bank10       00000
__Lbank11                                bank11       00000
__Lbank12                                bank12       00000
__Lbank13                                bank13       00000
__Lbank14                                bank14       00000
__Lbank15                                bank15       00000
__Lbank16                                bank16       00000
__Lbank17                                bank17       00000
__Lbank18                                bank18       00000
__Lbank19                                bank19       00000
__Lbank2                                 bank2        00000
__Lbank20                                bank20       00000
__Lbank21                                bank21       00000
__Lbank22                                bank22       00000
__Lbank23                                bank23       00000
__Lbank24                                bank24       00000
__Lbank25                                bank25       00000
__Lbank26                                bank26       00000
__Lbank27                                bank27       00000
__Lbank28                                bank28       00000
__Lbank29                                bank29       00000
__Lbank3                                 bank3        00000
__Lbank30                                bank30       00000
__Lbank31                                bank31       00000
__Lbank4                                 bank4        00000
__Lbank5                                 bank5        00000
__Lbank6                                 bank6        00000
__Lbank7                                 bank7        00000
__Lbank8                                 bank8        00000
__Lbank9                                 bank9        00000
__Lbigram                                bigram       00000
__LbitbssCOMMON                          bitbssCOMMON 00000
__LbssBANK0                              bssBANK0     00000
__LbssBANK1                              bssBANK1     00000
__LbssBANK2                              bssBANK2     00000
__LbssBANK3                              bssBANK3     00000
__LbssBANK4                              bssBANK4     00000
__LbssBANK5                              bssBANK5     00000
__LbssCOMMON                             bssCOMMON    00000
__Lcinit                                 cinit        00018
__Lclrtext                               clrtext      00000
__Lcode                                  code         00000
__Lcommon                                common       00000
__Lconfig                                config       08007
__LcstackBANK0                           cstackBANK0  00000
__LcstackCOMMON                          cstackCOMMON 00000
__LdataBANK3                             dataBANK3    00000
__Leeprom_data                           eeprom_data  00000
__Lend_init                              end_init     00016
__Lfunctab                               functab      00000
__LidataBANK3                            idataBANK3   00000
__Lidloc                                 idloc        00000
__Linit                                  init         00016
__Linittext                              inittext     00000
__Lintentry                              intentry     00004
__Lmaintext                              maintext     00000
__LnvBANK0                               nvBANK0      00000
__LnvBANK1                               nvBANK1      00000
__Lpowerup                               powerup      00000
__Lram                                   ram          00000
__Lreset_vec                             reset_vec    00000
__Lsfr0                                  sfr0         00000
__Lsfr1                                  sfr1         00000
__Lsfr10                                 sfr10        00000
__Lsfr11                                 sfr11        00000
__Lsfr12                                 sfr12        00000
__Lsfr13                                 sfr13        00000
__Lsfr14                                 sfr14        00000
__Lsfr15                                 sfr15        00000
__Lsfr16                                 sfr16        00000
__Lsfr17                                 sfr17        00000
__Lsfr18                                 sfr18        00000
__Lsfr19                                 sfr19        00000
__Lsfr2                                  sfr2         00000
__Lsfr20                                 sfr20        00000
__Lsfr21                                 sfr21        00000
__Lsfr22                                 sfr22        00000
__Lsfr23                                 sfr23        00000
__Lsfr24                                 sfr24        00000
__Lsfr25                                 sfr25        00000
[...]
 This function calls:
		_INT_ISR
		_IOC_ISR
		_TMR0_ISR
 This function is called by:
		Interrupt level 1
 This function uses a non-reentrant model


 *************** function _TMR0_ISR *****************
 Defined at:
		line 82 in file "C:\Users\taianluo\Documents\GitHub\myPicCode\Source_File\MCU_16f1518_B1.c"
 Parameters:    Size  Location     Type
		None
 Auto vars:     Size  Location     Type
		None
 Return value:  Size  Location     Type
		None               void
 Registers used:
		wreg, fsr0l, fsr0h, fsr1l, fsr1h, status,2, status,0, pclath, cstack
 Tracked objects:
		On entry : 
		On exit  : 
		Unchanged: 
 Data sizes:     COMMON   BANK0   BANK1   BANK2   BANK3   BANK4   BANK5   BANK6   BANK7   BANK8   BANK9  BANK10  BANK11  BANK12
      Params:         0       0       0       0       0       0       0       0       0       0       0       0       0       0
      Locals:         0       0       0       0       0       0       0       0       0       0       0       0       0       0
      Temps:          4       0       0       0       0       0       0       0       0       0       0       0       0       0
      Totals:         4       0       0       0       0       0       0       0       0       0       0       0       0       0
Total ram usage:        4 bytes
 Hardware stack levels used:    1
 Hardware stack levels required when called:    1
 This function calls:
		i1_setLoad_StatusOff
 This function is called by:
		_ISR
 This function uses a non-reentrant model


 *************** function i1_setLoad_StatusOff *****************
 Defined at:
		line 279 in file "C:\Users\taianluo\Documents\GitHub\myPicCode\Source_File\OverLoad_B1.c"
 Parameters:    Size  Location     Type
  lights          1    wreg     unsigned char 
  command         1    0[COMMON] unsigned char 
 Auto vars:     Size  Location     Type
  lights          1    1[COMMON] unsigned char 
 Return value:  Size  Location     Type
		None               void
 Registers used:
		wreg, fsr1l, fsr1h, status,2, status,0
 Tracked objects:
		On entry : 
		On exit  : 
		Unchanged: 
 Data sizes:     COMMON   BANK0   BANK1   BANK2   BANK3   BANK4   BANK5   BANK6   BANK7   BANK8   BANK9  BANK10  BANK11  BANK12
      Params:         1       0       0       0       0       0       0       0       0       0       0       0       0       0
      Locals:         1       0       0       0       0       0       0       0       0       0       0       0       0       0
      Temps:          0       0       0       0       0       0       0       0       0       0       0       0       0       0
      Totals:         2       0       0       0       0       0       0       0       0       0       0       0       0       0
Total ram usage:        2 bytes
 Hardware stack levels used:    1
 This function calls:
		Nothing
 This function is called by:
		_TMR0_ISR
 This function uses a non-reentrant model


 *************** function _IOC_ISR *****************
 Defined at:
		line 267 in file "C:\Users\taianluo\Documents\GitHub\myPicCode\Source_File\MCU_16f1518_B1.c"
 Parameters:    Size  Location     Type
		None
 Auto vars:     Size  Location     Type
		None
 Return value:  Size  Location     Type
		None               void
 Registers used:
		wreg, fsr1l, fsr1h, status,2, status,0, pclath, cstack
 Tracked objects:
		On entry : 
		On exit  : 
		Unchanged: 
 Data sizes:     COMMON   BANK0   BANK1   BANK2   BANK3   BANK4   BANK5   BANK6   BANK7   BANK8   BANK9  BANK10  BANK11  BANK12
      Params:         0       0       0       0       0       0       0       0       0       0       0       0       0       0
      Locals:         0       0       0       0       0       0       0       0       0       0       0       0       0       0
      Temps:          1       0       0       0       0       0       0       0       0       0       0       0       0       0
      Totals:         1       0       0       0       0       0       0       0       0       0       0       0       0       0
Total ram usage:        1 bytes
 Hardware stack levels used:    1
 Hardware stack levels required when called:    1
 This function calls:
		_setDimmerReClock
 This function is called by:
		_ISR
 This function uses a non-reentrant model


 *************** function _setDimmerReClock *****************
 Defined at:
		line 129 in file "C:\Users\taianluo\Documents\GitHub\myPicCode\Source_File\MCU_16f1518_B1.c"
 Parameters:    Size  Location     Type
		None
 Auto vars:     Size  Location     Type
		None
 Return value:  Size  Location     Type
		None               void
 Registers used:
		wreg, fsr1l, fsr1h
 Tracked objects:
		On entry : 
		On exit  : 
		Unchanged: 
 Data sizes:     COMMON   BANK0   BANK1   BANK2   BANK3   BANK4   BANK5   BANK6   BANK7   BANK8   BANK9  BANK10  BANK11  BANK12
      Params:         0       0       0       0       0       0       0       0       0       0       0       0       0       0
      Locals:         0       0       0       0       0       0       0       0       0       0       0       0       0       0
      Temps:          0       0       0       0       0       0       0       0       0       0       0       0       0       0
      Totals:         0       0       0       0       0       0       0       0       0       0       0       0       0       0
Total ram usage:        0 bytes
 Hardware stack levels used:    1
 This function calls:
		Nothing
 This function is called by:
		_IOC_ISR
 This function uses a non-reentrant model


 *************** function _INT_ISR *****************
 Defined at:
		line 225 in file "C:\Users\taianluo\Documents\GitHub\myPicCode\Source_File\MCU_16f1518_B1.c"
 Parameters:    Size  Location     Type
		None
 Auto vars:     Size  Location     Type
		None
 Return value:  Size  Location     Type
		None               void
 Registers used:
		wreg, fsr1l, fsr1h, status,2, status,0, pclath, cstack
 Tracked objects:
		On entry : 
		On exit  : 
		Unchanged: 
 Data sizes:     COMMON   BANK0   BANK1   BANK2   BANK3   BANK4   BANK5   BANK6   BANK7   BANK8   BANK9  BANK10  BANK11  BANK12
      Params:         0       0       0       0       0       0       0       0       0       0       0       0       0       0
      Locals:         0       0       0       0       0       0       0       0       0       0       0       0       0       0
      Temps:          0       0       0       0       0       0       0       0       0       0       0       0       0       0
      Totals:         0       0       0       0       0       0       0       0       0       0       0       0       0       0
Total ram usage:        0 bytes
 Hardware stack levels used:    1
 Hardware stack levels required when called:    2
 This function calls:
		_setRF_ReceiveGO
 This function is called by:
		_ISR
 This function uses a non-reentrant model


 *************** function _setRF_ReceiveGO *****************
 Defined at:
		line 37 in file "C:\Users\taianluo\Documents\GitHub\myPicCode\Source_File\RF_Control_B1.c"
 Parameters:    Size  Location     Type
  rf              1    wreg     unsigned char 
  command         1    2[COMMON] unsigned char 
 Auto vars:     Size  Location     Type
  rf              1    3[COMMON] unsigned char 
 Return value:  Size  Location     Type
		None               void
 Registers used:
		wreg, fsr1l, fsr1h, status,2, status,0, pclath, cstack
 Tracked objects:
		On entry : 
		On exit  : 
		Unchanged: 
 Data sizes:     COMMON   BANK0   BANK1   BANK2   BANK3   BANK4   BANK5   BANK6   BANK7   BANK8   BANK9  BANK10  BANK11  BANK12
      Params:         1       0       0       0       0       0       0       0       0       0       0       0       0       0
      Locals:         1       0       0       0       0       0       0       0       0       0       0       0       0       0
      Temps:          0       0       0       0       0       0       0       0       0       0       0       0       0       0
      Totals:         2       0       0       0       0       0       0       0       0       0       0       0       0       0
Total ram usage:        2 bytes
 Hardware stack levels used:    1
 Hardware stack levels required when called:    1
 This function calls:
		i1_RfPointSelect
 This function is called by:
		_INT_ISR
 This function uses a non-reentrant model


 *************** function i1_RfPointSelect *****************
 Defined at:
		line 7 in file "C:\Users\taianluo\Documents\GitHub\myPicCode\Source_File\RF_Control_B1.c"
 Parameters:    Size  Location     Type
  rf              1    wreg     unsigned char 
 Auto vars:     Size  Location     Type
  rf              1    1[COMMON] unsigned char 
 Return value:  Size  Location     Type
		None               void
 Registers used:
		wreg
 Tracked objects:
		On entry : 
		On exit  : 
		Unchanged: 
 Data sizes:     COMMON   BANK0   BANK1   BANK2   BANK3   BANK4   BANK5   BANK6   BANK7   BANK8   BANK9  BANK10  BANK11  BANK12
      Params:         0       0       0       0       0       0       0       0       0       0       0       0       0       0
      Locals:         1       0       0       0       0       0       0       0       0       0       0       0       0       0
      Temps:          1       0       0       0       0       0       0       0       0       0       0       0       0       0
      Totals:         2       0       0       0       0       0       0       0       0       0       0       0       0       0
Total ram usage:        2 bytes
 Hardware stack levels used:    1
 This function calls:
		Nothing
 This function is called by:
		_setRF_ReceiveGO
 This function uses a non-reentrant model



MODULE INFORMATION

Module		Function		Class		Link	Load	Size
C:\Program Files (x86)\Microchip\xc8\v1.32\sources\common\float.c
		___ftpack      		CODE           	1081	0000	97

C:\Program Files (x86)\Microchip\xc8\v1.32\sources\common\float.c estimated size: 97

C:\Program Files (x86)\Microchip\xc8\v1.32\sources\common\awtoft.c
		___awtoft      		CODE           	2775	0000	34

C:\Program Files (x86)\Microchip\xc8\v1.32\sources\common\awtoft.c estimated size: 34

C:\Users\taianluo\Documents\GitHub\myPicCode\Source_File\PowerFault_B1.c
		_getPF_Safe    		CODE           	2380	0000	8
		_setPowerFault_		CODE           	2512	0000	16
		_PowerFault_Mai		CODE           	2321	0000	3
		_setPowerFault_		CODE           	0C7C	0000	270
		_getPowerFault_		CODE           	1C71	0000	65
		_PowerFault_Ini		CODE           	231E	0000	3
		_setPowerFault_		CODE           	1B78	0000	58

C:\Users\taianluo\Documents\GitHub\myPicCode\Source_File\PowerFault_B1.c estimated size: 423

C:\Program Files (x86)\Microchip\xc8\v1.32\sources\common\ftmul.c
		___ftmul       		CODE           	09FA	0000	180

C:\Program Files (x86)\Microchip\xc8\v1.32\sources\common\ftmul.c estimated size: 180

C:\Users\taianluo\Documents\GitHub\myPicCode\Source_File\OverTemperature_B1.c
		_Temp_Initializ		CODE           	2324	0000	3
		_Temp_Main     		CODE           	2327	0000	3
		_setOverTemp_Ex		CODE           	1B05	0000	57
		_setTemp_Initia		CODE           	2401	0000	11
		_getTemp_AD    		CODE           	120C	0000	108
		_getTemp_Safe  		CODE           	235B	0000	7
		_setTemp_Main  		CODE           	0D8A	0000	291
		_setTemp_Enable		CODE           	23EB	0000	11

C:\Users\taianluo\Documents\GitHub\myPicCode\Source_File\OverTemperature_B1.c estimated size: 491

C:\Users\taianluo\Documents\GitHub\myPicCode\Source_File\RF_Control_B1.c
		_RF_Initializat		CODE           	2336	0000	4
		_setRF_ReceiveG		CODE           	240C	0000	12
		_getRxData     		CODE           	1EA1	0000	82
		_setRF_Main    		CODE           	1546	0000	129
		_setRFSW_Status		CODE           	24A4	0000	15
		_setRF_DimmerVa		CODE           	1A99	0000	53
		_setRF_Initiali		CODE           	2369	0000	7
		_setTxData     		CODE           	1948	0000	46
		_setRFSW_Contro		CODE           	0810	0000	153
		_setRF_Learn   		CODE           	2496	0000	14
		_RF_Main       		CODE           	233A	0000	4
		_setRFSW_AdjCon		CODE           	1C31	0000	64
		_setRF_Enable  		CODE           	1B3E	0000	58
		_setRF_DimmerLi		CODE           	1F4A	0000	91
		_setControl_Lig		CODE           	16D7	0000	147
		_setLog_Code   		CODE           	1DC2	0000	72
		_RF_RxDisable  		CODE           	191C	0000	44
		_setRF_RxStatus		CODE           	2488	0000	14
		_RfSWPointSelec		CODE           	25BA	0000	22
		_RfPointSelect 		CODE           	23CA	0000	11

C:\Users\taianluo\Documents\GitHub\myPicCode\Source_File\RF_Control_B1.c estimated size: 1042

C:\Users\taianluo\Documents\GitHub\myPicCode\Source_File\Buzzer_B1.c
		_Buzzer_Main   		CODE           	08A9	0000	168
		_setBuz        		CODE           	135E	0000	119
		_Buzzer_Initial		CODE           	23B4	0000	11

C:\Users\taianluo\Documents\GitHub\myPicCode\Source_File\Buzzer_B1.c estimated size: 298

C:\Program Files (x86)\Microchip\xc8\v1.32\sources\common\fttol.c
		___fttol       		CODE           	15C7	0000	135

C:\Program Files (x86)\Microchip\xc8\v1.32\sources\common\fttol.c estimated size: 135

C:\Users\taianluo\Documents\GitHub\myPicCode\Source_File\LED_B1.c
		_setLED        		CODE           	1023	0000	94
		_LED_Main      		CODE           	2448	0000	12
		_setLED_Initial		CODE           	2532	0000	17
		_LedPointSelect		CODE           	2797	0000	34
		_setLED_Main   		CODE           	1BF1	0000	64
		_LED_Initializa		CODE           	243C	0000	12

C:\Users\taianluo\Documents\GitHub\myPicCode\Source_File\LED_B1.c estimated size: 233

C:\Users\taianluo\Documents\GitHub\myPicCode\Source_File\CC2500_B1.c
		_DelayTime_1us 		CODE           	187B	0000	38
		_CC2500_Frequen		CODE           	2424	0000	12
		_CC2500_SIDLEMo		CODE           	2332	0000	4
		_CC2500_PowerOn		CODE           	2590	0000	21
		_CC2500_WriteBy		CODE           	262B	0000	25
		_CC2500_RxData 		CODE           	1143	0000	100
		_CC2500_TxData 		CODE           	1D38	0000	68
		_CC2500_ClearRX		CODE           	232A	0000	4
		_CC2500_ClearTX		CODE           	232E	0000	4
		_CC2500_InitPAT		CODE           	2736	0000	31
		_CC2500_WriteRE		CODE           	2644	0000	25
		_CC2500_ReadSta		CODE           	26C4	0000	27
		_CC2500_PowerRS		CODE           	19A4	0000	48
		_CC2500_ReadByt		CODE           	26FB	0000	29
		_CC2500_InitSet		CODE           	18C7	0000	42
		_CC2500_WriteCo		CODE           	24C2	0000	16

C:\Users\taianluo\Documents\GitHub\myPicCode\Source_File\CC2500_B1.c estimated size: 494

C:\Program Files (x86)\Microchip\xc8\v1.32\sources\common\lwdiv.c
		___lwdiv       		CODE           	1ACE	0000	55

C:\Program Files (x86)\Microchip\xc8\v1.32\sources\common\lwdiv.c estimated size: 55

C:\Program Files (x86)\Microchip\xc8\v1.32\sources\common\ftadd.c
		___ftadd       		CODE           	0B86	0000	246

C:\Program Files (x86)\Microchip\xc8\v1.32\sources\common\ftadd.c estimated size: 246

C:\Program Files (x86)\Microchip\xc8\v1.32\sources\common\Umul16.c
		___wmul        		CODE           	2718	0000	30

C:\Program Files (x86)\Microchip\xc8\v1.32\sources\common\Umul16.c estimated size: 30

shared
		_CC2500_patable		STRCODE        	185E	0000	8
		i1_setLoad_Stat		CODE           	19D4	0000	49
		_CC2500_rfSetti		STRCODE        	182F	0000	47
		__initializatio		CODE           	0018	0000	61
		i1_RfPointSelec		CODE           	23AA	0000	10
		_CC2500_registe		STRCODE        	1800	0000	47

shared estimated size: 222

C:\Users\taianluo\Documents\GitHub\myPicCode\Source_File\OverLoad_B1.c
		_setLoad_Except		CODE           	1CF4	0000	68
		_getLoad_AD    		CODE           	176A	0000	150
		_getLoad_Safe  		CODE           	23F6	0000	11
		_setLoad_GO    		CODE           	23D5	0000	11
		_setLoad_Status		CODE           	1A67	0000	50
		_setLoad_Count 		CODE           	1866	0000	21
		_setLoad_Status		CODE           	1A05	0000	49
		_setLoad_Enable		CODE           	2502	0000	16
		_Load_Initializ		CODE           	2454	0000	13
		_Load_Main     		CODE           	0059	0000	1005
		_setLoad_AH_AL_		CODE           	27B9	0000	34

C:\Users\taianluo\Documents\GitHub\myPicCode\Source_File\OverLoad_B1.c estimated size: 1428

C:\Users\taianluo\Documents\GitHub\myPicCode\Source_File\DelayOff_B1.c
		_DelayOff_Initi		CODE           	2370	0000	8
		_DlyOff_Main   		CODE           	13D5	0000	121
		_DelayTimejudge		CODE           	1976	0000	46
		_DelayOff_Main 		CODE           	2378	0000	8
		_DelayOffPointS		CODE           	25FC	0000	23
		_setDelayOff_GO		CODE           	1BB2	0000	63
		_DlyOff_Initial		CODE           	23BF	0000	11

C:\Users\taianluo\Documents\GitHub\myPicCode\Source_File\DelayOff_B1.c estimated size: 280

C:\Users\taianluo\Documents\GitHub\myPicCode\Source_File\main.c
		_MainT_Initiali		CODE           	25D0	0000	22
		_main          		CODE           	0791	0000	111
		_MainT         		CODE           	14CA	0000	124

C:\Users\taianluo\Documents\GitHub\myPicCode\Source_File\main.c estimated size: 257

C:\Users\taianluo\Documents\GitHub\myPicCode\Source_File\Switch_B1.c
		_Sw_DimmerAdjFu		CODE           	18A1	0000	38
		_Sw_DimmerOffFu		CODE           	1278	0000	113
		_Switch_Main   		CODE           	2390	0000	8
		_setSw_Enable  		CODE           	26DF	0000	28
		_SwPointSelect 		CODE           	2568	0000	20
		_Sw_DimmerOnFun		CODE           	1E0A	0000	73
		_TouchPower    		CODE           	2343	0000	5
		_setSw_Main    		CODE           	0EAD	0000	339
		_setSw_Initiali		CODE           	2388	0000	8
		_Switch_Initial		CODE           	247B	0000	13
		_setSw_Status  		CODE           	24B3	0000	15

C:\Users\taianluo\Documents\GitHub\myPicCode\Source_File\Switch_B1.c estimated size: 660

C:\Program Files (x86)\Microchip\xc8\v1.32\sources\pic\ftdiv.c
		___ftdiv       		CODE           	0951	0000	169

C:\Program Files (x86)\Microchip\xc8\v1.32\sources\pic\ftdiv.c estimated size: 169

C:\Users\taianluo\Documents\GitHub\myPicCode\Source_File\MCU_16f1518_B1.c
		_IO_Set        		CODE           	2676	0000	25
		_ADC_Set       		CODE           	2362	0000	7
		_IOC_ISR       		CODE           	27DB	0000	37
		_INT_Set       		CODE           	233E	0000	5
		_ISR           		CODE           	0004	0000	18
		_Flash_Memory_W		CODE           	1A36	0000	49
		_Flash_Memory_M		CODE           	12E9	0000	117
		_setINT_GO     		CODE           	23A1	0000	9
		_IOC_Set       		CODE           	2461	0000	13
		_Mcu_Initializa		CODE           	2613	0000	24
		_Flash_Memory_I		CODE           	0AAE	0000	216
		_getAD         		CODE           	25E6	0000	22
		_TMR0_Set      		CODE           	246E	0000	13
		_Flash_Memory_U		CODE           	2398	0000	9
		_INT_ISR       		CODE           	2418	0000	12
		_TMR0_ISR      		CODE           	0446	0000	843
		_Flash_Memory_R		CODE           	265D	0000	25
		_Flash_Memory_E		CODE           	2430	0000	12
		_setDimmerReClo		CODE           	268F	0000	26
		_Flash_Memory_M		CODE           	1E53	0000	78

C:\Users\taianluo\Documents\GitHub\myPicCode\Source_File\MCU_16f1518_B1.c estimated size: 1560

C:\Users\taianluo\Documents\GitHub\myPicCode\Source_File\Dimmer_B1.c
		_DimmerLightsPo		CODE           	2555	0000	19
		_getDimmerLight		CODE           	2543	0000	18
		_DimmerLights_M		CODE           	23E0	0000	11
		_setDimmerLight		CODE           	24F2	0000	16
		_setDimmerLight		CODE           	10E2	0000	97
		_getDimmerLight		CODE           	257C	0000	20
		_setDimmerLight		CODE           	144E	0000	124
		_setDimmerLight		CODE           	1000	0000	35
		_getPercentValu		CODE           	1FA5	0000	91
		_DimmerLights_C		CODE           	26A9	0000	27
		_setDimmerLight		CODE           	2522	0000	16
		_setDimmerLight		CODE           	24E2	0000	16
		_setDimmerLight		CODE           	0800	0000	16
		_setPercentValu		CODE           	1D7C	0000	70
		_setDimmerLight		CODE           	1CB2	0000	66
		_DimmerLights_E		CODE           	11A7	0000	101
		_setDimmerLight		CODE           	18F1	0000	43
		_setDimmerLight		CODE           	24D2	0000	16
		_Dimmer_Initial		CODE           	2354	0000	7
		_DimmerLights_I		CODE           	25A5	0000	21
		_setDimmerLight		CODE           	164E	0000	137
		_setDimmerLight		CODE           	1EF3	0000	87

C:\Users\taianluo\Documents\GitHub\myPicCode\Source_File\Dimmer_B1.c estimated size: 1054

